03-29 18:48:48.789  4987  5171 I FontLog : (REDACTED) Pulling font file for id = %d, cache size = %d
03-29 18:48:48.796  4987  5171 I FontLog : (REDACTED) Pulling font file for id = %d, cache size = %d
03-29 18:48:48.954 25850 25925 W YT.codecreuse: Codec released via internal release.
03-29 18:48:48.955 25850 28033 D SurfaceUtils: connecting to surface 0xb400007652e0bca0, reason connectToSurface
03-29 18:48:48.955 25850 28033 I MediaCodec: [c2.google.av1.decoder] setting surface generation to 26470414
03-29 18:48:48.955 25850 28033 D SurfaceUtils: disconnecting from surface 0xb400007652e0bca0, reason connectToSurface(reconnect)
03-29 18:48:48.955 25850 28033 D SurfaceUtils: connecting to surface 0xb400007652e0bc90, reason connectToSurface(reconnect-with-listener)
03-29 18:48:48.956 25850 28033 D GraphicsTracker: new surface in configuration: maxDequeueRequested(0), maxDequeueCommitted(19)
03-29 18:48:48.956 25850 28033 D GraphicsTracker: new surface configured with id:111024904601617 gen:26470414 maxDequeue:19
03-29 18:48:48.956 25850 28033 D GraphicsTracker: maxDequeueCount is already 19
03-29 18:48:48.956 25850 28033 D Codec2Client: setOutputSurface -- generation=26470414 consumer usage=0x900
03-29 18:48:48.956 25850 28033 D SurfaceUtils: disconnecting from surface 0xb400007652d51e80, reason disconnectFromSurface
03-29 18:48:48.956 25850 28033 D CCodecBufferChannel: [c2.google.av1.decoder#769] MediaCodec discarded an unknown buffer
03-29 18:48:48.957 25850 28033 D CCodecBufferChannel: [c2.google.av1.decoder#769] MediaCodec discarded an unknown buffer
03-29 18:48:48.957 25850 28033 D CCodecBufferChannel: [c2.google.av1.decoder#769] MediaCodec discarded an unknown buffer
03-29 18:48:48.957 25850 28033 D CCodecBufferChannel: [c2.google.av1.decoder#769] MediaCodec discarded an unknown buffer
03-29 18:48:48.964 25850 28033 D SurfaceUtils: disconnecting from surface 0xb400007652e0bca0, reason disconnectFromSurface
03-29 18:48:49.295 28095 28095 D data    : 500101001
03-29 18:48:49.347 28095 28095 D data    : GeoJsonWrapper(type=FeatureCollection, features=[GeoJsonFeature(type=Feature, geometry=Geometry(type=Point, coordinates=[121.5436, 25.02605]), properties=YouBikeStation(id=500101001, stationName=YouBike2.0_捷運科技大樓站, district=大安區, lastUpdate=2026-03-29 18:47:01, address=復興南路二段235號前, stationNameEn=YouBike2.0_MRT Technology Bldg. Sta., addressEn=No.235， Sec. 2， Fuxing S. Rd., totalBikes=28, availableBikes=5, availableReturns=23, latitude=25.02605, longitude=121.5436, act=1)), GeoJsonFeature(type=Feature, geometry=Geometry(type=Point, coordinates=[121.54357, 25.02565]), properties=YouBikeStation(id=500101002, stationName=YouBike2.0_復興南路二段273號前, district=大安區, lastUpdate=2026-03-29 18:47:01, address=復興南路二段273號西側, stationNameEn=YouBike2.0_No.273， Sec. 2， Fuxing S. Rd., addressEn=No.273， Sec. 2， Fuxing S. Rd. (West), totalBikes=21, availableBikes=4, availableReturns=16, latitude=25.02565, longitude=121.54357, act=1)), GeoJsonFeature(type=Feature, geometry=Geometry(type=Point, coordinates=[121.54124, 25.02429]), properties=YouBikeStation(id=500101003, stationName=YouBike2.0_國北教大實小東側門, district=大安區, lastUpdate=2026-03-29 18:43:02, address=和平東路二段96巷7號, stationNameEn=YouBike2.0_NTUE Experiment Elementary School (East), addressEn=No. 7， Ln. 96， Sec. 2， Heping E. Rd, totalBikes=28, availableBikes=16, availableReturns=12, latitude=25.02429, longitude=121.54124, act=1)), GeoJsonFeature(type=Feature, geometry=Geometry(type=Point, coordinates=[121.54282, 25.02351]), properties=YouBikeStation(id=500101004, stationName=YouBike2.0_和平公園東側, district=大安區, lastUpdate=2026-03-29 18:47:01, address=和平東路二段118巷33號, stationNameEn=YouBike2.0_Heping Park (East), addressEn=No. 33， Ln. 118， Sec. 2， Heping E. Rd, totalBikes=11, availableBikes=7, availableReturns=3, latitude=25.02351, longitude=121.54282, act=1)), GeoJsonFeature(type=Feature, geometry=Geometry(type=Point, coordinates=[121.54299, 25.02153]), properties=YouBikeStation(id=500101005, stationName=YouBike2.0_辛亥復興路口西北側, district=大安區, lastUpdate=2026-03-29 18:37:03, address=復興南路二段368號, stationNameEn=YouBike2.0_Xinhai Fuxing Rd. Intersection (Northwest), addressEn=No. 368， Sec. 2， Fuxing S. Rd., totalBikes=16, availableBikes=16, availableReturns=0, latitude=25.02153, longitude=121.54299, act=1)), GeoJsonFeature(type=Feature, geometry=Geometry(type=Point, coordinates=[121.54328, 25.02429]), properties=YouBikeStation(id=500101006, stationName=YouBike2.0_復興南路二段280號前, district=大安區, lastUpdate=2026-03-29 18:47:01, address=復興南路二段280號, stationNameEn=YouBike2.0_No. 280， Sec. 2， Fuxing S. Rd., addressEn=No. 280， Sec. 2， Fuxing S. Rd., totalBikes=27, availableBikes=18, availableReturns=9, latitude=25.02429, longitude=121.54328, act=1)), GeoJsonFeature(type=Feature, geometry=Geometry(type=Point, coordinates=[121.54326, 25.02253]), properties=YouBikeStation(id=500101007, stationName=YouBike2.0_復興南路二段340巷口, district=大安區, lastUpdate=2026-03-29 18:41:04, address=復興南路二段342號, stationNameEn=YouBike2.0_Ln. 340， Sec. 2， Fuxing S. Rd., addressEn=No. 342， Sec. 2， Fuxing S. Rd., totalBikes=11, availableBikes=3, availableReturns=8, latitude=25.02253, longitude=121.54326, act=1)), GeoJsonFeature(type=Feature, geometry=Geometry(type=Point, coordinates=[121.53407, 25.02112]), properties=YouBikeStation(id=500101008, stationName=YouBike2.0_新生南路三段52號前, district=大安區, lastUpdate=2026-03-29 18:46:03, address=新生南路三段52號, stationNameEn=YouBike2.0_No. 52， Sec. 3， Xinsheng S. Rd., addressEn=No. 52， Sec. 3， Xinsheng S. Rd., totalBikes=17, availableBikes=5, availableReturns=12, latitude=25.02112, longitude=121.53407, act=1)), GeoJsonFeature(type=Feature, geometry=Geometry(type=Point, coordinates=[121.53384, 25.01976]), properties=YouBikeStation(id=500101009, stati
03-29 18:48:49.452  1580  1948 D HintManagerService: Starts cleaning for 10198
03-29 18:48:49.568  9587  9598 I pixel-thermal: disp_therm:33.731 raw data: disp_therm:33731 
03-29 18:48:49.568  9587  9598 I pixel-thermal: VIRTUAL-USB-UI:0 raw data: VIRTUAL-USB-UI:0 
03-29 18:48:49.568  9587  9598 I pixel-thermal: btmspkr_therm:33.397 raw data: btmspkr_therm:33397 
03-29 18:48:49.568  9587  9598 I pixel-thermal: usb_pwr_therm:33.419 raw data: usb_pwr_therm:33419 
03-29 18:48:49.568  9587  9598 I pixel-thermal: VIRTUAL-USB-THROTTLING:0 raw data: VIRTUAL-USB-THROTTLING:0 
03-29 18:48:49.862 25850 27960 I FA      : Application backgrounded at: timestamp_millis: 1774781327857
03-29 18:48:50.140  1059  1131 I WifiHAL : Creating message to get link statistics; iface = 47
03-29 18:48:50.151 28095 28104 W .example.mybike: userfaultfd: MOVE ioctl seems unsupported: Connection timed out
03-29 18:48:50.181  1059  3044 I WifiHAL : Getting cached scan results, iface handle = 0xb400007a9a3254d0
03-29 18:48:50.181  1059  3044 E WifiHAL : Creating message to get cached scan results
03-29 18:48:50.189  1059  3044 I WifiHAL : In GetCachedScanResultsCommand::handleResponse
03-29 18:48:50.213  1059  3044 D WifiHAL : Start debug command: mType GET_FEATURE
03-29 18:48:50.214  1059  3044 I WifiHAL : CreateRequest mType = GET_FEATURE
03-29 18:48:50.214  1059  3044 D WifiHAL : In DebugCommand::handleResponse, mType:GET_FEATURE
03-29 18:48:50.214  1059  3044 D WifiHAL : len = 4, expected len = 4
03-29 18:48:50.215  1580  2035 I HalDevMgr: bestIfaceCreationProposal is null, requestIface=STA, existingIface=[name=wlan0 type=STA]
03-29 18:48:50.218  1580  2042 D ConnectivityService: NetReassign [no changes] [c 1] [a 1] [i 1]
03-29 18:48:50.424  1580  1730 V DisplayPowerController[0]: Brightness [0.05] reason changing to: 'automatic [ dim ]', previous reason: 'automatic'.
03-29 18:48:50.425  1580  1730 I DisplayPowerController[0]: BrightnessEvent: brt=0.05(56.0%), nits=91.35098, lux=1777.6205, reason=automatic [ dim ], strat=AutomaticBrightnessStrategy, state=ON, stateReason=DEFAULT_POLICY, policy=DIM, flags=, initBrt=0.14659841, rcmdBrt=0.14659841, preBrt=0.05584365, preLux=173.02203, lastReadLux=2236.6646, wasShortTermModelActive=false, autoBrightness=true (default), unclampedBrt=0.14659841, hbmMax=0.47425702, hbmMode=off, thrmMax=1.0, rbcStrength=35, powerFactor=1.0, physDisp=內建畫面(local:4619827677550801152), logicalId=0, slowChange=false, rampSpeed=0.7047244
03-29 18:48:50.431  2431  3057 I PixelDisplayManager: onDisplayChanged(內建畫面, 0, local:4619827677550801152): screenOn=true, hbmMode=0, br=0.05, product=DeviceProductInfo{name=Common Panel, manufacturerPnpId=GGL, productId=0, modelYear=null, manufactureDate=ManufactureDate{week=1, year=1990}, connectionToSinkType=1, edidStructureMetadata=EdidStructureMetadata{version=0, revision=0}, videoInputType=0}
03-29 18:48:50.436   505 16953 I hwc-display: path=drm, id=0, level=1710, nits=261.048798, brightness=0.144873, DimmingOn=0, Hbm=0, LhbmOn=0, OpRate=0
03-29 18:48:50.445   505 16953 I hwc-display: path=drm, id=0, level=1690, nits=254.043015, brightness=0.140955, DimmingOn=0, Hbm=0, LhbmOn=0, OpRate=0
03-29 18:48:50.453   505   505 I hwc-display: path=drm, id=0, level=1670, nits=247.270401, brightness=0.137168, DimmingOn=0, Hbm=0, LhbmOn=0, OpRate=0
03-29 18:48:50.461   505 16953 I hwc-display: path=drm, id=0, level=1650, nits=240.716202, brightness=0.133502, DimmingOn=0, Hbm=0, LhbmOn=0, OpRate=0
03-29 18:48:50.461  1254  1254 D AOC     : A3:MSG: tmd3733_device.cc, 3251: USF: TMD3733: dbv:1690 luma:75 leak:0.58/0.00 rr:120 te2:0 ctx:0x0 status:1 op_hz:0[0
03-29 18:48:50.469   505 16953 I hwc-display: path=drm, id=0, level=1630, nits=234.365158, brightness=0.129950, DimmingOn=0, Hbm=0, LhbmOn=0, OpRate=0
03-29 18:48:50.477   505 16953 I hwc-display: path=drm, id=0, level=1610, nits=228.225418, brightness=0.126516, DimmingOn=0, Hbm=0, LhbmOn=0, OpRate=0
03-29 18:48:50.486   505 16953 I hwc-display: path=drm, id=0, level=1590, nits=222.281754, brightness=0.123192, DimmingOn=0, Hbm=0, LhbmOn=0, OpRate=0
03-29 18:48:50.494   505 16953 I hwc-display: path=drm, id=0, level=1571, nits=216.537369, brightness=0.119980, DimmingOn=0, Hbm=0, LhbmOn=0, OpRate=0
03-29 18:48:50.502   505 16953 I hwc-display: path=drm, id=0, level=1553, nits=210.977325, brightness=0.116870, DimmingOn=0, Hbm=0, LhbmOn=0, OpRate=0
03-29 18:48:50.511   505 16953 I hwc-display: path=drm, id=0, level=1535, nits=205.581024, brightness=0.113852, DimmingOn=0, Hbm=0, LhbmOn=0, OpRate=0
03-29 18:48:50.519   505   505 I hwc-display: path=drm, id=0, level=1518, nits=200.379318, brightness=0.110943, DimmingOn=0, Hbm=0, LhbmOn=0, OpRate=0
03-29 18:48:50.520  1254  1254 D AOC     : A3:MSG: tmd3733_device.cc, 3251: USF: TMD3733: dbv:1553 luma:75 leak:0.49/0.00 rr:120 te2:0 ctx:0x0 status:1 op_hz:0[0
03-29 18:48:50.527   505   505 I hwc-display: path=drm, id=0, level=1501, nits=195.334137, brightness=0.108121, DimmingOn=0, Hbm=0, LhbmOn=0, OpRate=0
03-29 18:48:50.536   505   505 I hwc-display: path=drm, id=0, level=1483, nits=190.449463, brightness=0.105389, DimmingOn=0, Hbm=0, LhbmOn=0, OpRate=0
03-29 18:48:50.544   505   505 I hwc-display: path=drm, id=0, level=1465, nits=185.724228, brightness=0.102747, DimmingOn=0, Hbm=0, LhbmOn=0, OpRate=0
03-29 18:48:50.553   505   505 I hwc-display: path=drm, id=0, level=1448, nits=181.156906, brightness=0.100192, DimmingOn=0, Hbm=0, LhbmOn=0, OpRate=0
03-29 18:48:50.561   505   505 I hwc-display: path=drm, id=0, level=1432, nits=176.732803, brightness=0.097718, DimmingOn=0, Hbm=0, LhbmOn=0, OpRate=0
03-29 18:48:50.569   505   505 I hwc-display: path=drm, id=0, level=1416, nits=172.449692, brightness=0.095323, DimmingOn=0, Hbm=0, LhbmOn=0, OpRate=0
03-29 18:48:50.578   505 16953 I hwc-display: path=drm, id=0, level=1401, nits=168.313095, brightness=0.093009, DimmingOn=0, Hbm=0, LhbmOn=0, OpRate=0
03-29 18:48:50.580  1254  1254 D AOC     : A3:MSG: tmd3733_device.cc, 3251: USF: TMD3733: dbv:1432 luma:75 leak:0.41/0.00 rr:120 te2:0 ctx:0x0 status:1 op_hz:0[0
03-29 18:48:50.586   505 16953 I hwc-display: path=drm, id=0, level=1386, nits=164.311157, brightness=0.090771, DimmingOn=0, Hbm=0, LhbmOn=0, OpRate=0
03-29 18:48:50.594   505 16953 I hwc-display: path=drm, id=0, level=1372, nits=160.430206, brightness=0.088601, DimmingOn=0, Hbm=0, LhbmOn=0, OpRate=0
03-29 18:48:50.602   505 16953 I hwc-display: path=drm, id=0, level=1358, nits=156.675659, brightness=0.086501, DimmingOn=0, Hbm=0, LhbmOn=0, OpRate=0
03-29 18:48:50.611   505 16953 I hwc-display: path=drm, id=0, level=1343, nits=153.047928, brightness=0.084472, DimmingOn=0, Hbm=0, LhbmOn=0, OpRate=0
03-29 18:48:50.619   505 16953 I hwc-display: path=drm, id=0, level=1328, nits=149.532578, brightness=0.082506, DimmingOn=0, Hbm=0, LhbmOn=0, OpRate=0
03-29 18:48:50.628   505 16953 I hwc-display: path=drm, id=0, level=1314, nits=146.072647, brightness=0.080571, DimmingOn=0, Hbm=0, LhbmOn=0, OpRate=0
03-29 18:48:50.636   505   505 I hwc-display: path=drm, id=0, level=1300, nits=142.645126, brightness=0.078654, DimmingOn=0, Hbm=0, LhbmOn=0, OpRate=0
03-29 18:48:50.636  1254  1254 D AOC     : A3:MSG: tmd3733_device.cc, 3251: USF: TMD3733: dbv:1328 luma:75 leak:0.34/0.00 rr:120 te2:0 ctx:0x0 status:1 op_hz:0[0
03-29 18:48:50.644   505   505 I hwc-display: path=drm, id=0, level=1286, nits=139.262817, brightness=0.076762, DimmingOn=0, Hbm=0, LhbmOn=0, OpRate=0
03-29 18:48:50.653   505   505 I hwc-display: path=drm, id=0, level=1272, nits=135.918365, brightness=0.074892, DimmingOn=0, Hbm=0, LhbmOn=0, OpRate=0
03-29 18:48:50.661   505   505 I hwc-display: path=drm, id=0, level=1259, nits=132.616104, brightness=0.073045, DimmingOn=0, Hbm=0, LhbmOn=0, OpRate=0
03-29 18:48:50.669   505   505 I hwc-display: path=drm, id=0, level=1244, nits=129.356171, brightness=0.071222, DimmingOn=0, Hbm=0, LhbmOn=0, OpRate=0
03-29 18:48:50.678   505   505 I hwc-display: path=drm, id=0, level=1229, nits=126.132393, brightness=0.069419, DimmingOn=0, Hbm=0, LhbmOn=0, OpRate=0
03-29 18:48:50.686   505   505 I hwc-display: path=drm, id=0, level=1215, nits=122.955864, brightness=0.067642, DimmingOn=0, Hbm=0, LhbmOn=0, OpRate=0
03-29 18:48:50.694   505 16953 I hwc-display: path=drm, id=0, level=1200, nits=119.820648, brightness=0.065889, DimmingOn=0, Hbm=0, LhbmOn=0, OpRate=0
03-29 18:48:50.695  1254  1254 D AOC     : A3:MSG: tmd3733_device.cc, 3251: USF: TMD3733: dbv:1229 luma:75 leak:0.27/0.00 rr:120 te2:0 ctx:0x0 status:1 op_hz:0[0
03-29 18:48:50.703   505 16953 I hwc-display: path=drm, id=0, level=1186, nits=116.726425, brightness=0.064158, DimmingOn=0, Hbm=0, LhbmOn=0, OpRate=0
03-29 18:48:50.711   505 16953 I hwc-display: path=drm, id=0, level=1172, nits=113.676476, brightness=0.062453, DimmingOn=0, Hbm=0, LhbmOn=0, OpRate=0
03-29 18:48:50.719   505 16953 I hwc-display: path=drm, id=0, level=1158, nits=110.660316, brightness=0.060766, DimmingOn=0, Hbm=0, LhbmOn=0, OpRate=0
03-29 18:48:50.728   505 16953 I hwc-display: path=drm, id=0, level=1145, nits=107.687111, brightness=0.059103, DimmingOn=0, Hbm=0, LhbmOn=0, OpRate=0
03-29 18:48:50.736   505 16953 I hwc-display: path=drm, id=0, level=1130, nits=104.755737, brightness=0.057464, DimmingOn=0, Hbm=0, LhbmOn=0, OpRate=0
03-29 18:48:50.745   505 16953 I hwc-display: path=drm, id=0, level=1116, nits=101.868126, brightness=0.055849, DimmingOn=0, Hbm=0, LhbmOn=0, OpRate=0
03-29 18:48:50.753   505   505 I hwc-display: path=drm, id=0, level=1101, nits=99.023666, brightness=0.054258, DimmingOn=0, Hbm=0, LhbmOn=0, OpRate=0
03-29 18:48:50.754  1254  1254 D AOC     : A3:MSG: tmd3733_device.cc, 3251: USF: TMD3733: dbv:1130 luma:75 leak:0.21/0.00 rr:120 te2:0 ctx:0x0 status:1 op_hz:0[0
03-29 18:48:50.762   505   505 I hwc-display: path=drm, id=0, level=1087, nits=96.217049, brightness=0.052688, DimmingOn=0, Hbm=0, LhbmOn=0, OpRate=0
03-29 18:48:50.770   505   505 I hwc-display: path=drm, id=0, level=1073, nits=93.448463, brightness=0.051140, DimmingOn=0, Hbm=0, LhbmOn=0, OpRate=0
03-29 18:48:50.778   505 16953 I hwc-display: path=drm, id=0, level=1062, nits=91.410599, brightness=0.050000, DimmingOn=0, Hbm=0, LhbmOn=0, OpRate=0
03-29 18:48:50.779  1254  1254 D AOC     : A3:MSG: tmd3733_device.cc, 3251: USF: TMD3733: dbv:1087 luma:75 leak:0.18/0.00 rr:120 te2:0 ctx:0x0 status:1 op_hz:0[1
03-29 18:48:50.780  1254  1254 D AOC     : A3:MSG: tmd3733_device.cc, 3186: USF: TMD3733: vsync_delay_usec: 5800
03-29 18:48:50.837  1254  1254 D AOC     : A3:MSG: tmd3733_device.cc, 3251: USF: TMD3733: dbv:1062 luma:75 leak:0.16/0.00 rr:120 te2:0 ctx:0x0 status:1 op_hz:0[0
03-29 18:48:50.865  1060  1665 D StreamHalAidl: [out|ioHandle:21] standby
03-29 18:48:50.865  1060  1665 D StreamHalAidl: [out|ioHandle:21] pause
03-29 18:48:50.865   988  1664 I AHal::Stream: Stop: stop stream deep-buffer-playback
03-29 18:48:50.865   988  1664 I AHal::TinyalsaDriverOperations: Stop: pcm_close card_index 0 device 5
03-29 18:48:50.866  1254  1254 D AOC     : F1:MSG: controller.cc, 275: AudioOutCtrl: cmd ID: 0x00c9, tag: 0x92 [cntr = 56469]
03-29 18:48:50.866  1254  1254 D AOC     : F1:MSG: controller.cc, 919: AudioOutCtrl: ipc: audio_output_co, cmd ID: 0x00c9, tag: 0x92, rc: 0
03-29 18:48:50.875  1254  1254 D AOC     : H0:Mixer AMixSPKR Input 5 RB overflow. Resyncing.
03-29 18:48:50.898   988  1664 I AHal::Router: Deactivate: deactivate 400002
03-29 18:48:50.898   988  1664 I AHal::Router: InvalidateLocked: new graph #9108 Edges(0):
03-29 18:48:50.899   988  1664 I AHal::Router: InvalidateLocked: ============ apply graph #9108 [Sun Mar 29 18:48:50 2026] start ============
03-29 18:48:50.899   988  1664 I AHal::Waves: UpdateActiveDevices: removing speaker
03-29 18:48:50.899   988  1664 I AHal::DeviceInterface: Disconnect: disconnect deep-buffer-playback-0 -> speaker
03-29 18:48:50.900  1254  1254 D AOC     : F1:MSG: controller.cc, 275: AudioOutCtrl: cmd ID: 0x010f, tag: 0x93 [cntr = 56470]
03-29 18:48:50.900  1254  1254 D AOC     : F1:Unregistered Source 5 [DeepBuffer] from Sink 0 [Speaker]
03-29 18:48:50.900  1254  1254 D AOC     : F1:AT Map:0 (LL:0), 0 EPs active, Power: Yes, Config: No
03-29 18:48:50.900  1254  1254 D AOC     : F1:Mixer 0 configuration changed: (0)
03-29 18:48:50.900  1254  1254 D AOC     : F1:Sink 0 Configuration changed: ULL (disabled)
03-29 18:48:50.900  1254  1254 D AOC     : F1:[SPKR] protection library mips: 0
03-29 18:48:50.901  1254  1254 D AOC     : F1:[Idle Tracker] long no idle:[0] average between idle:[2.637020ms] max no idle:[43.767258ms]
03-29 18:48:50.901  1254  1254 D AOC     : F1:TRC: hotword_input_processor.cc, 1008: Receive cmd: 0x7a (122)
03-29 18:48:50.901  1254  1254 D AOC     : H0:Mixer AMixSPKR: 480 samples (0000/0000) (OFF SC) multi out OFF
03-29 18:48:50.901  1254  1254 D AOC     : H0:Mixer configuration updated
03-29 18:48:50.902  1254  1254 D AOC     : H0:[Idle Tracker] long no idle:[0] average between idle:[1.721649ms] max no idle:[6.451619ms]
03-29 18:48:50.902   988  1664 I AHal::AudioRoutePathController: ResetPath: deep-buffer-playback-0 -> speaker: true
03-29 18:48:50.905   988  1664 I AHal::AudioRoutePathController: ResetPath: speaker: true
03-29 18:48:50.905   988  1664 I AHal::Speaker: Disable: speaker
03-29 18:48:50.906   988  1664 I AHal::AudioRoutePathController: ResetPath: hostless-ulC spk-vi: true
03-29 18:48:50.906   988  1664 I AHal::TinyalsaDriverOperations: Stop: pcm_close card_index 0 device 15
03-29 18:48:50.906   988  1664 I AHal::BatteryMitigation: UpdateState: Standby -> Idle
03-29 18:48:50.906   988  1664 I AHal::AdaptedRouteControl: Update: update route from adapted-speaker to null
03-29 18:48:50.906   988  1664 I AHal::AudioRoutePathController: ResetPath: adapted-speaker: true
03-29 18:48:50.906   988  1664 I AHal::Router: LogTransferring: Transferring (1):
03-29 18:48:50.906   988  1664 I AHal::Router: LogTransferring:   deep-buffer-playback-0 -> speaker => (null)
03-29 18:48:50.906   988  1621 I AHal::Tas25xxCodec: amp is turned off, skip to provide health data
03-29 18:48:50.907   988  1664 I AHal::PlaybackThermalThrottleByTemperature: Update Temperature: kOnce to kIdle
03-29 18:48:50.907   988  1664 I AHal::VoiceCall: Update: reset echo reference device
03-29 18:48:50.907   988  1664 I AHal::Router: InvalidateLocked: ============ apply graph #9108 end ============
03-29 18:48:50.907   988  1664 D AHal::AudioMetric::EventDataHandler: UpdatePlaybackInfo: Updating Playback Info: PlaybackInfo {}
03-29 18:48:50.907   988  1664 D AHal::AudioMetric::AtomWriter: WriteAtom: Writing atom to statsd service. Atom: MediaPlaybackUsageAtom: Playback Info: PlaybackInfo {Route: {audio_source: SYS_RESERVED_INVALID, device: speaker, use_case: deep-buffer-playback}, volume: 0, is_active: 0, sample_rate: 48000, channel_count: 2, audio_format_type: PCM, pcm_type: FLOAT_32_BIT, encoding:  }, Device State: {camera_type: Front, screen_orientation: DEG_0, screen_state: on, folded_type: kUnknown, in_thermal_throttle_duration_ms: 0, thermal_throttle_count: 0, in_acoustic_shock_duration_ms: 0, acoustic_shock_count: 0, in_battery_adapted_audio_control_duration_ms: 0, battery_adapted_audio_control_count: 0}, duration_second: 14, is_ended: 1
03-29 18:48:50.907   988  1664 D AHal::AudioMetric::EventDataHandler: UpdateCaptureInfo: Updating Capture Info: CaptureInfo: {}
03-29 18:48:50.907   988  1664 D AHal::AudioMetric::EventDataHandler: UpdateCallInfo: Updating Call Info: RoutingInfo:
03-29 18:48:50.907   988  1664 D AHal::AudioMetric::EventDataHandler: Uplink: NULL, 
03-29 18:48:50.907   988  1664 D AHal::AudioMetric::EventDataHandler: Downlink: NULL
03-29 18:48:50.907   988  1664 D AHal::AudioMetric::EventDataHandler: AudioMode: NORMAL
03-29 18:48:50.907   988  1664 I AHal::AocDspModeAdapter: RemoveRoutes: remove Route:{{use case = deep-buffer-playback, device = speaker, source = SYS_RESERVED_INVALID, channel_count = 2}}, current active route: 
03-29 18:48:50.908   988  1619 I AHal::BatteryAdaptiveAudio: ProcessPlaybackTunerControl: update playback tuner with Bypassed
03-29 18:48:50.909  1254  1254 D AOC     : F1:TRC: hotword_input_processor.cc, 1504: Finished cmd: 0x7a (122)
03-29 18:48:50.909  1254  1254 D AOC     : F1:MSG: hotword_aec.cc, 119: Reset HotwordAec (reason = stop aec)
03-29 18:48:50.909  1254  1254 D AOC     : F1:MSG: controller.cc, 919: AudioOutCtrl: ipc: audio_output_co, cmd ID: 0x010f, tag: 0x93, rc: 0
03-29 18:48:50.909  1254  1254 D AOC     : F1:MSG: controller.cc, 275: AudioInCtrl: cmd ID: 0x00cf, tag: 0x78 [cntr = 6621]
03-29 18:48:50.909  1254  1254 D AOC     : F1:MSG: audio_capture_pdm.cc, 454: Reconfig not seamless
03-29 18:48:50.912  1254  1254 D AOC     : F1:Stream 1: mask 0x3, rings {1, 0}, pipe 0x1, sr 16000, il {0,1,0,0}, en 1, mc 0, ni 1, fpo 0, ru 1, hq 0
03-29 18:48:50.913  1254  1254 D AOC     : F1:MSG: audio_capture_pdm.cc, 580: Stream 1 restarted (ramp ON)
03-29 18:48:50.913  1254  1254 D AOC     : F1:MSG: audio_capture_pdm.cc, 1045: Starting PDM in Low Power mode, mask=0x3
03-29 18:48:50.964  1254  1254 D AOC     : F1:MSG: controller.cc, 919: AudioInCtrl: ipc: sound_trigger, cmd ID: 0x00cf, tag: 0x78, rc: 0
03-29 18:48:50.965   988  1664 I StHal::SoundTriggerHal: ProcessAecEvent: Eraser disabled 
03-29 18:48:50.965   988  1664 I ASvc::PeriodicWorker: SetLinkedConfigIds: update linked configs []
03-29 18:48:50.965  1060  1665 D StreamHalAidl: [out|ioHandle:21] flush
03-29 18:48:50.966   988  1664 I ASvc::CommandWorker: cw-deep-buffer-playback: Command{flush: Void{}} in StreamOutPausedState
03-29 18:48:50.966   988  1664 I ASvc::StreamOutSyncStates: FlushDataQueue: flush 0 bytes in data queue
03-29 18:48:50.967   988  1664 I ASvc::CommandWorker: cw-deep-buffer-playback: Command{standby: Void{}} in StreamOutIdleState
03-29 18:48:50.967  1254  1254 D AOC     : F1:MSG: controller.cc, 275: AudioInCtrl: cmd ID: 0x0145, tag: 0x79 [cntr = 6622]
03-29 18:48:50.967  1254  1254 D AOC     : F1:MSG: feedback_src.cc, 602: AEC Ref Source: SPKR
03-29 18:48:50.967  1254  1254 D AOC     : F1:MSG: controller.cc, 919: AudioInCtrl: ipc: sound_trigger, cmd ID: 0x0145, tag: 0x79, rc: 0
03-29 18:48:50.974  1254  1254 D AOC     : F1:MSG: hotword_aec.cc, 119: Reset HotwordAec (reason = resync)
03-29 18:48:50.994  4987 28072 I NearbyMediums: No BLE Fast/GATT advertisements found in the latest cycle.
03-29 18:48:50.994  4987 28072 I NearbyMediums: Current Tracked Scanning Clients are : {NearbyConnections.EnvironmentMonitor, NearbySharing, NearbyConnections.TxAdvertisement}
03-29 18:48:50.996  1580  1730 V DisplayPowerController[0]: Brightness [0.14659841] reason changing to: 'automatic', previous reason: 'automatic [ dim ]'.
03-29 18:48:50.996  1580  1730 I DisplayPowerController[0]: BrightnessEvent: brt=0.14659841(78.0%), nits=263.74933, lux=1777.6205, reason=automatic, strat=AutomaticBrightnessStrategy, state=ON, stateReason=DEFAULT_POLICY, policy=BRIGHT, flags=, initBrt=0.05, rcmdBrt=0.14659841, preBrt=0.05584365, preLux=173.02203, lastReadLux=2235.131, wasShortTermModelActive=false, autoBrightness=true (default), unclampedBrt=0.14659841, hbmMax=0.47425702, hbmMode=off, thrmMax=1.0, rbcStrength=35, powerFactor=1.0, physDisp=內建畫面(local:4619827677550801152), logicalId=0, slowChange=false, rampSpeed=0.7047244
03-29 18:48:51.006  2431  3057 I PixelDisplayManager: onDisplayChanged(內建畫面, 0, local:4619827677550801152): screenOn=true, hbmMode=0, br=0.14659841, product=DeviceProductInfo{name=Common Panel, manufacturerPnpId=GGL, productId=0, modelYear=null, manufactureDate=ManufactureDate{week=1, year=1990}, connectionToSinkType=1, edidStructureMetadata=EdidStructureMetadata{version=0, revision=0}, videoInputType=0}
03-29 18:48:51.012   505   505 I hwc-display: path=drm, id=0, level=1076, nits=94.034492, brightness=0.051467, DimmingOn=0, Hbm=0, LhbmOn=0, OpRate=0
03-29 18:48:51.020   505   505 I hwc-display: path=drm, id=0, level=1090, nits=96.808075, brightness=0.053019, DimmingOn=0, Hbm=0, LhbmOn=0, OpRate=0
03-29 18:48:51.028   505   505 I hwc-display: path=drm, id=0, level=1104, nits=99.621864, brightness=0.054592, DimmingOn=0, Hbm=0, LhbmOn=0, OpRate=0
03-29 18:48:51.036   505   505 I hwc-display: path=drm, id=0, level=1119, nits=102.475037, brightness=0.056188, DimmingOn=0, Hbm=0, LhbmOn=0, OpRate=0
03-29 18:48:51.045   505   505 I hwc-display: path=drm, id=0, level=1134, nits=105.374184, brightness=0.057809, DimmingOn=0, Hbm=0, LhbmOn=0, OpRate=0
03-29 18:48:51.054   505   505 I hwc-display: path=drm, id=0, level=1147, nits=108.311333, brightness=0.059452, DimmingOn=0, Hbm=0, LhbmOn=0, OpRate=0
03-29 18:48:51.054  2124  2134 I deeptouch: I0000 00:00:1774781331.054753    2134 tf_lite_classifier.cc:415] Event stream classified as kNone
03-29 18:48:51.062   505   505 I hwc-display: path=drm, id=0, level=1161, nits=111.286339, brightness=0.061116, DimmingOn=0, Hbm=0, LhbmOn=0, OpRate=0
03-29 18:48:51.064  1254  1254 D AOC     : A3:MSG: tmd3733_device.cc, 3251: USF: TMD3733: dbv:1147 luma:75 leak:0.22/0.00 rr:120 te2:0 ctx:0x0 status:1 op_hz:0[1
03-29 18:48:51.064  1254  1254 D AOC     : A3:MSG: tmd3733_device.cc, 3186: USF: TMD3733: vsync_delay_usec: 5800
03-29 18:48:51.070   505   505 I hwc-display: path=drm, id=0, level=1175, nits=114.304382, brightness=0.062804, DimmingOn=0, Hbm=0, LhbmOn=0, OpRate=0
03-29 18:48:51.078   505   505 I hwc-display: path=drm, id=0, level=1189, nits=117.366096, brightness=0.064516, DimmingOn=0, Hbm=0, LhbmOn=0, OpRate=0
03-29 18:48:51.086   505   505 I hwc-display: path=drm, id=0, level=1203, nits=120.464821, brightness=0.066249, DimmingOn=0, Hbm=0, LhbmOn=0, OpRate=0
03-29 18:48:51.095   505   505 I hwc-display: path=drm, id=0, level=1218, nits=123.627029, brightness=0.068018, DimmingOn=0, Hbm=0, LhbmOn=0, OpRate=0
03-29 18:48:51.103   505   505 I hwc-display: path=drm, id=0, level=1232, nits=126.819756, brightness=0.069803, DimmingOn=0, Hbm=0, LhbmOn=0, OpRate=0
03-29 18:48:51.105  1580  1672 D WindowOnBackDispatcher: setTopOnBackInvokedCallback (unwrapped): null
03-29 18:48:51.105  1580  1672 D CoreBackPreview: Window{363c6c9 u0 android}: Setting back callback null
03-29 18:48:51.106  1580  6688 D HWUI    : endAllActiveAnimators on 0xb400007652cea190 (RippleDrawable) with handle 0xb400007612d53ba0
03-29 18:48:51.115   505 16953 I hwc-display: path=drm, id=0, level=1247, nits=130.043457, brightness=0.071606, DimmingOn=0, Hbm=0, LhbmOn=0, OpRate=0
03-29 18:48:51.121   505   505 I hwc-display: path=drm, id=0, level=1262, nits=133.310730, brightness=0.073433, DimmingOn=0, Hbm=0, LhbmOn=0, OpRate=0
03-29 18:48:51.122  1254  1254 D AOC     : A3:MSG: tmd3733_device.cc, 3251: USF: TMD3733: dbv:1247 luma:75 leak:0.29/0.00 rr:120 te2:0 ctx:0x0 status:1 op_hz:0[0
03-29 18:48:51.122  1580  1674 V WindowManager: Unknown focus tokens, dropping reportFocusChanged
03-29 18:48:51.129   505   505 I hwc-display: path=drm, id=0, level=1275, nits=136.621765, brightness=0.075285, DimmingOn=0, Hbm=0, LhbmOn=0, OpRate=0
03-29 18:48:51.138   505   505 I hwc-display: path=drm, id=0, level=1289, nits=139.972549, brightness=0.077159, DimmingOn=0, Hbm=0, LhbmOn=0, OpRate=0
03-29 18:48:51.143  1580  1967 I ImeTracker: com.example.mybike:ab1e186d: onRequestHide at ORIGIN_SERVER reason HIDE_UNSPECIFIED_WINDOW fromUser false userId 0 displayId 0
03-29 18:48:51.145   505   505 I hwc-display: path=drm, id=0, level=1303, nits=143.365799, brightness=0.079057, DimmingOn=0, Hbm=0, LhbmOn=0, OpRate=0
03-29 18:48:51.147 28095 28095 D InsetsController: hide(ime())
03-29 18:48:51.147 28095 28095 I ImeTracker: com.example.mybike:ab1e186d: onCancelled at PHASE_CLIENT_ALREADY_HIDDEN
03-29 18:48:51.154   505   505 I hwc-display: path=drm, id=0, level=1317, nits=146.800690, brightness=0.080978, DimmingOn=0, Hbm=0, LhbmOn=0, OpRate=0
03-29 18:48:51.155 17340 17340 I GoogleInputMethodService: GoogleInputMethodService.onFinishInput():2114 
03-29 18:48:51.156  1580  4685 I ImeTracker: system_server:d9dc1a0d: onRequestHide at ORIGIN_SERVER reason IME_REQUESTED_CHANGED_LISTENER fromUser false displayId 0
03-29 18:48:51.157  1580  1674 I ImeTracker: system_server:d9dc1a0d: onCancelled at PHASE_SERVER_SHOULD_HIDE
03-29 18:48:51.157 17340 17340 I Module  : DeviceLockedStatusModuleProvider$Module.updateDeviceLockedStatus():103 repeatCheckTimes = 0, locked = false
03-29 18:48:51.158 17340 17340 I GoogleInputMethodService: GoogleInputMethodService.onStartInput():1385 onStartInput(EditorInfo{EditorInfo{packageName=com.example.mybike, inputType=0, inputTypeString=NULL, enableLearning=false, autoCorrection=false, autoComplete=false, imeOptions=0, privateImeOptions=null, actionName=UNSPECIFIED, actionLabel=null, initialSelStart=-1, initialSelEnd=-1, initialCapsMode=0, label=null, fieldId=0, fieldName=null, extras=null, hintText=null, hintLocales=[]}}, false)
03-29 18:48:51.158 17340 17340 W AndroidIME: LatinIMEBase.updateInputViewCoverNavigation():319 Null input view, cannot update padding!
03-29 18:48:51.159 17340 17340 I Module  : DeviceLockedStatusModuleProvider$Module.updateDeviceLockedStatus():103 repeatCheckTimes = 1, locked = false
03-29 18:48:51.160  1580  4685 W PackageConfigPersister: App-specific configuration not found for packageName: com.example.mybike and userId: 0
03-29 18:48:51.162   505   505 I hwc-display: path=drm, id=0, level=1331, nits=150.277878, brightness=0.082923, DimmingOn=0, Hbm=0, LhbmOn=0, OpRate=0
03-29 18:48:51.170   505   505 I hwc-display: path=drm, id=0, level=1346, nits=153.814392, brightness=0.084901, DimmingOn=0, Hbm=0, LhbmOn=0, OpRate=0
03-29 18:48:51.178   505   505 I hwc-display: path=drm, id=0, level=1361, nits=157.470215, brightness=0.086945, DimmingOn=0, Hbm=0, LhbmOn=0, OpRate=0
03-29 18:48:51.180  1254  1254 D AOC     : A3:MSG: tmd3733_device.cc, 3251: USF: TMD3733: dbv:1346 luma:95 leak:0.45/0.00 rr:120 te2:0 ctx:0x0 status:1 op_hz:0[0
03-29 18:48:51.187   505   505 I hwc-display: path=drm, id=0, level=1375, nits=161.245789, brightness=0.089057, DimmingOn=0, Hbm=0, LhbmOn=0, OpRate=0
03-29 18:48:51.195   505   505 I hwc-display: path=drm, id=0, level=1390, nits=165.149765, brightness=0.091240, DimmingOn=0, Hbm=0, LhbmOn=0, OpRate=0
03-29 18:48:51.203   505   505 I hwc-display: path=drm, id=0, level=1404, nits=169.181091, brightness=0.093495, DimmingOn=0, Hbm=0, LhbmOn=0, OpRate=0
03-29 18:48:51.212   505   505 I hwc-display: path=drm, id=0, level=1420, nits=173.354813, brightness=0.095829, DimmingOn=0, Hbm=0, LhbmOn=0, OpRate=0
03-29 18:48:51.220   505   505 I hwc-display: path=drm, id=0, level=1436, nits=177.672791, brightness=0.098244, DimmingOn=0, Hbm=0, LhbmOn=0, OpRate=0
03-29 18:48:51.229   505   505 I hwc-display: path=drm, id=0, level=1452, nits=182.137299, brightness=0.100741, DimmingOn=0, Hbm=0, LhbmOn=0, OpRate=0
03-29 18:48:51.237   505 16953 I hwc-display: path=drm, id=0, level=1469, nits=186.740601, brightness=0.103315, DimmingOn=0, Hbm=0, LhbmOn=0, OpRate=0
03-29 18:48:51.239  1254  1254 D AOC     : A3:MSG: tmd3733_device.cc, 3251: USF: TMD3733: dbv:1436 luma:163 leak:0.90/0.00 rr:120 te2:0 ctx:0x0 status:1 op_hz:0[
03-29 18:48:51.245   505 16953 I hwc-display: path=drm, id=0, level=1487, nits=191.498840, brightness=0.105976, DimmingOn=0, Hbm=0, LhbmOn=0, OpRate=0
03-29 18:48:51.253   505 16953 I hwc-display: path=drm, id=0, level=1505, nits=196.413208, brightness=0.108725, DimmingOn=0, Hbm=0, LhbmOn=0, OpRate=0
03-29 18:48:51.261   505 16953 I hwc-display: path=drm, id=0, level=1522, nits=201.487839, brightness=0.111563, DimmingOn=0, Hbm=0, LhbmOn=0, OpRate=0
03-29 18:48:51.270   505 16953 I hwc-display: path=drm, id=0, level=1539, nits=206.742065, brightness=0.114501, DimmingOn=0, Hbm=0, LhbmOn=0, OpRate=0
03-29 18:48:51.279   505 16953 I hwc-display: path=drm, id=0, level=1557, nits=212.156876, brightness=0.117530, DimmingOn=0, Hbm=0, LhbmOn=0, OpRate=0
03-29 18:48:51.288   505 16953 I hwc-display: path=drm, id=0, level=1576, nits=217.763275, brightness=0.120665, DimmingOn=0, Hbm=0, LhbmOn=0, OpRate=0
03-29 18:48:51.295   505   505 I hwc-display: path=drm, id=0, level=1595, nits=223.543015, brightness=0.123898, DimmingOn=0, Hbm=0, LhbmOn=0, OpRate=0
03-29 18:48:51.295  1254  1254 D AOC     : A3:MSG: tmd3733_device.cc, 3251: USF: TMD3733: dbv:1557 luma:180 leak:1.18/0.00 rr:120 te2:0 ctx:0x0 status:1 op_hz:0[
03-29 18:48:51.303   505   505 I hwc-display: path=drm, id=0, level=1614, nits=229.529144, brightness=0.127245, DimmingOn=0, Hbm=0, LhbmOn=0, OpRate=0
03-29 18:48:51.311   505   505 I hwc-display: path=drm, id=0, level=1635, nits=235.708740, brightness=0.130702, DimmingOn=0, Hbm=0, LhbmOn=0, OpRate=0
03-29 18:48:51.321   505   505 I hwc-display: path=drm, id=0, level=1654, nits=242.107895, brightness=0.134280, DimmingOn=0, Hbm=0, LhbmOn=0, OpRate=0
03-29 18:48:51.330   505   505 I hwc-display: path=drm, id=0, level=1674, nits=248.728638, brightness=0.137983, DimmingOn=0, Hbm=0, LhbmOn=0, OpRate=0
03-29 18:48:51.338   505   505 I hwc-display: path=drm, id=0, level=1694, nits=255.569855, brightness=0.141809, DimmingOn=0, Hbm=0, LhbmOn=0, OpRate=0
03-29 18:48:51.346   505 16953 I hwc-display: path=drm, id=0, level=1715, nits=262.637360, brightness=0.145762, DimmingOn=0, Hbm=0, LhbmOn=0, OpRate=0
03-29 18:48:51.354  1254  1254 D AOC     : A3:MSG: tmd3733_device.cc, 3251: USF: TMD3733: dbv:1694 luma:180 leak:1.39/0.00 rr:120 te2:0 ctx:0x0 status:1 op_hz:0[
03-29 18:48:51.354   505 16953 I hwc-display: path=drm, id=0, level=1719, nits=264.133148, brightness=0.146598, DimmingOn=0, Hbm=0, LhbmOn=0, OpRate=0
03-29 18:48:51.371  1227  2162 D AidlBufferPoolAcc: evictor expired: 2, evicted: 0
03-29 18:48:51.398 27845 28068 D AidlBufferPool: bufferpool2 0xb400007702c1f3d8 : 0(0 size) total buffers - 0(0 size) used buffers - 2/7 (recycle/alloc) - 5/36 (fetch/transfer)
03-29 18:48:51.398 27845 28068 D AidlBufferPool: bufferpool2 0xb400007702c21688 : 0(0 size) total buffers - 0(0 size) used buffers - 2/7 (recycle/alloc) - 5/34 (fetch/transfer)
03-29 18:48:51.398 27845 28068 D AidlBufferPoolAcc: evictor expired: 2, evicted: 2
03-29 18:48:51.414  1254  1254 D AOC     : A3:MSG: tmd3733_device.cc, 3251: USF: TMD3733: dbv:1719 luma:180 leak:1.43/0.00 rr:120 te2:0 ctx:0x0 status:1 op_hz:0[
03-29 18:48:51.580  1580  2042 D InetDiagMessage: Destroyed 0 sockets, proto=IPPROTO_TCP, family=AF_INET, states=14
03-29 18:48:51.582  1580  2042 D InetDiagMessage: Destroyed 0 sockets, proto=IPPROTO_TCP, family=AF_INET6, states=14
03-29 18:48:51.582  1580  2042 D InetDiagMessage: Destroyed live tcp sockets for uids={10306} in 3ms
03-29 18:48:51.583  1580  2042 D InetDiagMessage: Destroyed 0 sockets, proto=IPPROTO_TCP, family=AF_INET, states=14
03-29 18:48:51.584  1580  2042 D InetDiagMessage: Destroyed 0 sockets, proto=IPPROTO_TCP, family=AF_INET6, states=14
03-29 18:48:51.584  1580  2042 D InetDiagMessage: Destroyed live tcp sockets for uids={20306} in 2ms
03-29 18:48:51.662  4987 27832 I NetworkScheduler.Stats: (REDACTED) Task %s/%s started execution. cause:%s exec_start_elapsed_seconds: %s
03-29 18:48:51.700  4987 27377 I Fitness : (REDACTED) TopLevelDataStreamWriter#process(%s, %s)
03-29 18:48:52.287  4987  5291 I cn_CronetUrlRequestContext: destroyNativeStreamLocked org.chromium.net.impl.CronetBidirectionalStream@5dfc404
03-29 18:48:52.371  1227  2162 D AidlBufferPool: bufferpool2 0xb400007d2f8bdda8 : 0(0 size) total buffers - 0(0 size) used buffers - 9/16 (recycle/alloc) - 7/15 (fetch/transfer)
03-29 18:48:52.371  1227  2162 D AidlBufferPool: bufferpool2 0xb400007d2f8b0d88 : 0(0 size) total buffers - 0(0 size) used buffers - 9/16 (recycle/alloc) - 7/15 (fetch/transfer)
03-29 18:48:52.371  1227  2162 D AidlBufferPool: bufferpool2 0xb400007d2f8be6e8 : 0(0 size) total buffers - 0(0 size) used buffers - 9/16 (recycle/alloc) - 7/15 (fetch/transfer)
03-29 18:48:52.371  1227  2162 D AidlBufferPool: bufferpool2 0xb400007d2f8bcfc8 : 0(0 size) total buffers - 0(0 size) used buffers - 8/15 (recycle/alloc) - 7/14 (fetch/transfer)
03-29 18:48:52.371  1227  2162 D AidlBufferPoolAcc: evictor expired: 6, evicted: 4
03-29 18:48:52.399 27845 28068 D AidlBufferPool: bufferpool2 0xb400007702c23248 : 0(0 size) total buffers - 0(0 size) used buffers - 2/7 (recycle/alloc) - 5/36 (fetch/transfer)
03-29 18:48:52.399 27845 28068 D AidlBufferPool: bufferpool2 0xb400007702c26e68 : 0(0 size) total buffers - 0(0 size) used buffers - 2/7 (recycle/alloc) - 5/36 (fetch/transfer)
03-29 18:48:52.399 27845 28068 D AidlBufferPoolAcc: evictor expired: 2, evicted: 2
03-29 18:48:52.796  4987  5291 I cn_CronetUrlRequestContext: destroyNativeStreamLocked org.chromium.net.impl.CronetBidirectionalStream@e58c507
03-29 18:48:52.897  1580  2042 D InetDiagMessage: Destroyed 0 sockets, proto=IPPROTO_TCP, family=AF_INET, states=14
03-29 18:48:52.898  1580  2042 D InetDiagMessage: Destroyed 0 sockets, proto=IPPROTO_TCP, family=AF_INET6, states=14
03-29 18:48:52.898  1580  2042 D InetDiagMessage: Destroyed live tcp sockets for uids={10228} in 3ms
03-29 18:48:52.899  1580  2042 D InetDiagMessage: Destroyed 0 sockets, proto=IPPROTO_TCP, family=AF_INET, states=14
03-29 18:48:52.900  1580  2042 D InetDiagMessage: Destroyed 0 sockets, proto=IPPROTO_TCP, family=AF_INET6, states=14
03-29 18:48:52.900  1580  2042 D InetDiagMessage: Destroyed live tcp sockets for uids={20228} in 2ms
03-29 18:48:52.901  1250  1250 W TracingMuxer: type=1400 audit(0.0:619948): avc:  denied  { write } for  name="traced_producer" dev="tmpfs" ino=1312 scontext=u:r:gxp_logging:s0 tcontext=u:object_r:traced_producer_socket:s0 tclass=sock_file permissive=0
03-29 18:48:52.932  9587  9598 I pixel-thermal: VIRTUAL-SKIN-MODEL: model_input: [37293.00 37626.00 39118.00 33330.00 33375.00 33709.00 37738.00 41158.00 ]
03-29 18:48:52.933  9587  9598 I native  : I0000 00:00:1774781332.933111    9598 thermal_tflite_wrapper.cc:261] ThermalTfliteInvoke
03-29 18:48:52.933  9587  9598 I pixel-thermal: VIRTUAL-SKIN-MODEL: model_output: [35503.4 ]
03-29 18:48:52.933  9587  9598 I pixel-thermal: VIRTUAL-SKIN-MODEL: predicted_value: [35503.4 ]
03-29 18:48:52.933  9587  9598 I pixel-thermal: VIRTUAL-SKIN-CPU-MID:35.5429 raw data: VIRTUAL-SKIN:35542.9 VIRTUAL-SKIN-CPU-MID:35542.9 VIRTUAL-SKIN-LEGACY:36034.1 VIRTUAL-SKIN-LEGACY-MODEL-DIFF:530.707 VIRTUAL-SKIN-LEGACY-SHUTDOWN:0 VIRTUAL-SKIN-MODEL:35503.4 VIRTUAL-SKIN-MODEL-CLAMPED:35503.4 VIRTUAL-SKIN-MODEL-LEGACY-DIFF:-530.707 VIRTUAL-SKIN-MODEL-UPDATED:35542.9 VIRTUAL-SKIN-MODEL-UPPER-CLAMPED:35503.4 VIRTUAL-SKIN-SUB-0:35492.2 VIRTUAL-SKIN-SUB-1:35309.5 VIRTUAL-SKIN-SUB-2:36027 VIRTUAL-SKIN-SUB-3:36034.1 VIRTUAL-SKIN-SUB-4:35123.3 VT_LEGACY_WEIGHT:0 VT_MODEL_WEIGHT:1 battery:35200 btmspkr_therm:33375 charging_therm:39118 disp_therm:33709 north_therm:37738 quiet_therm:37626 rfpa_therm:37293 soc_therm:41158 usb_pwr_therm:33330 
03-29 18:48:52.933  9587  9598 I pixel-thermal: north_therm:37.738 raw data: north_therm:37738 
03-29 18:48:52.934  9587  9598 I pixel-thermal: VIRTUAL-SKIN-SOC:35.5429 raw data: VIRTUAL-SKIN:35542.9 VIRTUAL-SKIN-SOC:35542.9 
03-29 18:48:52.934  9587  9598 I pixel-thermal: VIRTUAL-SKIN-DISPLAY:35.5429 raw data: VIRTUAL-SKIN:35542.9 VIRTUAL-SKIN-DISPLAY:35542.9 
03-29 18:48:52.934  9587  9598 I pixel-thermal: CPU_THROTTLE_SEVERE:0 raw data: CPU_THROTTLE_SEVERE:0 
03-29 18:48:52.934  9587  9598 I pixel-thermal: VIRTUAL-SKIN:35.5429 raw data: VIRTUAL-SKIN:35542.9 
03-29 18:48:52.934  9587  9598 I pixel-thermal: VIRTUAL-SKIN-HINT:35.5429 raw data: VIRTUAL-SKIN:35542.9 VIRTUAL-SKIN-HINT:35542.9 
03-29 18:48:52.934  9587  9598 I pixel-thermal: VIRTUAL-SKIN-CPU-LIGHT-ODPM:35.5429 raw data: VIRTUAL-SKIN:35542.9 VIRTUAL-SKIN-CPU-LIGHT-ODPM:35542.9 
03-29 18:48:52.934  9587  9598 I pixel-thermal: VIRTUAL-SKIN-CPU-ODPM:35.5429 raw data: VIRTUAL-SKIN:35542.9 VIRTUAL-SKIN-CPU-ODPM:35542.9 
03-29 18:48:52.934  9587  9598 I pixel-thermal: VIRTUAL-SKIN-ODPM-MODEL: model_input: [37293.00 37626.00 39118.00 33330.00 33375.00 33709.00 37738.00 41158.00 35200.00 1320.89 10.02 347.54 47.27 2.61 97.80 ]
03-29 18:48:52.934  9587  9598 I native  : I0000 00:00:1774781332.934714    9598 thermal_tflite_wrapper.cc:261] ThermalTfliteInvoke
03-29 18:48:52.934  9587  9598 I pixel-thermal: VIRTUAL-SKIN-ODPM-MODEL: model_output: [34208.7 ]
03-29 18:48:52.934  9587  9598 I pixel-thermal: VIRTUAL-SKIN-ODPM-MODEL: predicted_value: [34208.7 ]
03-29 18:48:52.935  9587  9598 I pixel-thermal: VIRTUAL-SKIN-SPEAKER-MODEL: model_input: [35200.00 33375.00 39118.00 33709.00 37738.00 37626.00 37293.00 41158.00 33330.00 ]
03-29 18:48:52.935  9587  9598 I native  : I0000 00:00:1774781332.935133    9598 thermal_tflite_wrapper.cc:261] ThermalTfliteInvoke
03-29 18:48:52.935  9587  9598 I pixel-thermal: VIRTUAL-SKIN-SPEAKER-MODEL: model_output: [33761.3 ]
03-29 18:48:52.935  9587  9598 I pixel-thermal: VIRTUAL-SKIN-SPEAKER-MODEL: predicted_value: [33761.3 ]
03-29 18:48:52.935  9587  9598 I pixel-thermal: STATS-UPDATOR:0 raw data: EXTREME-SOC-CONDITION-CHECK:0 MAIN_SOC_POWER:913.257 MODEL_CAMERA_PWR:10.0213 MODEL_DISPLAY_PWR:347.54 MODEL_MISC_PWR:1320.89 MODEL_MODEM_PWR:47.2735 MODEL_RFFE_PWR:2.60747 MODEL_WLAN_BT_PWR:97.797 NORTH_THERM-UNDER-THRESHOLD:1 NORTH_THERM-VSKIN-DIFF-DURING-NORTH_THERM-OVER-THRESHOLD:-997805 NORTH_THERM-VSKIN-DIFF-DURING-VSKIN-OVER-52:-997805 QUIET_THERM-UNDER-THRESHOLD:1 QUIET_THERM-VSKIN-DIFF-DURING-QUIET_THERM-OVER-THRESHOLD:-997917 QUIET_THERM-VSKIN-DIFF-DURING-VSKIN-OVER-52:-997917 RFPA_THERM-UNDER-THRESHOLD:1 RFPA_THERM-VSKIN-DIFF-DURING-RFPA_THERM-OVER-THRESHOLD:-998250 RFPA_THERM-VSKIN-DIFF-DURING-VSKIN-OVER-52:-998250 SOC_THERM-UNDER-THRESHOLD:1 SOC_THERM-VSKIN-DIFF-DURING-SOC_THERM-OVER-THRESHOLD:-994385 SOC_THERM-VSKIN-DIFF-DURING-VSKIN-OVER-52:-994385 STATS-UPDATOR:0 TPU_35S:0 VIRTUAL-SKIN:35542.9 VIRTUAL-SKIN-LEGACY:36034.1 VIRTUAL-SKIN-MODEL:35503.4 VIRTUAL-SKIN-MODEL-LEGACY-DIFF:-530.707 VIRTUAL-SKIN-ODPM-MODEL:34208.7 VIRTUAL-SKIN-SPEAKER-MODEL:33761.3 VSKIN-SKIN-UNDER-52:1 battery:35200 btmspkr_therm:33375 charging_therm:39118 disp_therm:33709 north_therm:37738 quiet_therm:37626 rfpa_therm:37293 soc_therm:41158 usb_pwr_therm:33330 
03-29 18:48:52.935  9587  9598 I pixel-thermal: VIRTUAL-SKIN-CPU-HIGH:35.5429 raw data: VIRTUAL-SKIN:35542.9 VIRTUAL-SKIN-CPU-HIGH:35542.9 
03-29 18:48:52.935  9587  9598 I pixel-thermal: quiet_therm:37.626 raw data: quiet_therm:37626 
03-29 18:48:52.935  9587  9598 I pixel-thermal: cellular-emergency:35.5429 raw data: VIRTUAL-SKIN:35542.9 cellular-emergency:35542.9 
03-29 18:48:53.103  4987  5291 I cn_CronetUrlRequestContext: destroyNativeStreamLocked org.chromium.net.impl.CronetBidirectionalStream@6ea95f6
03-29 18:48:53.129  4987 27833 I NetworkScheduler.Stats: (REDACTED) Task %s/%s finished executing. cause:%s result: %s elapsed_millis: %s uptime_millis: %s exec_start_elapsed_seconds: %s
03-29 18:48:53.190  4987 28072 I Fitness : (REDACTED) Initializing package %s: %d subscriptions
03-29 18:48:53.191  4987 28072 I Fitness : (REDACTED) FitRecording initialized.  Recreated %d subscriptions out of %d.
03-29 18:48:53.216  1059  3044 I WifiHAL : Creating message to get link statistics; iface = 47
03-29 18:48:53.260  1059  1131 I WifiHAL : Getting cached scan results, iface handle = 0xb400007a9a3254d0
03-29 18:48:53.261  1059  1131 E WifiHAL : Creating message to get cached scan results
03-29 18:48:53.265  1059  1131 I WifiHAL : In GetCachedScanResultsCommand::handleResponse
03-29 18:48:53.293  1059  1131 D WifiHAL : Start debug command: mType GET_FEATURE
03-29 18:48:53.293  1059  1131 I WifiHAL : CreateRequest mType = GET_FEATURE
03-29 18:48:53.293  1059  1131 D WifiHAL : In DebugCommand::handleResponse, mType:GET_FEATURE
03-29 18:48:53.293  1059  1131 D WifiHAL : len = 4, expected len = 4
03-29 18:48:53.295  1580  2035 I HalDevMgr: bestIfaceCreationProposal is null, requestIface=STA, existingIface=[name=wlan0 type=STA]
03-29 18:48:53.345 28095 28179 D ProfileInstaller: Installing profile for com.example.mybike
03-29 18:48:53.455 30714  4985 I emwq    : (REDACTED) appOpsListener %s %s
03-29 18:48:53.456  1580  2042 D InetDiagMessage: Destroyed 2 sockets, proto=IPPROTO_TCP, family=AF_INET, states=14
03-29 18:48:53.458  1580  2042 D InetDiagMessage: Destroyed 0 sockets, proto=IPPROTO_TCP, family=AF_INET6, states=14
03-29 18:48:53.458  1580  2042 D InetDiagMessage: Destroyed live tcp sockets for uids={10198} in 6ms
03-29 18:48:53.458 30714  4985 I emwq    : (REDACTED) Ignoring irrelevant audio permission changes for package %s
03-29 18:48:53.460  1580  2042 D InetDiagMessage: Destroyed 0 sockets, proto=IPPROTO_TCP, family=AF_INET, states=14
03-29 18:48:53.461  1580  2042 D InetDiagMessage: Destroyed 0 sockets, proto=IPPROTO_TCP, family=AF_INET6, states=14
03-29 18:48:53.461  1580  2042 D InetDiagMessage: Destroyed live tcp sockets for uids={20198} in 3ms
03-29 18:48:54.223  2332  2552 D TemperatureStateSource: sequence=42327 actualDelay=10000
03-29 18:48:54.226  2332  2552 D TemperatureStateSource: Reading temperature: sequence=42328
03-29 18:48:54.227  2332  2631 D ImpulseConnection: timeout happen: com.google.android.apps.turbo
03-29 18:48:54.228  2332  2631 D ImpulseConnection: unbindService for releasing a CONNECTED connection com.google.android.apps.turbo
03-29 18:48:54.228  9587  9587 I pixel-thermal: CPU_THROTTLE_SEVERE:0 raw data: CPU_THROTTLE_SEVERE:0 
03-29 18:48:54.228  9587  9587 I pixel-thermal: VIRTUAL-SKIN:35.5429 raw data: VIRTUAL-SKIN:35542.9 
03-29 18:48:54.229  2332  2552 D TemperatureStateSource: getDeviceTemperatures: sequence=42328 deviceTemperatureType=3 temperatureSource=0 temperatures=[35.54289]
03-29 18:48:54.229  2332  2552 D BusinessScope: Enqueuing the block
03-29 18:48:54.229  2332  3591 D BusinessScope: Start running the #86130 block
03-29 18:48:54.230  2332  3591 D BusinessScope: Enqueuing the block
03-29 18:48:54.230  2332  3591 D ImpulseStateSource: Notify clients: 43052
03-29 18:48:54.230  2332  3591 D BusinessScope: Finish running the #86130 block
03-29 18:48:54.230  2332  3591 D BusinessScope: Start running the #86131 block
03-29 18:48:54.231  2332  3591 D BusinessScope: Finish running the #86131 block
03-29 18:48:54.231  2332  2552 D TemperatureStateSource: sequence=42328 waitTime=10000
03-29 18:48:54.573 25850 25995 D AidlBufferPool: bufferpool2 0xb400007702d01248 : 0(0 size) total buffers - 0(0 size) used buffers - 398/403 (recycle/alloc) - 6/788 (fetch/transfer)
03-29 18:48:54.573 25850 25995 D AidlBufferPoolAcc: evictor expired: 1, evicted: 1
03-29 18:48:55.311  2124  2134 I deeptouch: I0000 00:00:1774781335.311286    2134 tf_lite_classifier.cc:415] Event stream classified as kNone
03-29 18:48:55.362  9587  9598 I pixel-thermal: charging_therm:39.118 raw data: charging_therm:39118 
03-29 18:48:55.365  9587  9598 I pixel-thermal: VIRTUAL-SKIN-CHARGE:35.5765 raw data: VIRTUAL-SKIN-CHARGE:35576.5 VIRTUAL-SKIN-CHARGE-SUB-0:35253.7 VIRTUAL-SKIN-CHARGE-SUB-1:35576.5 btmspkr_therm:33375 charging_therm:39118 disp_therm:33709 north_therm:37738 quiet_therm:37626 rfpa_therm:37293 soc_therm:41158 usb_pwr_therm:33330 
03-29 18:48:55.365  9587  9598 I pixel-thermal: VIRTUAL-SKIN-CHARGE power_budget=3906.96 err=2.42346 s_power=2527 time_elapsed_ms=7022 p=288.392 i=1302 d=0 dt_per_min=nan compensation=0 budget transient=0 control target=2 excluded power budget=210.432 (PARTIAL_SYSTEM_POWER: 1753.60 mW, cdev_weight: 0.120000)
03-29 18:48:55.366  9587  9598 I pixel-thermal: VIRTUAL-SKIN-CHARGE-WLC:35.6758 raw data: VIRTUAL-SKIN-CHARGE-WLC:35675.8 charging_therm:39118 soc_therm:41158 usb_pwr_therm:33330 
03-29 18:48:55.366  9587  9598 I pixel-thermal: VIRTUAL-SKIN-CHARGE-WLC power_budget=3531.79 err=5.32415 s_power=1383 time_elapsed_ms=7022 p=1134.04 i=1383 d=-0 dt_per_min=nan compensation=0 budget transient=0 control target=2 excluded power budget=368.257 (PARTIAL_SYSTEM_POWER: 1753.60 mW, cdev_weight: 0.210000)
03-29 18:48:55.367  9587  9598 I pixel-thermal: Successfully update cdev dc_icl sysfs to 2
03-29 18:48:55.443  9587  9598 I pixel-thermal: soc_therm:41.158 raw data: soc_therm:41158 
03-29 18:48:55.587  9587  9598 I pixel-thermal: rfpa_therm:37.293 raw data: rfpa_therm:37293 
03-29 18:48:55.587  1580  1946 D ActivityManager: freezing 26073 com.google.android.gms.unstable
