03-29 18:48:55.680 28095 28129 D Mbgl-HttpRequest: [HTTP] This request was cancelled (https://tiles.openfreemap.org/planet/20260325_001001_pt/3/6/2.pbf). This is expected for tiles that were being prefetched but are no longer needed for the map to render.
03-29 18:48:55.688 28095 28183 W Mbgl-HttpRequest: Request failed due to a permanent error: Canceled 
03-29 18:48:55.760  2124  2134 I deeptouch: I0000 00:00:1774781335.760421    2134 tf_lite_classifier.cc:415] Event stream classified as kNone
03-29 18:48:55.878  4987  4987 D BoundBrokerSvc: onUnbind: Intent { act=com.google.android.gms.libs.gmscorelogger.service.START dat=chimera-action:/... xflg=0x4 cmp=com.google.android.gms/.chimera.PersistentDirectBootAwareApiService }
03-29 18:48:56.299  1059  1131 I WifiHAL : Creating message to get link statistics; iface = 47
03-29 18:48:56.325  1059  1131 I WifiHAL : Getting cached scan results, iface handle = 0xb400007a9a3254d0
03-29 18:48:56.325  1059  1131 E WifiHAL : Creating message to get cached scan results
03-29 18:48:56.328  1059  1131 I WifiHAL : In GetCachedScanResultsCommand::handleResponse
03-29 18:48:56.339  4987  4987 D BoundBrokerSvc: onRebind: Intent { act=com.google.android.gms.libs.gmscorelogger.service.START dat=chimera-action:/... xflg=0x4 cmp=com.google.android.gms/.chimera.PersistentDirectBootAwareApiService }
03-29 18:48:56.341  1059  1131 D WifiHAL : Start debug command: mType GET_FEATURE
03-29 18:48:56.341  1059  1131 I WifiHAL : CreateRequest mType = GET_FEATURE
03-29 18:48:56.341  1059  1131 D WifiHAL : In DebugCommand::handleResponse, mType:GET_FEATURE
03-29 18:48:56.341  1059  1131 D WifiHAL : len = 4, expected len = 4
03-29 18:48:56.343  1580  2035 I HalDevMgr: bestIfaceCreationProposal is null, requestIface=STA, existingIface=[name=wlan0 type=STA]
03-29 18:48:56.350  1580  2042 D ConnectivityService: NetReassign [no changes] [c 2] [a 1] [i 2]
03-29 18:48:56.366 28095 28129 D Mbgl-HttpRequest: [HTTP] This request was cancelled (https://tiles.openfreemap.org/planet/20260325_001001_pt/7/106/54.pbf). This is expected for tiles that were being prefetched but are no longer needed for the map to render.
03-29 18:48:56.369 28095 28183 W Mbgl-HttpRequest: Request failed due to a permanent error: Canceled 
03-29 18:48:56.395  2124  2134 I deeptouch: I0000 00:00:1774781336.394945    2134 tf_lite_classifier.cc:415] Event stream classified as kNone
03-29 18:48:56.599  9587  9598 I pixel-thermal: disp_therm:33.709 raw data: disp_therm:33709 
03-29 18:48:56.599  9587  9598 I pixel-thermal: VIRTUAL-USB-UI:0 raw data: USB-MINUS-CHARGER:-5788 VIRTUAL-USB-UI:0 charging_therm:39118 usb_pwr_therm:33330 
03-29 18:48:56.599  9587  9598 I pixel-thermal: btmspkr_therm:33.375 raw data: btmspkr_therm:33375 
03-29 18:48:56.599  9587  9598 I pixel-thermal: usb_pwr_therm:33.33 raw data: usb_pwr_therm:33330 
03-29 18:48:56.600  9587  9598 I pixel-thermal: VIRTUAL-USB-THROTTLING:0 raw data: USB-MINUS-CHARGER:-5788 VIRTUAL-USB-THROTTLING:0 usb_pwr_therm:33330 
03-29 18:48:57.068  1060  8117 I AF::TrackHandle: opChanged OP_PLAY_AUDIO callback received for 
03-29 18:48:57.077  1580  4712 D AmbientContextManagerService: Not all events types are wearable events.
03-29 18:48:57.077  1580  4712 D AmbientContextManagerService: getServiceForType with userid: 0 service type: DEFAULT
03-29 18:48:57.077  1580  4712 D AmbientContextManagerService: Services that are available: 1 number of services
03-29 18:48:57.077  1580  4712 D AmbientContextManagerService: Not all events types are wearable events.
03-29 18:48:57.077  1580  4712 D AmbientContextManagerPerUserService: Query event status of [1, 2] for com.google.android.apps.wellbeing
03-29 18:48:57.077  1580  4712 I DefaultRemoteAmbientContextDetectionService: Query status for com.google.android.apps.wellbeing
03-29 18:48:57.080  4987 27778 I FusedLocation: (REDACTED) location delivery to %s blocked - too close
03-29 18:48:57.080 22124 23158 I AiAiAmbientContext: Events consented
03-29 18:48:57.080  4987 27778 I FusedLocation: (REDACTED) location delivery to %s blocked - too close
03-29 18:48:57.081 22124 23158 I AiAiAmbientContext: (REDACTED) [%s] Health nanoapp available: [%b]
03-29 18:48:57.081  1580  4712 I AmbientContextManagerPerUserService: Got detection status of 1 for com.google.android.apps.wellbeing
03-29 18:48:57.081  4987 27778 I FusedLocation: (REDACTED) location delivery to %s blocked - too fast
03-29 18:48:57.082  4987 27778 I FusedLocation: (REDACTED) location delivery to %s blocked - too close
03-29 18:48:57.086  1580  4712 D AmbientContextManagerService: Not all events types are wearable events.
03-29 18:48:57.086  1580  4712 D AmbientContextManagerService: getServiceForType with userid: 0 service type: DEFAULT
03-29 18:48:57.086  1580  4712 D AmbientContextManagerService: Services that are available: 1 number of services
03-29 18:48:57.086  1580  4712 D AmbientContextManagerService: Not all events types are wearable events.
03-29 18:48:57.086  1580  4712 D AmbientContextManagerPerUserService: Query event status of [1, 2] for com.google.android.apps.wellbeing
03-29 18:48:57.086  1580  4712 I DefaultRemoteAmbientContextDetectionService: Query status for com.google.android.apps.wellbeing
03-29 18:48:57.087 22124 23158 I AiAiAmbientContext: Events consented
03-29 18:48:57.087 22124 23158 I AiAiAmbientContext: (REDACTED) [%s] Health nanoapp available: [%b]
03-29 18:48:57.087  1580  4712 I AmbientContextManagerPerUserService: Got detection status of 1 for com.google.android.apps.wellbeing
03-29 18:48:57.102  2124  2134 I deeptouch: I0000 00:00:1774781337.102361    2134 tf_lite_classifier.cc:415] Event stream classified as kNone
03-29 18:48:57.106  1580  4685 D AmbientContextManagerService: Not all events types are wearable events.
03-29 18:48:57.106  1580  4685 D AmbientContextManagerService: getServiceForType with userid: 0 service type: DEFAULT
03-29 18:48:57.107  1580  4685 D AmbientContextManagerService: Services that are available: 1 number of services
03-29 18:48:57.107  1580  4685 D AmbientContextManagerService: Not all events types are wearable events.
03-29 18:48:57.107  1580  4685 D AmbientContextManagerPerUserService: Query event status of [1, 2] for com.google.android.apps.wellbeing
03-29 18:48:57.107  1580  4685 I DefaultRemoteAmbientContextDetectionService: Query status for com.google.android.apps.wellbeing
03-29 18:48:57.108 22124 23158 I AiAiAmbientContext: Events consented
03-29 18:48:57.108 22124 23158 I AiAiAmbientContext: (REDACTED) [%s] Health nanoapp available: [%b]
03-29 18:48:57.110  1580  4685 I AmbientContextManagerPerUserService: Got detection status of 1 for com.google.android.apps.wellbeing
03-29 18:48:57.120 26029 26639 E TaskManager: <DWB> Alarm scheduled for PT-1716H-18M-57.119S from now
03-29 18:48:57.129  1580  2088 D BackgroundInstallControlService: Package event received: 0
03-29 18:48:57.133  2133  2133 D TileServices: Couldn't find tile for ComponentInfo{com.google.android.apps.wellbeing/com.google.android.apps.wellbeing.screen.ui.GrayscaleTileService}(0)
03-29 18:48:57.136  4987 27377 I TFLite-in-PlayServices: Created interpreter.
03-29 18:48:57.139 26029 26047 I WM-WorkerWrapper: Worker result SUCCESS for Work [ id=9f7f0345-c4a0-4b3c-90c1-36b2ca473bf5, tags={ com.google.apps.tiktok.contrib.work.TikTokListenableWorker,task_manager_work,TikTokWorker#com.google.android.apps.wellbeing.task.Task } ]
03-29 18:48:57.147  4987 27377 I SemanticLocation: (REDACTED) [Inferrer] %s%s
03-29 18:48:57.573  2124  2134 I deeptouch: I0000 00:00:1774781337.573503    2134 tf_lite_classifier.cc:415] Event stream classified as kNone
03-29 18:48:57.588 28095 28129 D Mbgl-HttpRequest: [HTTP] This request was cancelled (https://tiles.openfreemap.org/planet/20260325_001001_pt/10/858/439.pbf). This is expected for tiles that were being prefetched but are no longer needed for the map to render.
03-29 18:48:57.591 28095 28196 W Mbgl-HttpRequest: Request failed due to a permanent error: Canceled 
03-29 18:48:57.698 28095 28129 D Mbgl-HttpRequest: [HTTP] This request was cancelled (https://tiles.openfreemap.org/planet/20260325_001001_pt/10/857/439.pbf). This is expected for tiles that were being prefetched but are no longer needed for the map to render.
03-29 18:48:57.701 28095 28183 W Mbgl-HttpRequest: Request failed due to a permanent error: Canceled 
03-29 18:48:57.896  1580  1946 D ActivityManager: freezing 25203 com.google.android.apps.pixel.dcservice
03-29 18:48:57.907  1580  2042 D InetDiagMessage: Destroyed 0 sockets, proto=IPPROTO_TCP, family=AF_INET, states=14
03-29 18:48:57.908  1580  2042 D InetDiagMessage: Destroyed 0 sockets, proto=IPPROTO_TCP, family=AF_INET6, states=14
03-29 18:48:57.908  1580  2042 D InetDiagMessage: Destroyed live tcp sockets for uids={10228} in 6ms
03-29 18:48:57.917   505   626 I hwc-display: Display Temperature : 33°C
03-29 18:48:58.193  1580  2042 D InetDiagMessage: Destroyed 0 sockets, proto=IPPROTO_TCP, family=AF_INET, states=14
03-29 18:48:58.195  1580  2042 D InetDiagMessage: Destroyed 0 sockets, proto=IPPROTO_TCP, family=AF_INET6, states=14
03-29 18:48:58.195  1580  2042 D InetDiagMessage: Destroyed live tcp sockets for uids={10306} in 4ms
03-29 18:48:58.196  1580  2042 D InetDiagMessage: Destroyed 0 sockets, proto=IPPROTO_TCP, family=AF_INET, states=14
03-29 18:48:58.202  1580  2042 D InetDiagMessage: Destroyed 0 sockets, proto=IPPROTO_TCP, family=AF_INET6, states=14
03-29 18:48:58.202  1580  2042 D InetDiagMessage: Destroyed live tcp sockets for uids={20306} in 7ms
03-29 18:48:58.322  2124  2134 I deeptouch: I0000 00:00:1774781338.322029    2134 tf_lite_classifier.cc:415] Event stream classified as kNone
03-29 18:48:58.353  1001  1001 W TracingMuxer: type=1400 audit(0.0:619949): avc:  denied  { write } for  name="traced_producer" dev="tmpfs" ino=1312 scontext=u:r:hal_neuralnetworks_darwinn:s0 tcontext=u:object_r:traced_producer_socket:s0 tclass=sock_file permissive=0
03-29 18:48:58.470  1580  4833 D ConnectivityService: Returning BLOCKED NetworkInfo to uid=10198
03-29 18:48:58.682 28095 28196 V Mbgl-HttpRequest: [HTTP] Request was successful (code = 200).
03-29 18:48:58.690 28095 28183 V Mbgl-HttpRequest: [HTTP] Request was successful (code = 200).
03-29 18:48:58.758 28095 28129 D Mbgl-HttpRequest: [HTTP] This request was cancelled (https://tiles.openfreemap.org/planet/20260325_001001_pt/12/3431/1754.pbf). This is expected for tiles that were being prefetched but are no longer needed for the map to render.
03-29 18:48:58.762 28095 28129 D Mbgl-HttpRequest: [HTTP] This request was cancelled (https://tiles.openfreemap.org/planet/20260325_001001_pt/12/3430/1754.pbf). This is expected for tiles that were being prefetched but are no longer needed for the map to render.
03-29 18:48:59.344  1059  1131 I WifiHAL : Creating message to get link statistics; iface = 47
03-29 18:48:59.381  1059  1131 I WifiHAL : Getting cached scan results, iface handle = 0xb400007a9a3254d0
03-29 18:48:59.381  1059  1131 E WifiHAL : Creating message to get cached scan results
03-29 18:48:59.385  1059  1131 I WifiHAL : In GetCachedScanResultsCommand::handleResponse
03-29 18:48:59.407  1059  1131 D WifiHAL : Start debug command: mType GET_FEATURE
03-29 18:48:59.407  1059  1131 I WifiHAL : CreateRequest mType = GET_FEATURE
03-29 18:48:59.407  1059  1131 D WifiHAL : In DebugCommand::handleResponse, mType:GET_FEATURE
03-29 18:48:59.407  1059  1131 D WifiHAL : len = 4, expected len = 4
03-29 18:48:59.407  1580  2035 I HalDevMgr: bestIfaceCreationProposal is null, requestIface=STA, existingIface=[name=wlan0 type=STA]
03-29 18:48:59.418  1580  2042 D ConnectivityService: NetReassign [no changes] [c 4] [a 2] [i 4]
03-29 18:48:59.886  5976  5976 D BoundBrokerSvc: onUnbind: Intent { act=com.google.android.gms.measurement.START xflg=0x4 pkg=com.google.android.gms }
03-29 18:48:59.957  9587  9598 I pixel-thermal: VIRTUAL-SKIN-MODEL: model_input: [37515.00 37493.00 39452.00 33264.00 33353.00 33776.00 37871.00 41891.00 ]
03-29 18:48:59.957  9587  9598 I native  : I0000 00:00:1774781339.957770    9598 thermal_tflite_wrapper.cc:261] ThermalTfliteInvoke
03-29 18:48:59.958  9587  9598 I pixel-thermal: VIRTUAL-SKIN-MODEL: model_output: [35762.2 ]
03-29 18:48:59.958  9587  9598 I pixel-thermal: VIRTUAL-SKIN-MODEL: predicted_value: [35762.2 ]
03-29 18:48:59.958  9587  9598 I pixel-thermal: VIRTUAL-SKIN-CPU-MID:35.6306 raw data: VIRTUAL-SKIN:35630.6 VIRTUAL-SKIN-CPU-MID:35630.6 VIRTUAL-SKIN-LEGACY:36227.1 VIRTUAL-SKIN-LEGACY-MODEL-DIFF:464.938 VIRTUAL-SKIN-LEGACY-SHUTDOWN:0 VIRTUAL-SKIN-MODEL:35762.2 VIRTUAL-SKIN-MODEL-CLAMPED:35762.2 VIRTUAL-SKIN-MODEL-LEGACY-DIFF:-464.938 VIRTUAL-SKIN-MODEL-UPDATED:35630.6 VIRTUAL-SKIN-MODEL-UPPER-CLAMPED:35762.2 VIRTUAL-SKIN-SUB-0:35714.7 VIRTUAL-SKIN-SUB-1:35389 VIRTUAL-SKIN-SUB-2:36227.1 VIRTUAL-SKIN-SUB-3:36159.1 VIRTUAL-SKIN-SUB-4:35163.5 VT_LEGACY_WEIGHT:0 VT_MODEL_WEIGHT:1 battery:35300 btmspkr_therm:33353 charging_therm:39452 disp_therm:33776 north_therm:37871 quiet_therm:37493 rfpa_therm:37515 soc_therm:41891 usb_pwr_therm:33264 
03-29 18:48:59.958  9587  9598 I pixel-thermal: north_therm:37.871 raw data: north_therm:37871 
03-29 18:48:59.958  9587  9598 I pixel-thermal: VIRTUAL-SKIN-SOC:35.6306 raw data: VIRTUAL-SKIN:35630.6 VIRTUAL-SKIN-SOC:35630.6 
03-29 18:48:59.958  9587  9598 I pixel-thermal: VIRTUAL-SKIN-DISPLAY:35.6306 raw data: VIRTUAL-SKIN:35630.6 VIRTUAL-SKIN-DISPLAY:35630.6 
03-29 18:48:59.958  9587  9598 I pixel-thermal: CPU_THROTTLE_SEVERE:0 raw data: CPU_THROTTLE_SEVERE:0 
03-29 18:48:59.958  9587  9598 I pixel-thermal: VIRTUAL-SKIN:35.6306 raw data: VIRTUAL-SKIN:35630.6 
03-29 18:48:59.958  9587  9598 I pixel-thermal: VIRTUAL-SKIN-HINT:35.6306 raw data: VIRTUAL-SKIN:35630.6 VIRTUAL-SKIN-HINT:35630.6 
03-29 18:48:59.958  9587  9598 I pixel-thermal: VIRTUAL-SKIN-CPU-LIGHT-ODPM:35.6306 raw data: VIRTUAL-SKIN:35630.6 VIRTUAL-SKIN-CPU-LIGHT-ODPM:35630.6 
03-29 18:48:59.958  9587  9598 I pixel-thermal: VIRTUAL-SKIN-CPU-ODPM:35.6306 raw data: VIRTUAL-SKIN:35630.6 VIRTUAL-SKIN-CPU-ODPM:35630.6 
03-29 18:48:59.959  9587  9598 I pixel-thermal: VIRTUAL-SKIN-ODPM-MODEL: model_input: [37515.00 37493.00 39452.00 33264.00 33353.00 33776.00 37871.00 41891.00 35300.00 1315.17 10.02 352.12 47.31 2.62 94.04 ]
03-29 18:48:59.959  9587  9598 I native  : I0000 00:00:1774781339.959059    9598 thermal_tflite_wrapper.cc:261] ThermalTfliteInvoke
03-29 18:48:59.959  9587  9598 I pixel-thermal: VIRTUAL-SKIN-ODPM-MODEL: model_output: [34329.7 ]
03-29 18:48:59.959  9587  9598 I pixel-thermal: VIRTUAL-SKIN-ODPM-MODEL: predicted_value: [34329.7 ]
03-29 18:48:59.959  9587  9598 I pixel-thermal: VIRTUAL-SKIN-SPEAKER-MODEL: model_input: [35300.00 33353.00 39452.00 33776.00 37871.00 37493.00 37515.00 41891.00 33264.00 ]
03-29 18:48:59.959  9587  9598 I native  : I0000 00:00:1774781339.959644    9598 thermal_tflite_wrapper.cc:261] ThermalTfliteInvoke
03-29 18:48:59.959  9587  9598 I pixel-thermal: VIRTUAL-SKIN-SPEAKER-MODEL: model_output: [33670 ]
03-29 18:48:59.959  9587  9598 I pixel-thermal: VIRTUAL-SKIN-SPEAKER-MODEL: predicted_value: [33670 ]
03-29 18:48:59.959  9587  9598 I pixel-thermal: STATS-UPDATOR:0 raw data: EXTREME-SOC-CONDITION-CHECK:0 MAIN_SOC_POWER:1113.32 MODEL_CAMERA_PWR:10.0245 MODEL_DISPLAY_PWR:352.119 MODEL_MISC_PWR:1315.17 MODEL_MODEM_PWR:47.3055 MODEL_RFFE_PWR:2.6196 MODEL_WLAN_BT_PWR:94.0396 NORTH_THERM-UNDER-THRESHOLD:1 NORTH_THERM-VSKIN-DIFF-DURING-NORTH_THERM-OVER-THRESHOLD:-997760 NORTH_THERM-VSKIN-DIFF-DURING-VSKIN-OVER-52:-997760 QUIET_THERM-UNDER-THRESHOLD:1 QUIET_THERM-VSKIN-DIFF-DURING-QUIET_THERM-OVER-THRESHOLD:-998138 QUIET_THERM-VSKIN-DIFF-DURING-VSKIN-OVER-52:-998138 RFPA_THERM-UNDER-THRESHOLD:1 RFPA_THERM-VSKIN-DIFF-DURING-RFPA_THERM-OVER-THRESHOLD:-998116 RFPA_THERM-VSKIN-DIFF-DURING-VSKIN-OVER-52:-998116 SOC_THERM-UNDER-THRESHOLD:1 SOC_THERM-VSKIN-DIFF-DURING-SOC_THERM-OVER-THRESHOLD:-993740 SOC_THERM-VSKIN-DIFF-DURING-VSKIN-OVER-52:-993740 STATS-UPDATOR:0 TPU_35S:0 VIRTUAL-SKIN:35630.6 VIRTUAL-SKIN-LEGACY:36227.1 VIRTUAL-SKIN-MODEL:35762.2 VIRTUAL-SKIN-MODEL-LEGACY-DIFF:-464.938 VIRTUAL-SKIN-ODPM-MODEL:34329.7 VIRTUAL-SKIN-SPEAKER-MODEL:33670 VSKIN-SKIN-UNDER-52:1 battery:35300 btmspkr_therm:33353 charging_therm:39452 disp_therm:33776 north_therm:37871 quiet_therm:37493 rfpa_therm:37515 soc_therm:41891 usb_pwr_therm:33264 
03-29 18:48:59.959  9587  9598 I pixel-thermal: VIRTUAL-SKIN-CPU-HIGH:35.6306 raw data: VIRTUAL-SKIN:35630.6 VIRTUAL-SKIN-CPU-HIGH:35630.6 
03-29 18:48:59.960  9587  9598 I pixel-thermal: quiet_therm:37.493 raw data: quiet_therm:37493 
03-29 18:48:59.960  9587  9598 I pixel-thermal: cellular-emergency:35.6306 raw data: VIRTUAL-SKIN:35630.6 cellular-emergency:35630.6 
03-29 18:49:01.001  4987 28188 I NearbyMediums: No BLE Fast/GATT advertisements found in the latest cycle.
03-29 18:49:01.001  4987 28188 I NearbyMediums: Current Tracked Scanning Clients are : {NearbyConnections.EnvironmentMonitor, NearbySharing, NearbyConnections.TxAdvertisement}
03-29 18:49:02.365  9587  9598 I pixel-thermal: charging_therm:39.452 raw data: charging_therm:39452 
03-29 18:49:02.367  9587  9598 I pixel-thermal: VIRTUAL-SKIN-CHARGE:35.6696 raw data: VIRTUAL-SKIN-CHARGE:35669.6 VIRTUAL-SKIN-CHARGE-SUB-0:35318.6 VIRTUAL-SKIN-CHARGE-SUB-1:35669.6 btmspkr_therm:33353 charging_therm:39452 disp_therm:33776 north_therm:37871 quiet_therm:37493 rfpa_therm:37515 soc_therm:41891 usb_pwr_therm:33264 
03-29 18:49:02.367  9587  9598 I pixel-thermal: VIRTUAL-SKIN-CHARGE power_budget=3856.09 err=2.33043 s_power=2527 time_elapsed_ms=7016 p=277.322 i=1302 d=-0 dt_per_min=nan compensation=0 budget transient=0 control target=2 excluded power budget=250.233 (PARTIAL_SYSTEM_POWER: 2085.28 mW, cdev_weight: 0.120000)
03-29 18:49:02.367  9587  9598 I pixel-thermal: VIRTUAL-SKIN-CHARGE-WLC:35.9034 raw data: VIRTUAL-SKIN-CHARGE-WLC:35903.4 charging_therm:39452 soc_therm:41891 usb_pwr_therm:33264 
03-29 18:49:02.368  9587  9598 I pixel-thermal: VIRTUAL-SKIN-CHARGE-WLC power_budget=3413.68 err=5.09665 s_power=1383 time_elapsed_ms=7016 p=1085.59 i=1383 d=-0 dt_per_min=nan compensation=0 budget transient=0 control target=2 excluded power budget=437.908 (PARTIAL_SYSTEM_POWER: 2085.28 mW, cdev_weight: 0.210000)
03-29 18:49:02.370  9587  9598 I pixel-thermal: Successfully update cdev dc_icl sysfs to 3
03-29 18:49:02.408  1059  1131 I WifiHAL : Creating message to get link statistics; iface = 47
03-29 18:49:02.450  1059  1131 I WifiHAL : Getting cached scan results, iface handle = 0xb400007a9a3254d0
03-29 18:49:02.450  1059  1131 E WifiHAL : Creating message to get cached scan results
03-29 18:49:02.460  9587  9598 I pixel-thermal: soc_therm:41.891 raw data: soc_therm:41891 
03-29 18:49:02.462  1059  1131 I WifiHAL : In GetCachedScanResultsCommand::handleResponse
03-29 18:49:02.487  1059  1131 D WifiHAL : Start debug command: mType GET_FEATURE
03-29 18:49:02.487  1059  1131 I WifiHAL : CreateRequest mType = GET_FEATURE
03-29 18:49:02.487  1059  1131 D WifiHAL : In DebugCommand::handleResponse, mType:GET_FEATURE
03-29 18:49:02.487  1059  1131 D WifiHAL : len = 4, expected len = 4
03-29 18:49:02.488  1580  2035 I HalDevMgr: bestIfaceCreationProposal is null, requestIface=STA, existingIface=[name=wlan0 type=STA]
03-29 18:49:02.498  1580  2042 D ConnectivityService: NetReassign [no changes] [c 3] [a 2] [i 4]
03-29 18:49:02.584  9587  9598 I pixel-thermal: rfpa_therm:37.515 raw data: rfpa_therm:37515 
03-29 18:49:02.613 30714  4985 I emwq    : (REDACTED) appOpsListener %s %s
03-29 18:49:02.613 30714  4985 I emwq    : (REDACTED) Ignoring irrelevant audio permission changes for package %s
03-29 18:49:02.849  1580  1938 I JobServiceContext: Letting 4174940 #u0a178/10001 com.android.vending/com.google.android.finsky.scheduler.process.backgroundimpl.PhoneskyJobServiceBackground continue to run past min execution time
03-29 18:49:02.850  1580  1938 W AnrTimerService: error: canceling id=798098 pid=0 uid=10178 status=expired
03-29 18:49:02.934  4987  4987 D BoundBrokerSvc: onUnbind: Intent { act=com.google.android.gms.presencemanager.service.START dat=chimera-action:/... xflg=0x4 cmp=com.google.android.gms/.chimera.PersistentApiService }
03-29 18:49:02.937  4987  4987 D BoundBrokerSvc: onUnbind: Intent { act=com.google.android.gms.presencemanager.service.INTERNAL_IDENTITY dat=chimera-action:/... xflg=0x4 cmp=com.google.android.gms/.chimera.PersistentApiService }
03-29 18:49:03.204  1580  1946 D ActivityManager: freezing 27845 com.google.android.apps.fitness
03-29 18:49:03.210  1580  2042 D InetDiagMessage: Destroyed 0 sockets, proto=IPPROTO_TCP, family=AF_INET, states=14
03-29 18:49:03.212  1580  2042 D InetDiagMessage: Destroyed 0 sockets, proto=IPPROTO_TCP, family=AF_INET6, states=14
03-29 18:49:03.212  1580  2042 D InetDiagMessage: Destroyed live tcp sockets for uids={10306} in 3ms
03-29 18:49:03.588  9587  9598 I pixel-thermal: disp_therm:33.776 raw data: disp_therm:33776 
03-29 18:49:03.588  9587  9598 I pixel-thermal: VIRTUAL-USB-UI:0 raw data: USB-MINUS-CHARGER:-6188 VIRTUAL-USB-UI:0 charging_therm:39452 usb_pwr_therm:33264 
03-29 18:49:03.588  9587  9598 I pixel-thermal: btmspkr_therm:33.353 raw data: btmspkr_therm:33353 
03-29 18:49:03.588  9587  9598 I pixel-thermal: usb_pwr_therm:33.264 raw data: usb_pwr_therm:33264 
03-29 18:49:03.588  9587  9598 I pixel-thermal: VIRTUAL-USB-THROTTLING:0 raw data: USB-MINUS-CHARGER:-6188 VIRTUAL-USB-THROTTLING:0 usb_pwr_therm:33264 
03-29 18:49:04.231  2332  2544 D TemperatureStateSource: sequence=42328 actualDelay=10000
03-29 18:49:04.231  2332  2544 D TemperatureStateSource: Reading temperature: sequence=42329
03-29 18:49:04.233  9587  9587 I pixel-thermal: CPU_THROTTLE_SEVERE:0 raw data: CPU_THROTTLE_SEVERE:0 
03-29 18:49:04.233  9587  9587 I pixel-thermal: VIRTUAL-SKIN:35.6832 raw data: VIRTUAL-SKIN:35683.2 VIRTUAL-SKIN-LEGACY:36229.8 VIRTUAL-SKIN-LEGACY-MODEL-DIFF:467.637 VIRTUAL-SKIN-LEGACY-SHUTDOWN:0 VIRTUAL-SKIN-MODEL:35762.2 VIRTUAL-SKIN-MODEL-CLAMPED:35762.2 VIRTUAL-SKIN-MODEL-LEGACY-DIFF:-467.637 VIRTUAL-SKIN-MODEL-UPDATED:35683.2 VIRTUAL-SKIN-MODEL-UPPER-CLAMPED:35762.2 VIRTUAL-SKIN-SUB-0:35716.6 VIRTUAL-SKIN-SUB-1:35402.6 VIRTUAL-SKIN-SUB-2:36229.8 VIRTUAL-SKIN-SUB-3:36163.9 VIRTUAL-SKIN-SUB-4:35196.7 VT_LEGACY_WEIGHT:0 VT_MODEL_WEIGHT:1 battery:35400 btmspkr_therm:33353 charging_therm:39452 disp_therm:33776 north_therm:37871 quiet_therm:37493 rfpa_therm:37515 soc_therm:41891 usb_pwr_therm:33264 
03-29 18:49:04.233  2332  2544 D TemperatureStateSource: getDeviceTemperatures: sequence=42329 deviceTemperatureType=3 temperatureSource=0 temperatures=[35.68323]
03-29 18:49:04.233  2332  2544 D BusinessScope: Enqueuing the block
03-29 18:49:04.233  2332  2544 D TemperatureStateSource: sequence=42329 waitTime=10000
03-29 18:49:04.233  2332  2631 D BusinessScope: Start running the #86132 block
03-29 18:49:04.233  2332  2631 D BusinessScope: Enqueuing the block
03-29 18:49:04.233  2332  2631 D ImpulseStateSource: Notify clients: 43053
03-29 18:49:04.234  2332  2631 D BusinessScope: Finish running the #86132 block
03-29 18:49:04.234  2332  2631 D BusinessScope: Start running the #86133 block
03-29 18:49:04.234  2332  2631 D BusinessScope: Finish running the #86133 block
03-29 18:49:04.238  1580  1946 D ActivityManager: freezing 28784 com.google.android.apps.turbo
03-29 18:49:04.242  1580  2042 D InetDiagMessage: Destroyed 0 sockets, proto=IPPROTO_TCP, family=AF_INET, states=14
03-29 18:49:04.245  1580  2042 D InetDiagMessage: Destroyed 0 sockets, proto=IPPROTO_TCP, family=AF_INET6, states=14
03-29 18:49:04.245  1580  2042 D InetDiagMessage: Destroyed live tcp sockets for uids={10135} in 5ms
03-29 18:49:05.492  1059  1131 I WifiHAL : Creating message to get link statistics; iface = 47
03-29 18:49:05.537  1059  3044 I WifiHAL : Getting cached scan results, iface handle = 0xb400007a9a3254d0
03-29 18:49:05.537  1059  3044 E WifiHAL : Creating message to get cached scan results
03-29 18:49:05.544  1059  3044 I WifiHAL : In GetCachedScanResultsCommand::handleResponse
03-29 18:49:05.568  1059  3044 D WifiHAL : Start debug command: mType GET_FEATURE
03-29 18:49:05.568  1059  3044 I WifiHAL : CreateRequest mType = GET_FEATURE
03-29 18:49:05.568  1059  3044 D WifiHAL : In DebugCommand::handleResponse, mType:GET_FEATURE
03-29 18:49:05.568  1059  3044 D WifiHAL : len = 4, expected len = 4
03-29 18:49:05.569  1580  2035 I HalDevMgr: bestIfaceCreationProposal is null, requestIface=STA, existingIface=[name=wlan0 type=STA]
03-29 18:49:05.575  1580  2042 D ConnectivityService: NetReassign [no changes] [c 2] [a 1] [i 3]
03-29 18:49:06.616  1580  2042 D InetDiagMessage: Destroyed 1 sockets, proto=IPPROTO_TCP, family=AF_INET, states=14
03-29 18:49:06.618  1580  2042 D InetDiagMessage: Destroyed 0 sockets, proto=IPPROTO_TCP, family=AF_INET6, states=14
03-29 18:49:06.618  1580  2042 D InetDiagMessage: Destroyed live tcp sockets for uids={10281} in 4ms
03-29 18:49:06.620  1580  2042 D InetDiagMessage: Destroyed 0 sockets, proto=IPPROTO_TCP, family=AF_INET, states=14
03-29 18:49:06.621 26663 26961 E msys    : E[N MQTT]readErr(151)=>TCPStreamTransport readErr
03-29 18:49:06.621 26663 26961 E msys    : E[N MQTT]onReadError(657)=>Read Error: AsyncSocketException: recv() failed (peer=31.13.87.9:443), type = Internal error, errno = 103 (Software caused connection abort)
03-29 18:49:06.621  1580  2042 D InetDiagMessage: Destroyed 0 sockets, proto=IPPROTO_TCP, family=AF_INET6, states=14
03-29 18:49:06.621  1580  2042 D InetDiagMessage: Destroyed live tcp sockets for uids={20281} in 3ms
03-29 18:49:06.625  1580  4685 D ConnectivityService: Returning BLOCKED NetworkInfo to uid=10281
03-29 18:49:06.629 26663 26783 W RealtimeClientManager: Channel state: MqttChannelState{mConnectionState=DISCONNECTED, mDisconnectionReason=null, mLastConnectionMs=1389772141, mLastDisconnectMs=1389958968}
03-29 18:49:06.646 26663 26783 W RealtimeClientManager: Channel state: MqttChannelState{mConnectionState=CONNECTING, mDisconnectionReason=null, mLastConnectionMs=1389772141, mLastDisconnectMs=1389958968}
03-29 18:49:06.649 26663 26961 E msys    : E[N MQTT]onOSNetworkDisconnected(740)=>LigerBasedStreamTransport onOSNetworkDisconnected
03-29 18:49:06.656 26663 26783 W RealtimeClientManager: Channel state: MqttChannelState{mConnectionState=DISCONNECTED, mDisconnectionReason=null, mLastConnectionMs=1389772141, mLastDisconnectMs=1389958996}
03-29 18:49:06.971  9587  9598 I pixel-thermal: VIRTUAL-SKIN-MODEL: model_input: [37649.00 37537.00 39830.00 33264.00 33308.00 33798.00 38161.00 43174.00 ]
03-29 18:49:06.972  9587  9598 I native  : I0000 00:00:1774781346.971971    9598 thermal_tflite_wrapper.cc:261] ThermalTfliteInvoke
03-29 18:49:06.972  9587  9598 I pixel-thermal: VIRTUAL-SKIN-MODEL: model_output: [35915.9 ]
03-29 18:49:06.972  9587  9598 I pixel-thermal: VIRTUAL-SKIN-MODEL: predicted_value: [35915.9 ]
03-29 18:49:06.972  9587  9598 I pixel-thermal: VIRTUAL-SKIN-CPU-MID:35.7763 raw data: VIRTUAL-SKIN:35776.3 VIRTUAL-SKIN-CPU-MID:35776.3 VIRTUAL-SKIN-LEGACY:36535.6 VIRTUAL-SKIN-LEGACY-MODEL-DIFF:619.777 VIRTUAL-SKIN-LEGACY-SHUTDOWN:0 VIRTUAL-SKIN-MODEL:35915.9 VIRTUAL-SKIN-MODEL-CLAMPED:35915.9 VIRTUAL-SKIN-MODEL-LEGACY-DIFF:-619.777 VIRTUAL-SKIN-MODEL-UPDATED:35776.3 VIRTUAL-SKIN-MODEL-UPPER-CLAMPED:35915.9 VIRTUAL-SKIN-SUB-0:36072.2 VIRTUAL-SKIN-SUB-1:35483.9 VIRTUAL-SKIN-SUB-2:36535.6 VIRTUAL-SKIN-SUB-3:36363.7 VIRTUAL-SKIN-SUB-4:35258.1 VT_LEGACY_WEIGHT:0 VT_MODEL_WEIGHT:1 battery:35400 btmspkr_therm:33308 charging_therm:39830 disp_therm:33798 north_therm:38161 quiet_therm:37537 rfpa_therm:37649 soc_therm:43174 usb_pwr_therm:33264 
03-29 18:49:06.972  9587  9598 I pixel-thermal: north_therm:38.161 raw data: north_therm:38161 
03-29 18:49:06.972  9587  9598 I pixel-thermal: VIRTUAL-SKIN-SOC:35.7763 raw data: VIRTUAL-SKIN:35776.3 VIRTUAL-SKIN-SOC:35776.3 
03-29 18:49:06.972  9587  9598 I pixel-thermal: VIRTUAL-SKIN-DISPLAY:35.7763 raw data: VIRTUAL-SKIN:35776.3 VIRTUAL-SKIN-DISPLAY:35776.3 
03-29 18:49:06.972  9587  9598 I pixel-thermal: CPU_THROTTLE_SEVERE:0 raw data: CPU_THROTTLE_SEVERE:0 
03-29 18:49:06.972  9587  9598 I pixel-thermal: VIRTUAL-SKIN:35.7763 raw data: VIRTUAL-SKIN:35776.3 
03-29 18:49:06.972  9587  9598 I pixel-thermal: VIRTUAL-SKIN-HINT:35.7763 raw data: VIRTUAL-SKIN:35776.3 VIRTUAL-SKIN-HINT:35776.3 
03-29 18:49:06.972  9587  9598 I pixel-thermal: VIRTUAL-SKIN-CPU-LIGHT-ODPM:35.7763 raw data: VIRTUAL-SKIN:35776.3 VIRTUAL-SKIN-CPU-LIGHT-ODPM:35776.3 
03-29 18:49:06.972  9587  9598 I pixel-thermal: VIRTUAL-SKIN-CPU-ODPM:35.7763 raw data: VIRTUAL-SKIN:35776.3 VIRTUAL-SKIN-CPU-ODPM:35776.3 
03-29 18:49:06.972  9587  9598 I pixel-thermal: VIRTUAL-SKIN-ODPM-MODEL: model_input: [37649.00 37537.00 39830.00 33264.00 33308.00 33798.00 38161.00 43174.00 35400.00 1347.42 10.03 358.24 47.58 2.63 90.57 ]
03-29 18:49:06.972  9587  9598 I native  : I0000 00:00:1774781346.972567    9598 thermal_tflite_wrapper.cc:261] ThermalTfliteInvoke
03-29 18:49:06.972  9587  9598 I pixel-thermal: VIRTUAL-SKIN-ODPM-MODEL: model_output: [34653 ]
03-29 18:49:06.972  9587  9598 I pixel-thermal: VIRTUAL-SKIN-ODPM-MODEL: predicted_value: [34653 ]
03-29 18:49:06.972  9587  9598 I pixel-thermal: VIRTUAL-SKIN-SPEAKER-MODEL: model_input: [35400.00 33308.00 39830.00 33798.00 38161.00 37537.00 37649.00 43174.00 33264.00 ]
03-29 18:49:06.972  9587  9598 I native  : I0000 00:00:1774781346.972763    9598 thermal_tflite_wrapper.cc:261] ThermalTfliteInvoke
03-29 18:49:06.972  9587  9598 I pixel-thermal: VIRTUAL-SKIN-SPEAKER-MODEL: model_output: [33872.7 ]
03-29 18:49:06.972  9587  9598 I pixel-thermal: VIRTUAL-SKIN-SPEAKER-MODEL: predicted_value: [33872.7 ]
03-29 18:49:06.972  9587  9598 I pixel-thermal: STATS-UPDATOR:0 raw data: EXTREME-SOC-CONDITION-CHECK:0 MAIN_SOC_POWER:1427.82 MODEL_CAMERA_PWR:10.0284 MODEL_DISPLAY_PWR:358.235 MODEL_MISC_PWR:1347.42 MODEL_MODEM_PWR:47.5802 MODEL_RFFE_PWR:2.62728 MODEL_WLAN_BT_PWR:90.5663 NORTH_THERM-UNDER-THRESHOLD:1 NORTH_THERM-VSKIN-DIFF-DURING-NORTH_THERM-OVER-THRESHOLD:-997615 NORTH_THERM-VSKIN-DIFF-DURING-VSKIN-OVER-52:-997615 QUIET_THERM-UNDER-THRESHOLD:1 QUIET_THERM-VSKIN-DIFF-DURING-QUIET_THERM-OVER-THRESHOLD:-998239 QUIET_THERM-VSKIN-DIFF-DURING-VSKIN-OVER-52:-998239 RFPA_THERM-UNDER-THRESHOLD:1 RFPA_THERM-VSKIN-DIFF-DURING-RFPA_THERM-OVER-THRESHOLD:-998127 RFPA_THERM-VSKIN-DIFF-DURING-VSKIN-OVER-52:-998127 SOC_THERM-UNDER-THRESHOLD:1 SOC_THERM-VSKIN-DIFF-DURING-SOC_THERM-OVER-THRESHOLD:-992602 SOC_THERM-VSKIN-DIFF-DURING-VSKIN-OVER-52:-992602 STATS-UPDATOR:0 TPU_35S:0 VIRTUAL-SKIN:35776.3 VIRTUAL-SKIN-LEGACY:36535.6 VIRTUAL-SKIN-MODEL:35915.9 VIRTUAL-SKIN-MODEL-LEGACY-DIFF:-619.777 VIRTUAL-SKIN-ODPM-MODEL:34653 VIRTUAL-SKIN-SPEAKER-MODEL:33872.7 VSKIN-SKIN-UNDER-52:1 battery:35400 btmspkr_therm:33308 charging_therm:39830 disp_therm:33798 north_therm:38161 quiet_therm:37537 rfpa_therm:37649 soc_therm:43174 usb_pwr_therm:33264 
03-29 18:49:06.972  9587  9598 I pixel-thermal: VIRTUAL-SKIN-CPU-HIGH:35.7763 raw data: VIRTUAL-SKIN:35776.3 VIRTUAL-SKIN-CPU-HIGH:35776.3 
03-29 18:49:06.972  9587  9598 I pixel-thermal: quiet_therm:37.537 raw data: quiet_therm:37537 
03-29 18:49:06.972  9587  9598 I pixel-thermal: cellular-emergency:35.7763 raw data: VIRTUAL-SKIN:35776.3 cellular-emergency:35776.3 
03-29 18:49:06.990  1580  2042 D InetDiagMessage: Destroyed 0 sockets, proto=IPPROTO_TCP, family=AF_INET, states=14
03-29 18:49:06.991  1580  2042 D InetDiagMessage: Destroyed 0 sockets, proto=IPPROTO_TCP, family=AF_INET6, states=14
03-29 18:49:06.991  1580  2042 D InetDiagMessage: Destroyed live tcp sockets for uids={10120} in 3ms
03-29 18:49:06.992  1580  2042 D InetDiagMessage: Destroyed 0 sockets, proto=IPPROTO_TCP, family=AF_INET, states=14
03-29 18:49:06.993  1580  2042 D InetDiagMessage: Destroyed 0 sockets, proto=IPPROTO_TCP, family=AF_INET6, states=14
03-29 18:49:06.993  1580  2042 D InetDiagMessage: Destroyed live tcp sockets for uids={20120} in 2ms
03-29 18:49:07.659 26663 26783 W RealtimeClientManager: Channel state: MqttChannelState{mConnectionState=CONNECTING, mDisconnectionReason=null, mLastConnectionMs=1389772141, mLastDisconnectMs=1389958996}
03-29 18:49:08.572  1059  1131 I WifiHAL : Creating message to get link statistics; iface = 47
03-29 18:49:08.610  1059  3044 I WifiHAL : Getting cached scan results, iface handle = 0xb400007a9a3254d0
03-29 18:49:08.610  1059  3044 E WifiHAL : Creating message to get cached scan results
03-29 18:49:08.615  1059  3044 I WifiHAL : In GetCachedScanResultsCommand::handleResponse
03-29 18:49:08.638  1059  3044 D WifiHAL : Start debug command: mType GET_FEATURE
03-29 18:49:08.638  1059  3044 I WifiHAL : CreateRequest mType = GET_FEATURE
03-29 18:49:08.638  1059  3044 D WifiHAL : In DebugCommand::handleResponse, mType:GET_FEATURE
03-29 18:49:08.638  1059  3044 D WifiHAL : len = 4, expected len = 4
03-29 18:49:08.639  1580  2035 I HalDevMgr: bestIfaceCreationProposal is null, requestIface=STA, existingIface=[name=wlan0 type=STA]
03-29 18:49:08.641  1580  2042 D ConnectivityService: NetReassign [no changes] [c 1] [a 0] [i 1]
03-29 18:49:09.409  9587  9598 I pixel-thermal: charging_therm:39.83 raw data: charging_therm:39830 
03-29 18:49:09.410  9587  9598 I pixel-thermal: VIRTUAL-SKIN-CHARGE:35.8522 raw data: VIRTUAL-SKIN-CHARGE:35852.2 VIRTUAL-SKIN-CHARGE-SUB-0:35439.8 VIRTUAL-SKIN-CHARGE-SUB-1:35852.2 btmspkr_therm:33308 charging_therm:39830 disp_therm:33798 north_therm:38161 quiet_therm:37537 rfpa_therm:37649 soc_therm:43174 usb_pwr_therm:33264 
03-29 18:49:09.410  9587  9598 I pixel-thermal: VIRTUAL-SKIN-CHARGE power_budget=3809.84 err=2.14782 s_power=2527 time_elapsed_ms=7019 p=255.591 i=1302 d=-0 dt_per_min=nan compensation=0 budget transient=0 control target=2 excluded power budget=274.754 (PARTIAL_SYSTEM_POWER: 2289.61 mW, cdev_weight: 0.120000)
03-29 18:49:09.410  9587  9598 I pixel-thermal: VIRTUAL-SKIN-CHARGE-WLC:36.2963 raw data: VIRTUAL-SKIN-CHARGE-WLC:36296.3 charging_therm:39830 soc_therm:43174 usb_pwr_therm:33264 
03-29 18:49:09.411  9587  9598 I pixel-thermal: VIRTUAL-SKIN-CHARGE-WLC power_budget=3287.06 err=4.70366 s_power=1383 time_elapsed_ms=7019 p=1001.88 i=1383 d=-0 dt_per_min=nan compensation=0 budget transient=0 control target=2 excluded power budget=480.819 (PARTIAL_SYSTEM_POWER: 2289.61 mW, cdev_weight: 0.210000)
03-29 18:49:09.415  9587  9598 I pixel-thermal: Successfully update cdev dc_icl sysfs to 4
03-29 18:49:09.482  9587  9598 I pixel-thermal: soc_therm:43.174 raw data: soc_therm:43174 
03-29 18:49:09.596  9587  9598 I pixel-thermal: rfpa_therm:37.649 raw data: rfpa_therm:37649 
03-29 18:49:10.599  9587  9598 I pixel-thermal: disp_therm:33.798 raw data: disp_therm:33798 
03-29 18:49:10.599  9587  9598 I pixel-thermal: VIRTUAL-USB-UI:0 raw data: USB-MINUS-CHARGER:-6566 VIRTUAL-USB-UI:0 charging_therm:39830 usb_pwr_therm:33264 
03-29 18:49:10.600  9587  9598 I pixel-thermal: btmspkr_therm:33.308 raw data: btmspkr_therm:33308 
03-29 18:49:10.600  9587  9598 I pixel-thermal: usb_pwr_therm:33.264 raw data: usb_pwr_therm:33264 
03-29 18:49:10.600  9587  9598 I pixel-thermal: VIRTUAL-USB-THROTTLING:0 raw data: USB-MINUS-CHARGER:-6566 VIRTUAL-USB-THROTTLING:0 usb_pwr_therm:33264 
03-29 18:49:11.002  4987 28189 I NearbyMediums: No BLE Fast/GATT advertisements found in the latest cycle.
03-29 18:49:11.002  4987 28189 I NearbyMediums: Current Tracked Scanning Clients are : {NearbyConnections.EnvironmentMonitor, NearbySharing, NearbyConnections.TxAdvertisement}
03-29 18:49:11.640  1580  1946 D ActivityManager: freezing 26663 com.instagram.android
03-29 18:49:11.641  1059  3044 I WifiHAL : Creating message to get link statistics; iface = 47
03-29 18:49:11.648  1580  2042 D InetDiagMessage: Destroyed 1 sockets, proto=IPPROTO_TCP, family=AF_INET, states=14
03-29 18:49:11.649  1580  2042 D InetDiagMessage: Destroyed 0 sockets, proto=IPPROTO_TCP, family=AF_INET6, states=14
03-29 18:49:11.649  1580  2042 D InetDiagMessage: Destroyed live tcp sockets for uids={10281} in 1ms
03-29 18:49:11.689  1059  3044 I WifiHAL : Getting cached scan results, iface handle = 0xb400007a9a3254d0
03-29 18:49:11.690  1059  3044 E WifiHAL : Creating message to get cached scan results
03-29 18:49:11.693  1059  3044 I WifiHAL : In GetCachedScanResultsCommand::handleResponse
03-29 18:49:11.716  1059  3044 D WifiHAL : Start debug command: mType GET_FEATURE
03-29 18:49:11.716  1059  3044 I WifiHAL : CreateRequest mType = GET_FEATURE
03-29 18:49:11.716  1059  3044 D WifiHAL : In DebugCommand::handleResponse, mType:GET_FEATURE
03-29 18:49:11.716  1059  3044 D WifiHAL : len = 4, expected len = 4
03-29 18:49:11.716  1580  2035 I HalDevMgr: bestIfaceCreationProposal is null, requestIface=STA, existingIface=[name=wlan0 type=STA]
03-29 18:49:13.122  4987  4987 D BoundBrokerSvc: onUnbind: Intent { act=com.google.android.gms.libs.gmscorelogger.service.START dat=chimera-action:/... xflg=0x4 cmp=com.google.android.gms/.chimera.PersistentDirectBootAwareApiService }
03-29 18:49:13.983  9587  9598 I pixel-thermal: VIRTUAL-SKIN-MODEL: model_input: [37805.00 37626.00 40142.00 33353.00 33330.00 33820.00 38361.00 43838.00 ]
03-29 18:49:13.983  9587  9598 I native  : I0000 00:00:1774781353.983477    9598 thermal_tflite_wrapper.cc:261] ThermalTfliteInvoke
03-29 18:49:13.983  9587  9598 I pixel-thermal: VIRTUAL-SKIN-MODEL: model_output: [36169.9 ]
03-29 18:49:13.983  9587  9598 I pixel-thermal: VIRTUAL-SKIN-MODEL: predicted_value: [36169.9 ]
03-29 18:49:13.984  9587  9598 I pixel-thermal: VIRTUAL-SKIN-CPU-MID:35.9338 raw data: VIRTUAL-SKIN:35933.8 VIRTUAL-SKIN-CPU-MID:35933.8 VIRTUAL-SKIN-LEGACY:36736.3 VIRTUAL-SKIN-LEGACY-MODEL-DIFF:566.344 VIRTUAL-SKIN-LEGACY-SHUTDOWN:0 VIRTUAL-SKIN-MODEL:36169.9 VIRTUAL-SKIN-MODEL-CLAMPED:36169.9 VIRTUAL-SKIN-MODEL-LEGACY-DIFF:-566.344 VIRTUAL-SKIN-MODEL-UPDATED:35933.8 VIRTUAL-SKIN-MODEL-UPPER-CLAMPED:36169.9 VIRTUAL-SKIN-SUB-0:36304.6 VIRTUAL-SKIN-SUB-1:35581.4 VIRTUAL-SKIN-SUB-2:36736.3 VIRTUAL-SKIN-SUB-3:36521.6 VIRTUAL-SKIN-SUB-4:35364.3 VT_LEGACY_WEIGHT:0 VT_MODEL_WEIGHT:1 battery:35500 btmspkr_therm:33330 charging_therm:40142 disp_therm:33820 north_therm:38361 quiet_therm:37626 rfpa_therm:37805 soc_therm:43838 usb_pwr_therm:33353 
03-29 18:49:13.984  9587  9598 I pixel-thermal: north_therm:38.361 raw data: north_therm:38361 
03-29 18:49:13.984  9587  9598 I pixel-thermal: VIRTUAL-SKIN-SOC:35.9338 raw data: VIRTUAL-SKIN:35933.8 VIRTUAL-SKIN-SOC:35933.8 
03-29 18:49:13.984  9587  9598 I pixel-thermal: VIRTUAL-SKIN-DISPLAY:35.9338 raw data: VIRTUAL-SKIN:35933.8 VIRTUAL-SKIN-DISPLAY:35933.8 
03-29 18:49:13.984  9587  9598 I pixel-thermal: CPU_THROTTLE_SEVERE:0 raw data: CPU_THROTTLE_SEVERE:0 
03-29 18:49:13.984  9587  9598 I pixel-thermal: VIRTUAL-SKIN:35.9338 raw data: VIRTUAL-SKIN:35933.8 
03-29 18:49:13.984  9587  9598 I pixel-thermal: VIRTUAL-SKIN-HINT:35.9338 raw data: VIRTUAL-SKIN:35933.8 VIRTUAL-SKIN-HINT:35933.8 
03-29 18:49:13.984  9587  9598 I pixel-thermal: VIRTUAL-SKIN-CPU-LIGHT-ODPM:35.9338 raw data: VIRTUAL-SKIN:35933.8 VIRTUAL-SKIN-CPU-LIGHT-ODPM:35933.8 
03-29 18:49:13.984  9587  9598 I pixel-thermal: VIRTUAL-SKIN-CPU-ODPM:35.9338 raw data: VIRTUAL-SKIN:35933.8 VIRTUAL-SKIN-CPU-ODPM:35933.8 
03-29 18:49:13.984  9587  9598 I pixel-thermal: VIRTUAL-SKIN-ODPM-MODEL: model_input: [37805.00 37626.00 40142.00 33353.00 33330.00 33820.00 38361.00 43838.00 35500.00 1374.46 10.00 364.98 47.84 2.60 86.42 ]
03-29 18:49:13.985  9587  9598 I native  : I0000 00:00:1774781353.985030    9598 thermal_tflite_wrapper.cc:261] ThermalTfliteInvoke
03-29 18:49:13.985  9587  9598 I pixel-thermal: VIRTUAL-SKIN-ODPM-MODEL: model_output: [34961.6 ]
03-29 18:49:13.985  9587  9598 I pixel-thermal: VIRTUAL-SKIN-ODPM-MODEL: predicted_value: [34961.6 ]
03-29 18:49:13.985  9587  9598 I pixel-thermal: VIRTUAL-SKIN-SPEAKER-MODEL: model_input: [35500.00 33330.00 40142.00 33820.00 38361.00 37626.00 37805.00 43838.00 33353.00 ]
03-29 18:49:13.985  9587  9598 I native  : I0000 00:00:1774781353.985650    9598 thermal_tflite_wrapper.cc:261] ThermalTfliteInvoke
03-29 18:49:13.985  9587  9598 I pixel-thermal: VIRTUAL-SKIN-SPEAKER-MODEL: model_output: [34081.8 ]
03-29 18:49:13.985  9587  9598 I pixel-thermal: VIRTUAL-SKIN-SPEAKER-MODEL: predicted_value: [34081.8 ]
03-29 18:49:13.985  9587  9598 I pixel-thermal: STATS-UPDATOR:0 raw data: EXTREME-SOC-CONDITION-CHECK:0 MAIN_SOC_POWER:1625.65 MODEL_CAMERA_PWR:10.0029 MODEL_DISPLAY_PWR:364.976 MODEL_MISC_PWR:1374.46 MODEL_MODEM_PWR:47.8369 MODEL_RFFE_PWR:2.59979 MODEL_WLAN_BT_PWR:86.4172 NORTH_THERM-UNDER-THRESHOLD:1 NORTH_THERM-VSKIN-DIFF-DURING-NORTH_THERM-OVER-THRESHOLD:-997573 NORTH_THERM-VSKIN-DIFF-DURING-VSKIN-OVER-52:-997573 QUIET_THERM-UNDER-THRESHOLD:1 QUIET_THERM-VSKIN-DIFF-DURING-QUIET_THERM-OVER-THRESHOLD:-998308 QUIET_THERM-VSKIN-DIFF-DURING-VSKIN-OVER-52:-998308 RFPA_THERM-UNDER-THRESHOLD:1 RFPA_THERM-VSKIN-DIFF-DURING-RFPA_THERM-OVER-THRESHOLD:-998129 RFPA_THERM-VSKIN-DIFF-DURING-VSKIN-OVER-52:-998129 SOC_THERM-UNDER-THRESHOLD:1 SOC_THERM-VSKIN-DIFF-DURING-SOC_THERM-OVER-THRESHOLD:-992096 SOC_THERM-VSKIN-DIFF-DURING-VSKIN-OVER-52:-992096 STATS-UPDATOR:0 TPU_35S:0 VIRTUAL-SKIN:35933.8 VIRTUAL-SKIN-LEGACY:36736.3 VIRTUAL-SKIN-MODEL:36169.9 VIRTUAL-SKIN-MODEL-LEGACY-DIFF:-566.344 VIRTUAL-SKIN-ODPM-MODEL:34961.6 VIRTUAL-SKIN-SPEAKER-MODEL:34081.8 VSKIN-SKIN-UNDER-52:1 battery:35500 btmspkr_therm:33330 charging_therm:40142 disp_therm:33820 north_therm:38361 quiet_therm:37626 rfpa_therm:37805 soc_therm:43838 usb_pwr_therm:33353 
03-29 18:49:13.986  9587  9598 I pixel-thermal: VIRTUAL-SKIN-CPU-HIGH:35.9338 raw data: VIRTUAL-SKIN:35933.8 VIRTUAL-SKIN-CPU-HIGH:35933.8 
03-29 18:49:13.986  9587  9598 I pixel-thermal: quiet_therm:37.626 raw data: quiet_therm:37626 
03-29 18:49:13.986  9587  9598 I pixel-thermal: cellular-emergency:35.9338 raw data: VIRTUAL-SKIN:35933.8 cellular-emergency:35933.8 
03-29 18:49:14.234  2332  2631 D TemperatureStateSource: sequence=42329 actualDelay=10000
03-29 18:49:14.234  2332  2631 D TemperatureStateSource: Reading temperature: sequence=42330
03-29 18:49:14.235  9587  9587 I pixel-thermal: CPU_THROTTLE_SEVERE:0 raw data: CPU_THROTTLE_SEVERE:0 
03-29 18:49:14.236  9587  9587 I pixel-thermal: VIRTUAL-SKIN:35.9338 raw data: VIRTUAL-SKIN:35933.8 
03-29 18:49:14.236  2332  2631 D TemperatureStateSource: getDeviceTemperatures: sequence=42330 deviceTemperatureType=3 temperatureSource=0 temperatures=[35.93375]
03-29 18:49:14.236  2332  2631 D BusinessScope: Enqueuing the block
03-29 18:49:14.236  2332  2631 D TemperatureStateSource: sequence=42330 waitTime=10000
03-29 18:49:14.237  2332  2552 D BusinessScope: Start running the #86134 block
03-29 18:49:14.238  9587  9587 I pixel-thermal: CPU_THROTTLE_SEVERE:0 raw data: CPU_THROTTLE_SEVERE:0 
03-29 18:49:14.238  9587  9587 I pixel-thermal: VIRTUAL-SKIN:35.9338 raw data: VIRTUAL-SKIN:35933.8 
03-29 18:49:14.238  2332  2552 I TemperatureStateSource: temperature was set
03-29 18:49:14.239  2332  2552 D BusinessScope: Enqueuing the block
03-29 18:49:14.239  2332  2552 D ImpulseStateSource: Notify clients: 43054
03-29 18:49:14.239  2332  2552 D BusinessScope: Finish running the #86134 block
03-29 18:49:14.239  2332  2552 D BusinessScope: Start running the #86135 block
03-29 18:49:14.239  2332  2552 D ImpulseConnection: bindService: com.google.android.apps.turbo
03-29 18:49:14.243  1580  2088 D BackgroundInstallControlService: Package event received: 0
03-29 18:49:14.247  1580  4685 D ActivityManager: sync unfroze 28784 com.google.android.apps.turbo for 6
03-29 18:49:14.248  1580  2088 D BackgroundInstallControlService: Package event received: 0
03-29 18:49:14.274  2332  2332 D ImpulseConnection: onServiceConnected: ComponentInfo{com.google.android.apps.turbo/com.google.android.apps.turbo.adaptiveplatform.impulse.ImpulseClientService} service is null false
03-29 18:49:14.274  2332  2552 D BusinessScope: Finish running the #86135 block
03-29 18:49:14.276  1580  4685 W ProcessStats: Tracking association SourceState{23427dc com.google.android.pixelsystemservice/10251 ImpFg #1277251} whose proc state 5 is better than process ProcessState{e942da8 com.google.android.apps.turbo/10135 pkg=com.google.android.apps.turbo} proc state 14 (288 skipped)
03-29 18:49:14.292 28784 23179 W Turbo.DeviceHealthLeversManagerImpl: applyLeversWithMaintenanceWindow: ignore the same request
03-29 18:49:14.718  1059  3044 I WifiHAL : Creating message to get link statistics; iface = 47
03-29 18:49:14.766  1059  1131 I WifiHAL : Getting cached scan results, iface handle = 0xb400007a9a3254d0
03-29 18:49:14.766  1059  1131 E WifiHAL : Creating message to get cached scan results
03-29 18:49:14.770  1059  1131 I WifiHAL : In GetCachedScanResultsCommand::handleResponse
03-29 18:49:14.792  1059  1131 D WifiHAL : Start debug command: mType GET_FEATURE
03-29 18:49:14.792  1059  1131 I WifiHAL : CreateRequest mType = GET_FEATURE
03-29 18:49:14.792  1059  1131 D WifiHAL : In DebugCommand::handleResponse, mType:GET_FEATURE
03-29 18:49:14.792  1059  1131 D WifiHAL : len = 4, expected len = 4
03-29 18:49:14.793  1580  2035 I HalDevMgr: bestIfaceCreationProposal is null, requestIface=STA, existingIface=[name=wlan0 type=STA]
03-29 18:49:14.794  1580  2042 D ConnectivityService: NetReassign [no changes] [c 0] [a 0] [i 1]
03-29 18:49:15.220  1580  1946 D ActivityManager: freezing 22555 com.android.settings
03-29 18:49:15.226  1580  1946 D ActivityManager: freezing 27253 com.android.keychain
03-29 18:49:16.415  9587  9598 I pixel-thermal: charging_therm:40.298 raw data: charging_therm:40298 
03-29 18:49:16.418  9587  9598 I pixel-thermal: VIRTUAL-SKIN-CHARGE:36.119 raw data: VIRTUAL-SKIN-CHARGE:36119 VIRTUAL-SKIN-CHARGE-SUB-0:35659.8 VIRTUAL-SKIN-CHARGE-SUB-1:36119 btmspkr_therm:33375 charging_therm:40298 disp_therm:33842 north_therm:38561 quiet_therm:37715 rfpa_therm:37983 soc_therm:44182 usb_pwr_therm:33286 
03-29 18:49:16.419  9587  9598 I pixel-thermal: VIRTUAL-SKIN-CHARGE power_budget=3760.55 err=1.88103 s_power=2527 time_elapsed_ms=7020 p=223.843 i=1302 d=-0 dt_per_min=nan compensation=0 budget transient=0 control target=2 excluded power budget=292.294 (PARTIAL_SYSTEM_POWER: 2435.78 mW, cdev_weight: 0.120000)
03-29 18:49:16.419  9587  9598 I pixel-thermal: VIRTUAL-SKIN-CHARGE-WLC:36.6586 raw data: VIRTUAL-SKIN-CHARGE-WLC:36658.6 charging_therm:40298 soc_therm:44182 usb_pwr_therm:33286 
03-29 18:49:16.419  9587  9598 I pixel-thermal: VIRTUAL-SKIN-CHARGE-WLC power_budget=3179.21 err=4.34141 s_power=1383 time_elapsed_ms=7020 p=924.72 i=1383 d=-0 dt_per_min=nan compensation=0 budget transient=0 control target=2 excluded power budget=511.514 (PARTIAL_SYSTEM_POWER: 2435.78 mW, cdev_weight: 0.210000)
03-29 18:49:16.497  9587  9598 I pixel-thermal: soc_therm:44.182 raw data: soc_therm:44182 
03-29 18:49:16.602  9587  9598 I pixel-thermal: rfpa_therm:37.983 raw data: rfpa_therm:37983 
03-29 18:49:16.984  1580  1946 D ActivityManager: freezing 26029 com.google.android.apps.wellbeing
03-29 18:49:16.989  1580  2042 D InetDiagMessage: Destroyed 0 sockets, proto=IPPROTO_TCP, family=AF_INET, states=14
03-29 18:49:16.989  1580  2042 D InetDiagMessage: Destroyed 0 sockets, proto=IPPROTO_TCP, family=AF_INET6, states=14
03-29 18:49:16.989  1580  2042 D InetDiagMessage: Destroyed live tcp sockets for uids={10120} in 1ms
03-29 18:49:17.412  1580  1719 D AppOpHistoryHelper: MetricHandler reporting 29 records.
03-29 18:49:17.615  9587  9598 I pixel-thermal: disp_therm:33.842 raw data: disp_therm:33842 
03-29 18:49:17.616  9587  9598 I pixel-thermal: VIRTUAL-USB-UI:0 raw data: USB-MINUS-CHARGER:-7012 VIRTUAL-USB-UI:0 charging_therm:40298 usb_pwr_therm:33286 
03-29 18:49:17.616  9587  9598 I pixel-thermal: btmspkr_therm:33.375 raw data: btmspkr_therm:33375 
03-29 18:49:17.616  9587  9598 I pixel-thermal: usb_pwr_therm:33.286 raw data: usb_pwr_therm:33286 
03-29 18:49:17.616  9587  9598 I pixel-thermal: VIRTUAL-USB-THROTTLING:0 raw data: USB-MINUS-CHARGER:-7012 VIRTUAL-USB-THROTTLING:0 usb_pwr_therm:33286 
03-29 18:49:17.796  1059  1131 I WifiHAL : Creating message to get link statistics; iface = 47
03-29 18:49:17.831  1059  1131 I WifiHAL : Getting cached scan results, iface handle = 0xb400007a9a3254d0
03-29 18:49:17.831  1059  1131 E WifiHAL : Creating message to get cached scan results
03-29 18:49:17.835  1059  1131 I WifiHAL : In GetCachedScanResultsCommand::handleResponse
03-29 18:49:17.854  1059  1131 D WifiHAL : Start debug command: mType GET_FEATURE
03-29 18:49:17.854  1059  1131 I WifiHAL : CreateRequest mType = GET_FEATURE
03-29 18:49:17.854  1059  1131 D WifiHAL : In DebugCommand::handleResponse, mType:GET_FEATURE
03-29 18:49:17.854  1059  1131 D WifiHAL : len = 4, expected len = 4
03-29 18:49:17.855  1580  2035 I HalDevMgr: bestIfaceCreationProposal is null, requestIface=STA, existingIface=[name=wlan0 type=STA]
03-29 18:49:20.857  1059  1131 I WifiHAL : Creating message to get link statistics; iface = 47
03-29 18:49:20.901  1059  3044 I WifiHAL : Getting cached scan results, iface handle = 0xb400007a9a3254d0
03-29 18:49:20.901  1059  3044 E WifiHAL : Creating message to get cached scan results
03-29 18:49:20.905  1059  3044 I WifiHAL : In GetCachedScanResultsCommand::handleResponse
03-29 18:49:20.929  1059  3044 D WifiHAL : Start debug command: mType GET_FEATURE
03-29 18:49:20.929  1059  3044 I WifiHAL : CreateRequest mType = GET_FEATURE
03-29 18:49:20.929  1059  3044 D WifiHAL : In DebugCommand::handleResponse, mType:GET_FEATURE
03-29 18:49:20.929  1059  3044 D WifiHAL : len = 4, expected len = 4
03-29 18:49:20.931  1580  2035 I HalDevMgr: bestIfaceCreationProposal is null, requestIface=STA, existingIface=[name=wlan0 type=STA]
03-29 18:49:20.940  1580  2042 D ConnectivityService: NetReassign [no changes] [c 2] [a 2] [i 4]
03-29 18:49:21.000  9587  9598 I pixel-thermal: VIRTUAL-SKIN-MODEL: model_input: [37983.00 37715.00 40298.00 33286.00 33375.00 33842.00 38561.00 44182.00 ]
