03-29 18:49:21.000  9587  9598 I native  : I0000 00:00:1774781361.000139    9598 thermal_tflite_wrapper.cc:261] ThermalTfliteInvoke
03-29 18:49:21.000  9587  9598 I pixel-thermal: VIRTUAL-SKIN-MODEL: model_output: [36374.3 ]
03-29 18:49:21.000  9587  9598 I pixel-thermal: VIRTUAL-SKIN-MODEL: predicted_value: [36374.3 ]
03-29 18:49:21.000  9587  9598 I pixel-thermal: VIRTUAL-SKIN-CPU-MID:36.11 raw data: VIRTUAL-SKIN:36110 VIRTUAL-SKIN-CPU-MID:36110 VIRTUAL-SKIN-LEGACY:36894.7 VIRTUAL-SKIN-LEGACY-MODEL-DIFF:520.379 VIRTUAL-SKIN-LEGACY-SHUTDOWN:0 VIRTUAL-SKIN-MODEL:36374.3 VIRTUAL-SKIN-MODEL-CLAMPED:36374.3 VIRTUAL-SKIN-MODEL-LEGACY-DIFF:-520.379 VIRTUAL-SKIN-MODEL-UPDATED:36110 VIRTUAL-SKIN-MODEL-UPPER-CLAMPED:36374.3 VIRTUAL-SKIN-SUB-0:36459.8 VIRTUAL-SKIN-SUB-1:35648.4 VIRTUAL-SKIN-SUB-2:36894.7 VIRTUAL-SKIN-SUB-3:36640.1 VIRTUAL-SKIN-SUB-4:35386.1 VT_LEGACY_WEIGHT:0 VT_MODEL_WEIGHT:1 battery:35500 btmspkr_therm:33375 charging_therm:40298 disp_therm:33842 north_therm:38561 quiet_therm:37715 rfpa_therm:37983 soc_therm:44182 usb_pwr_therm:33286 
03-29 18:49:21.001  9587  9598 I pixel-thermal: north_therm:38.561 raw data: north_therm:38561 
03-29 18:49:21.001  9587  9598 I pixel-thermal: VIRTUAL-SKIN-SOC:36.11 raw data: VIRTUAL-SKIN:36110 VIRTUAL-SKIN-SOC:36110 
03-29 18:49:21.001  9587  9598 I pixel-thermal: VIRTUAL-SKIN-DISPLAY:36.11 raw data: VIRTUAL-SKIN:36110 VIRTUAL-SKIN-DISPLAY:36110 
03-29 18:49:21.001  9587  9598 I pixel-thermal: CPU_THROTTLE_SEVERE:0 raw data: CPU_THROTTLE_SEVERE:0 
03-29 18:49:21.001  9587  9598 I pixel-thermal: VIRTUAL-SKIN:36.11 raw data: VIRTUAL-SKIN:36110 
03-29 18:49:21.001  9587  9598 I pixel-thermal: VIRTUAL-SKIN-HINT:36.11 raw data: VIRTUAL-SKIN:36110 VIRTUAL-SKIN-HINT:36110 
03-29 18:49:21.001  9587  9598 I pixel-thermal: VIRTUAL-SKIN-CPU-LIGHT-ODPM:36.11 raw data: VIRTUAL-SKIN:36110 VIRTUAL-SKIN-CPU-LIGHT-ODPM:36110 
03-29 18:49:21.001  9587  9598 I pixel-thermal: VIRTUAL-SKIN-CPU-ODPM:36.11 raw data: VIRTUAL-SKIN:36110 VIRTUAL-SKIN-CPU-ODPM:36110 
03-29 18:49:21.003  4987 28188 I NearbyMediums: No BLE Fast/GATT advertisements found in the latest cycle.
03-29 18:49:21.003  4987 28188 I NearbyMediums: Current Tracked Scanning Clients are : {NearbyConnections.EnvironmentMonitor, NearbySharing, NearbyConnections.TxAdvertisement}
03-29 18:49:21.004  9587  9598 I pixel-thermal: VIRTUAL-SKIN-ODPM-MODEL: model_input: [37983.00 37715.00 40298.00 33286.00 33375.00 33842.00 38561.00 44182.00 35500.00 1399.67 10.00 371.56 47.71 2.59 81.80 ]
03-29 18:49:21.004  9587  9598 I native  : I0000 00:00:1774781361.004602    9598 thermal_tflite_wrapper.cc:261] ThermalTfliteInvoke
03-29 18:49:21.005  9587  9598 I pixel-thermal: VIRTUAL-SKIN-ODPM-MODEL: model_output: [35231.3 ]
03-29 18:49:21.005  9587  9598 I pixel-thermal: VIRTUAL-SKIN-ODPM-MODEL: predicted_value: [35231.3 ]
03-29 18:49:21.005  9587  9598 I pixel-thermal: VIRTUAL-SKIN-SPEAKER-MODEL: model_input: [35500.00 33375.00 40298.00 33842.00 38561.00 37715.00 37983.00 44182.00 33286.00 ]
03-29 18:49:21.005  9587  9598 I native  : I0000 00:00:1774781361.005921    9598 thermal_tflite_wrapper.cc:261] ThermalTfliteInvoke
03-29 18:49:21.006  9587  9598 I pixel-thermal: VIRTUAL-SKIN-SPEAKER-MODEL: model_output: [34211 ]
03-29 18:49:21.006  9587  9598 I pixel-thermal: VIRTUAL-SKIN-SPEAKER-MODEL: predicted_value: [34211 ]
03-29 18:49:21.006  9587  9598 I pixel-thermal: STATS-UPDATOR:0 raw data: EXTREME-SOC-CONDITION-CHECK:0 MAIN_SOC_POWER:1755.48 MODEL_CAMERA_PWR:10.0026 MODEL_DISPLAY_PWR:371.565 MODEL_MISC_PWR:1399.67 MODEL_MODEM_PWR:47.7053 MODEL_RFFE_PWR:2.59189 MODEL_WLAN_BT_PWR:81.8038 NORTH_THERM-UNDER-THRESHOLD:1 NORTH_THERM-VSKIN-DIFF-DURING-NORTH_THERM-OVER-THRESHOLD:-997549 NORTH_THERM-VSKIN-DIFF-DURING-VSKIN-OVER-52:-997549 QUIET_THERM-UNDER-THRESHOLD:1 QUIET_THERM-VSKIN-DIFF-DURING-QUIET_THERM-OVER-THRESHOLD:-998395 QUIET_THERM-VSKIN-DIFF-DURING-VSKIN-OVER-52:-998395 RFPA_THERM-UNDER-THRESHOLD:1 RFPA_THERM-VSKIN-DIFF-DURING-RFPA_THERM-OVER-THRESHOLD:-998127 RFPA_THERM-VSKIN-DIFF-DURING-VSKIN-OVER-52:-998127 SOC_THERM-UNDER-THRESHOLD:1 SOC_THERM-VSKIN-DIFF-DURING-SOC_THERM-OVER-THRESHOLD:-991928 SOC_THERM-VSKIN-DIFF-DURING-VSKIN-OVER-52:-991928 STATS-UPDATOR:0 TPU_35S:0 VIRTUAL-SKIN:36110 VIRTUAL-SKIN-LEGACY:36894.7 VIRTUAL-SKIN-MODEL:36374.3 VIRTUAL-SKIN-MODEL-LEGACY-DIFF:-520.379 VIRTUAL-SKIN-ODPM-MODEL:35231.3 VIRTUAL-SKIN-SPEAKER-MODEL:34211 VSKIN-SKIN-UNDER-52:1 battery:35500 btmspkr_therm:33375 charging_therm:40298 disp_therm:33842 north_therm:38561 quiet_therm:37715 rfpa_therm:37983 soc_therm:44182 usb_pwr_therm:33286 
03-29 18:49:21.006  9587  9598 I pixel-thermal: VIRTUAL-SKIN-CPU-HIGH:36.11 raw data: VIRTUAL-SKIN:36110 VIRTUAL-SKIN-CPU-HIGH:36110 
03-29 18:49:21.006  9587  9598 I pixel-thermal: quiet_therm:37.715 raw data: quiet_therm:37715 
03-29 18:49:21.006  9587  9598 I pixel-thermal: cellular-emergency:36.11 raw data: VIRTUAL-SKIN:36110 cellular-emergency:36110 
03-29 18:49:22.184 31656 31656 I Finsky  : [2] SCH: job service start with id 9871.
03-29 18:49:22.184  1580  4833 W JobScheduler: Job didn't exist in JobStore: 508e843 #u0a121/-2127835104 com.google.android.as.oss/com.google.android.gms.learning.internal.training.InAppJobService
03-29 18:49:22.186  1580  4685 W JobScheduler: Job didn't exist in JobStore: 7412b4c #u0a121/-1269679295 com.google.android.as.oss/com.google.android.gms.learning.internal.training.InAppJobService
03-29 18:49:22.187  1580  4764 W JobScheduler: Job didn't exist in JobStore: 50370af #u0a121/-1909303987 com.google.android.as.oss/com.google.android.gms.learning.internal.training.InAppJobService
03-29 18:49:22.196 31656 28229 I Finsky  : [2322] SCH: Satisfied jobs for 9871 are: 12-1
03-29 18:49:22.197 31656 28228 I Finsky  : [2321] SCH: Job 12-1 starting
03-29 18:49:22.197 31656 31656 I Finsky  : [2] WM::SCH: Logging work start for 12-1
03-29 18:49:22.199 31656 31656 I Finsky  : [2] [ContentSync] job started
03-29 18:49:22.459 31656 31656 W Finsky  : [2] STU: Failed to get storage stats for package 'com.google.android.uprobestats' (1601: Error getting stats: android.content.pm.PackageManager.NameNotFoundException)
03-29 18:49:22.518 31656 31656 W Finsky  : [2] STU: Failed to get storage stats for package 'com.google.android.uwb' (1601: Error getting stats: android.content.pm.PackageManager.NameNotFoundException)
03-29 18:49:22.522 31656 31656 W Finsky  : [2] STU: Failed to get storage stats for package 'com.google.android.bt' (1601: Error getting stats: android.content.pm.PackageManager.NameNotFoundException)
03-29 18:49:22.523 31656 31656 W Finsky  : [2] STU: Failed to get storage stats for package 'com.google.android.widevine.nonupdatable' (1601: Error getting stats: android.content.pm.PackageManager.NameNotFoundException)
03-29 18:49:22.603 31656 31656 W Finsky  : [2] STU: Failed to get storage stats for package 'com.google.android.devicelock' (1601: Error getting stats: android.content.pm.PackageManager.NameNotFoundException)
03-29 18:49:22.643 31656 31656 W Finsky  : [2] STU: Failed to get storage stats for package 'com.android.apex.cts.shim' (1601: Error getting stats: android.content.pm.PackageManager.NameNotFoundException)
03-29 18:49:22.686 31656 31656 W Finsky  : [2] STU: Failed to get storage stats for package 'com.google.android.appsearch' (1601: Error getting stats: android.content.pm.PackageManager.NameNotFoundException)
03-29 18:49:22.703 31656 31656 W Finsky  : [2] STU: Failed to get storage stats for package 'com.google.android.art' (1601: Error getting stats: android.content.pm.PackageManager.NameNotFoundException)
03-29 18:49:22.709 31656 31656 W Finsky  : [2] STU: Failed to get storage stats for package 'com.google.android.hardware.biometrics.face' (1601: Error getting stats: android.content.pm.PackageManager.NameNotFoundException)
03-29 18:49:22.727 31656 31656 W Finsky  : [2] STU: Failed to get storage stats for package 'com.google.android.profiling' (1601: Error getting stats: android.content.pm.PackageManager.NameNotFoundException)
03-29 18:49:22.751 31656 31656 W Finsky  : [2] STU: Failed to get storage stats for package 'com.google.android.mediaprovider' (1601: Error getting stats: android.content.pm.PackageManager.NameNotFoundException)
03-29 18:49:22.783 31656 31656 W Finsky  : [2] STU: Failed to get storage stats for package 'com.google.pixel.camera.hal' (1601: Error getting stats: android.content.pm.PackageManager.NameNotFoundException)
03-29 18:49:22.783 31656 31656 W Finsky  : [2] STU: Failed to get storage stats for package 'com.google.android.crashrecovery' (1601: Error getting stats: android.content.pm.PackageManager.NameNotFoundException)
03-29 18:49:22.793 31656 31656 W Finsky  : [2] STU: Failed to get storage stats for package 'com.google.android.resolv' (1601: Error getting stats: android.content.pm.PackageManager.NameNotFoundException)
03-29 18:49:22.810 31656 31656 W Finsky  : [2] STU: Failed to get storage stats for package 'com.google.android.configinfrastructure' (1601: Error getting stats: android.content.pm.PackageManager.NameNotFoundException)
03-29 18:49:22.813 31656 31656 W Finsky  : [2] STU: Failed to get storage stats for package 'com.google.android.media' (1601: Error getting stats: android.content.pm.PackageManager.NameNotFoundException)
03-29 18:49:22.830  5976 23482 I gle.android.gms: Explicit concurrent mark compact GC freed 5290KB AllocSpace bytes, 0(0B) LOS objects, 49% free, 32MB/64MB, paused 3.068ms,15.474ms total 606.297ms
03-29 18:49:22.877 31656 31656 W Finsky  : [2] STU: Failed to get storage stats for package 'com.google.android.sdkext' (1601: Error getting stats: android.content.pm.PackageManager.NameNotFoundException)
03-29 18:49:22.890 31656 31656 W Finsky  : [2] STU: Failed to get storage stats for package 'com.android.hardware.biometrics.fingerprint.virtual' (1601: Error getting stats: android.content.pm.PackageManager.NameNotFoundException)
03-29 18:49:22.894 31656 31656 W Finsky  : [2] STU: Failed to get storage stats for package 'com.google.android.adservices' (1601: Error getting stats: android.content.pm.PackageManager.NameNotFoundException)
03-29 18:49:22.895 31656 31656 W Finsky  : [2] STU: Failed to get storage stats for package 'com.google.android.tethering' (1601: Error getting stats: android.content.pm.PackageManager.NameNotFoundException)
03-29 18:49:22.929  1250  1250 W TracingMuxer: type=1400 audit(0.0:619950): avc:  denied  { write } for  name="traced_producer" dev="tmpfs" ino=1312 scontext=u:r:gxp_logging:s0 tcontext=u:object_r:traced_producer_socket:s0 tclass=sock_file permissive=0
03-29 18:49:22.940 31656 31656 W Finsky  : [2] STU: Failed to get storage stats for package 'com.google.android.cellbroadcast' (1601: Error getting stats: android.content.pm.PackageManager.NameNotFoundException)
03-29 18:49:22.944 31656 31656 W Finsky  : [2] STU: Failed to get storage stats for package 'com.google.pixel.wifi.ext' (1601: Error getting stats: android.content.pm.PackageManager.NameNotFoundException)
03-29 18:49:22.961 31656 31656 W Finsky  : [2] STU: Failed to get storage stats for package 'com.google.android.rkpd' (1601: Error getting stats: android.content.pm.PackageManager.NameNotFoundException)
03-29 18:49:23.069 31656 31656 W Finsky  : [2] STU: Failed to get storage stats for package 'com.google.pixel.euicc.update' (1601: Error getting stats: android.content.pm.PackageManager.NameNotFoundException)
03-29 18:49:23.089 31656 31656 W Finsky  : [2] STU: Failed to get storage stats for package 'com.google.android.compos' (1601: Error getting stats: android.content.pm.PackageManager.NameNotFoundException)
03-29 18:49:23.092 31656 31656 W Finsky  : [2] STU: Failed to get storage stats for package 'com.google.android.tzdata6' (1601: Error getting stats: android.content.pm.PackageManager.NameNotFoundException)
03-29 18:49:23.113 31656 31656 W Finsky  : [2] STU: Failed to get storage stats for package 'com.google.android.permission' (1601: Error getting stats: android.content.pm.PackageManager.NameNotFoundException)
03-29 18:49:23.145 31656 31656 W Finsky  : [2] STU: Failed to get storage stats for package 'com.google.android.wifi' (1601: Error getting stats: android.content.pm.PackageManager.NameNotFoundException)
03-29 18:49:23.170 31656 31656 W Finsky  : [2] STU: Failed to get storage stats for package 'com.google.android.telephonycore' (1601: Error getting stats: android.content.pm.PackageManager.NameNotFoundException)
03-29 18:49:23.451  9587  9598 I pixel-thermal: charging_therm:40.542 raw data: charging_therm:40542 
03-29 18:49:23.453  9587  9598 I pixel-thermal: VIRTUAL-SKIN-CHARGE:36.2245 raw data: VIRTUAL-SKIN-CHARGE:36224.5 VIRTUAL-SKIN-CHARGE-SUB-0:35745.2 VIRTUAL-SKIN-CHARGE-SUB-1:36224.5 btmspkr_therm:33353 charging_therm:40542 disp_therm:33842 north_therm:38628 quiet_therm:37871 rfpa_therm:38138 soc_therm:44365 usb_pwr_therm:33308 
03-29 18:49:23.453  9587  9598 I pixel-thermal: VIRTUAL-SKIN-CHARGE power_budget=3712.58 err=1.77546 s_power=2527 time_elapsed_ms=7027 p=211.279 i=1302 d=-0 dt_per_min=nan compensation=0 budget transient=0 control target=2 excluded power budget=327.695 (PARTIAL_SYSTEM_POWER: 2730.79 mW, cdev_weight: 0.120000)
03-29 18:49:23.453  9587  9598 I pixel-thermal: VIRTUAL-SKIN-CHARGE-WLC:36.7731 raw data: VIRTUAL-SKIN-CHARGE-WLC:36773.1 charging_therm:40542 soc_therm:44365 usb_pwr_therm:33308 
03-29 18:49:23.453  9587  9598 I pixel-thermal: VIRTUAL-SKIN-CHARGE-WLC power_budget=3092.87 err=4.22693 s_power=1383 time_elapsed_ms=7027 p=900.336 i=1383 d=-0 dt_per_min=nan compensation=0 budget transient=0 control target=2 excluded power budget=573.467 (PARTIAL_SYSTEM_POWER: 2730.79 mW, cdev_weight: 0.210000)
03-29 18:49:23.455  9587  9598 I pixel-thermal: Successfully update cdev dc_icl sysfs to 5
03-29 18:49:23.521  9587  9598 I pixel-thermal: soc_therm:44.365 raw data: soc_therm:44365 
03-29 18:49:23.589  9587  9598 I pixel-thermal: rfpa_therm:38.138 raw data: rfpa_therm:38138 
03-29 18:49:23.944  1059  3044 I WifiHAL : Creating message to get link statistics; iface = 47
03-29 18:49:23.968 31656 31656 W Finsky  : [2] STU: Failed to get storage stats for package 'com.google.android.media.swcodec' (1601: Error getting stats: android.content.pm.PackageManager.NameNotFoundException)
03-29 18:49:23.984  1059  3044 I WifiHAL : Getting cached scan results, iface handle = 0xb400007a9a3254d0
03-29 18:49:23.984  1059  3044 E WifiHAL : Creating message to get cached scan results
03-29 18:49:23.987  1059  3044 I WifiHAL : In GetCachedScanResultsCommand::handleResponse
03-29 18:49:24.006  1059  3044 D WifiHAL : Start debug command: mType GET_FEATURE
03-29 18:49:24.006  1059  3044 I WifiHAL : CreateRequest mType = GET_FEATURE
03-29 18:49:24.007  1059  3044 D WifiHAL : In DebugCommand::handleResponse, mType:GET_FEATURE
03-29 18:49:24.007  1059  3044 D WifiHAL : len = 4, expected len = 4
03-29 18:49:24.008  1580  2035 I HalDevMgr: bestIfaceCreationProposal is null, requestIface=STA, existingIface=[name=wlan0 type=STA]
03-29 18:49:24.016  9818  9955 I .android.gms.ui: Explicit concurrent mark compact GC freed 512KB AllocSpace bytes, 0(0B) LOS objects, 82% free, 5079KB/28MB, paused 350us,4.030ms total 91.946ms
03-29 18:49:24.019  1580  2042 D ConnectivityService: NetReassign [no changes] [c 2] [a 2] [i 6]
03-29 18:49:24.042 31656 31656 W Finsky  : [2] STU: Failed to get storage stats for package 'com.google.android.adbd' (1601: Error getting stats: android.content.pm.PackageManager.NameNotFoundException)
03-29 18:49:24.069 31656 31656 W Finsky  : [2] STU: Failed to get storage stats for package 'com.android.i18n' (1601: Error getting stats: android.content.pm.PackageManager.NameNotFoundException)
03-29 18:49:24.083 31656 31656 W Finsky  : [2] STU: Failed to get storage stats for package 'com.google.android.conscrypt' (1601: Error getting stats: android.content.pm.PackageManager.NameNotFoundException)
03-29 18:49:24.092 31656 31656 W Finsky  : [2] STU: Failed to get storage stats for package 'com.android.hardware.cas' (1601: Error getting stats: android.content.pm.PackageManager.NameNotFoundException)
03-29 18:49:24.107 31656 31656 W Finsky  : [2] STU: Failed to get storage stats for package 'com.google.android.neuralnetworks' (1601: Error getting stats: android.content.pm.PackageManager.NameNotFoundException)
03-29 18:49:24.109 31656 31656 W Finsky  : [2] STU: Failed to get storage stats for package 'com.google.android.runtime' (1601: Error getting stats: android.content.pm.PackageManager.NameNotFoundException)
03-29 18:49:24.111 31656 31656 W Finsky  : [2] STU: Failed to get storage stats for package 'com.google.android.ipsec' (1601: Error getting stats: android.content.pm.PackageManager.NameNotFoundException)
03-29 18:49:24.123 31656 31656 W Finsky  : [2] STU: Failed to get storage stats for package 'com.google.android.ondevicepersonalization' (1601: Error getting stats: android.content.pm.PackageManager.NameNotFoundException)
03-29 18:49:24.133 31656 31656 W Finsky  : [2] STU: Failed to get storage stats for package 'com.google.android.healthfitness' (1601: Error getting stats: android.content.pm.PackageManager.NameNotFoundException)
03-29 18:49:24.158 31656 31656 W Finsky  : [2] STU: Failed to get storage stats for package 'com.google.android.extservices' (1601: Error getting stats: android.content.pm.PackageManager.NameNotFoundException)
03-29 18:49:24.158 31656 31656 W Finsky  : [2] STU: Failed to get storage stats for package 'com.google.android.virt' (1601: Error getting stats: android.content.pm.PackageManager.NameNotFoundException)
03-29 18:49:24.166 31656 31656 W Finsky  : [2] STU: Failed to get storage stats for package 'com.google.android.nfcservices' (1601: Error getting stats: android.content.pm.PackageManager.NameNotFoundException)
03-29 18:49:24.199 31656 31656 W Finsky  : [2] STU: Failed to get storage stats for package 'com.google.android.os.statsd' (1601: Error getting stats: android.content.pm.PackageManager.NameNotFoundException)
03-29 18:49:24.218 31656 31656 W Finsky  : [2] STU: Failed to get storage stats for package 'com.google.android.scheduling' (1601: Error getting stats: android.content.pm.PackageManager.NameNotFoundException)
03-29 18:49:24.224 31656 31656 W Finsky  : [2] STU: Failed to get storage stats for package 'com.android.hardware.biometrics.face.virtual' (1601: Error getting stats: android.content.pm.PackageManager.NameNotFoundException)
03-29 18:49:24.237  2332  2544 D TemperatureStateSource: sequence=42330 actualDelay=10001
03-29 18:49:24.237  2332  2544 D TemperatureStateSource: Reading temperature: sequence=42331
03-29 18:49:24.239  9587  9587 I pixel-thermal: CPU_THROTTLE_SEVERE:0 raw data: CPU_THROTTLE_SEVERE:0 
03-29 18:49:24.239  9587  9587 I pixel-thermal: VIRTUAL-SKIN:36.2157 raw data: VIRTUAL-SKIN:36215.7 VIRTUAL-SKIN-LEGACY:36979 VIRTUAL-SKIN-LEGACY-MODEL-DIFF:604.703 VIRTUAL-SKIN-LEGACY-SHUTDOWN:0 VIRTUAL-SKIN-MODEL:36374.3 VIRTUAL-SKIN-MODEL-CLAMPED:36374.3 VIRTUAL-SKIN-MODEL-LEGACY-DIFF:-604.703 VIRTUAL-SKIN-MODEL-UPDATED:36215.7 VIRTUAL-SKIN-MODEL-UPPER-CLAMPED:36374.3 VIRTUAL-SKIN-SUB-0:36583.1 VIRTUAL-SKIN-SUB-1:35696.9 VIRTUAL-SKIN-SUB-2:36979 VIRTUAL-SKIN-SUB-3:36719.7 VIRTUAL-SKIN-SUB-4:35443.9 VT_LEGACY_WEIGHT:0 VT_MODEL_WEIGHT:1 battery:35600 btmspkr_therm:33353 charging_therm:40542 disp_therm:33842 north_therm:38628 quiet_therm:37871 rfpa_therm:38138 soc_therm:44365 usb_pwr_therm:33308 
03-29 18:49:24.239  2332  2544 D TemperatureStateSource: getDeviceTemperatures: sequence=42331 deviceTemperatureType=3 temperatureSource=0 temperatures=[36.215717]
03-29 18:49:24.239  2332  2544 D BusinessScope: Enqueuing the block
03-29 18:49:24.239  2332  2544 D TemperatureStateSource: sequence=42331 waitTime=10000
03-29 18:49:24.239  2332  2544 D BusinessScope: Start running the #86136 block
03-29 18:49:24.240  9587  9587 I pixel-thermal: CPU_THROTTLE_SEVERE:0 raw data: CPU_THROTTLE_SEVERE:0 
03-29 18:49:24.240  9587  9587 I pixel-thermal: VIRTUAL-SKIN:36.2157 raw data: VIRTUAL-SKIN:36215.7 
03-29 18:49:24.240  2332  2544 I TemperatureStateSource: temperature was set
03-29 18:49:24.241  2332  2544 D BusinessScope: Enqueuing the block
03-29 18:49:24.241  2332  2544 D ImpulseStateSource: Notify clients: 43055
03-29 18:49:24.241  2332  2544 D BusinessScope: Finish running the #86136 block
03-29 18:49:24.242  2332  2544 D BusinessScope: Start running the #86137 block
03-29 18:49:24.243  2332  2544 D BusinessScope: Finish running the #86137 block
03-29 18:49:24.248 28784 24343 W Turbo.DeviceHealthLeversManagerImpl: applyLeversWithMaintenanceWindow: ignore the same request
03-29 18:49:24.251 31656 31656 I Finsky  : [2] App states replicator found 48 unowned apps
03-29 18:49:24.270 31656 31789 I Finsky  : [1803] Completed 0 account content syncs with 0 successful.
03-29 18:49:24.270 31656 31656 I Finsky  : [2] [ContentSync] Installation state replication succeeded.
03-29 18:49:24.270 31656 31656 I Finsky  : [2] SCH: jobFinished: 12-1. TimeElapsed: 2073ms.
03-29 18:49:24.270 31656 31656 I Finsky  : [2] WM::SCH: Logging work end for 12-1
03-29 18:49:24.282 31656 31772 I Finsky  : [1798] SCH: Scheduling phonesky job Id: 1-1337, CT: 1774768968162, Constraints: [{ L: 43148555, D: 86348555, C: CHARGING_NONE, I: IDLE_NONE, N: NET_ANY, B: BATTERY_ANY }]
03-29 18:49:24.282 31656 31772 I Finsky  : [1798] SCH: Scheduling phonesky job Id: 34-746, CT: 1774730320343, Constraints: [{ L: 604800000, D: 2510734913, C: CHARGING_NONE, I: IDLE_NONE, N: NET_ANY, B: BATTERY_ANY }]
03-29 18:49:24.282 31656 31772 I Finsky  : [1798] SCH: Scheduling phonesky job Id: 34-751, CT: 1774730334860, Constraints: [{ L: 604800000, D: 2591999702, C: CHARGING_NONE, I: IDLE_NONE, N: NET_ANY, B: BATTERY_ANY }]
03-29 18:49:24.282 31656 31772 I Finsky  : [1798] SCH: Scheduling phonesky job Id: 34-756, CT: 1774730334899, Constraints: [{ L: 604800000, D: 2591999554, C: CHARGING_NONE, I: IDLE_NONE, N: NET_ANY, B: BATTERY_ANY }]
03-29 18:49:24.282 31656 31772 I Finsky  : [1798] SCH: Scheduling phonesky job Id: 34-759, CT: 1774730320343, Constraints: [{ L: 79195302, D: 1375195302, C: CHARGING_NONE, I: IDLE_NONE, N: NET_ANY, B: BATTERY_ANY }]
03-29 18:49:24.287 31656 31711 I Finsky  : [1794] SCH: Scheduling 1 system job(s)
03-29 18:49:24.287 31656 31711 I Finsky  : [1794] SCH: Scheduling system job Id: 9878, L: 28151358, D: 73952430, C: false, I: false, N: 1
03-29 18:49:24.293 31656 28228 I Finsky  : [2321] SCH: job service finished with id 9871.
03-29 18:49:24.298  1580  4685 W ProcessStats: Tracking association SourceState{a697838 com.android.vending/10178 ImpBg #1277258} whose proc state 6 is better than process ProcessState{d0b3f64 com.android.vending:background/10178 pkg=com.android.vending} proc state 13 (2 skipped)
03-29 18:49:24.621  9587  9598 I pixel-thermal: disp_therm:33.842 raw data: disp_therm:33842 
03-29 18:49:24.622  9587  9598 I pixel-thermal: VIRTUAL-USB-UI:0 raw data: USB-MINUS-CHARGER:-7234 VIRTUAL-USB-UI:0 charging_therm:40542 usb_pwr_therm:33308 
03-29 18:49:24.622  9587  9598 I pixel-thermal: btmspkr_therm:33.353 raw data: btmspkr_therm:33353 
03-29 18:49:24.622  9587  9598 I pixel-thermal: usb_pwr_therm:33.308 raw data: usb_pwr_therm:33308 
03-29 18:49:24.623  9587  9598 I pixel-thermal: VIRTUAL-USB-THROTTLING:0 raw data: USB-MINUS-CHARGER:-7234 VIRTUAL-USB-THROTTLING:0 usb_pwr_therm:33308 
03-29 18:49:24.971  1254  1254 D AOC     : A3:MSG: usf_vsc_log.cc, 69: VSC: [Auto Brightness] Retune sensor-0 (tout:1 drop:0): avg 2216.480 -> 2216.461 [wm:2254.
03-29 18:49:25.384  1254  1254 D AOC     : A3:MSG: usf_vsc_log.cc, 69: VSC: [Auto Brightness] Retune sensor-3 (tout:1 drop:0): avg 2215.576 -> 2215.582 [wm:2249.
03-29 18:49:27.013  1059  3044 I WifiHAL : Creating message to get link statistics; iface = 47
03-29 18:49:27.052  1059  1131 I WifiHAL : Getting cached scan results, iface handle = 0xb400007a9a3254d0
03-29 18:49:27.052  1059  1131 E WifiHAL : Creating message to get cached scan results
03-29 18:49:27.056  1059  1131 I WifiHAL : In GetCachedScanResultsCommand::handleResponse
03-29 18:49:27.086  1059  1131 D WifiHAL : Start debug command: mType GET_FEATURE
03-29 18:49:27.086  1059  1131 I WifiHAL : CreateRequest mType = GET_FEATURE
03-29 18:49:27.086  1059  1131 D WifiHAL : In DebugCommand::handleResponse, mType:GET_FEATURE
03-29 18:49:27.086  1059  1131 D WifiHAL : len = 4, expected len = 4
03-29 18:49:27.091  4987 28188 I FusedLocation: (REDACTED) location delivery to %s blocked - too close
03-29 18:49:27.094  1580  2035 I HalDevMgr: bestIfaceCreationProposal is null, requestIface=STA, existingIface=[name=wlan0 type=STA]
03-29 18:49:27.094  4987 28188 I FusedLocation: (REDACTED) location delivery to %s blocked - too close
03-29 18:49:27.111  4987 28188 I FusedLocation: (REDACTED) location delivery to %s blocked - too close
03-29 18:49:27.114  1580  2042 D ConnectivityService: NetReassign [no changes] [c 12] [a 4] [i 3]
03-29 18:49:27.140  1580  2088 D BackgroundInstallControlService: Package event received: 0
03-29 18:49:27.140  1580  2088 D BackgroundInstallControlService: Package event received: 0
03-29 18:49:27.141  5976  5976 D BoundBrokerSvc: onRebind: Intent { act=com.google.android.gms.onboardingconsent.api.ConsentManagerApiService.START dat=chimera-action:/... xflg=0x4 cmp=com.google.android.gms/.chimera.GmsApiService }
03-29 18:49:27.149  5976  7414 W ConsentManagerApiServic: Consent Manager API is not enabled. [CONTEXT service_id=460 ]
03-29 18:49:27.174  4987 27833 I TFLite-in-PlayServices: Created interpreter.
03-29 18:49:27.185  4987 27833 I SemanticLocation: (REDACTED) [Inferrer] %s%s
03-29 18:49:27.193  1580  2088 D BackgroundInstallControlService: Package event received: 0
03-29 18:49:27.917   505   626 I hwc-display: Display Temperature : 33°C
03-29 18:49:28.003  9587  9598 I pixel-thermal: VIRTUAL-SKIN-MODEL: model_input: [38138.00 37871.00 40542.00 33308.00 33353.00 33842.00 38628.00 44365.00 ]
03-29 18:49:28.003  9587  9598 I native  : I0000 00:00:1774781368.003402    9598 thermal_tflite_wrapper.cc:261] ThermalTfliteInvoke
03-29 18:49:28.003  9587  9598 I pixel-thermal: VIRTUAL-SKIN-MODEL: model_output: [36476.3 ]
03-29 18:49:28.003  9587  9598 I pixel-thermal: VIRTUAL-SKIN-MODEL: predicted_value: [36476.3 ]
03-29 18:49:28.003  9587  9598 I pixel-thermal: VIRTUAL-SKIN-CPU-MID:36.3199 raw data: VIRTUAL-SKIN:36319.9 VIRTUAL-SKIN-CPU-MID:36319.9 VIRTUAL-SKIN-LEGACY:36981.7 VIRTUAL-SKIN-LEGACY-MODEL-DIFF:505.438 VIRTUAL-SKIN-LEGACY-SHUTDOWN:0 VIRTUAL-SKIN-MODEL:36476.3 VIRTUAL-SKIN-MODEL-CLAMPED:36476.3 VIRTUAL-SKIN-MODEL-LEGACY-DIFF:-505.438 VIRTUAL-SKIN-MODEL-UPDATED:36319.9 VIRTUAL-SKIN-MODEL-UPPER-CLAMPED:36476.3 VIRTUAL-SKIN-SUB-0:36585 VIRTUAL-SKIN-SUB-1:35710.5 VIRTUAL-SKIN-SUB-2:36981.7 VIRTUAL-SKIN-SUB-3:36724.5 VIRTUAL-SKIN-SUB-4:35477.1 VT_LEGACY_WEIGHT:0 VT_MODEL_WEIGHT:1 battery:35700 btmspkr_therm:33353 charging_therm:40542 disp_therm:33842 north_therm:38628 quiet_therm:37871 rfpa_therm:38138 soc_therm:44365 usb_pwr_therm:33308 
03-29 18:49:28.003  9587  9598 I pixel-thermal: north_therm:38.628 raw data: north_therm:38628 
03-29 18:49:28.004  9587  9598 I pixel-thermal: VIRTUAL-SKIN-SOC:36.3199 raw data: VIRTUAL-SKIN:36319.9 VIRTUAL-SKIN-SOC:36319.9 
03-29 18:49:28.004  9587  9598 I pixel-thermal: VIRTUAL-SKIN-DISPLAY:36.3199 raw data: VIRTUAL-SKIN:36319.9 VIRTUAL-SKIN-DISPLAY:36319.9 
03-29 18:49:28.004  9587  9598 I pixel-thermal: CPU_THROTTLE_SEVERE:0 raw data: CPU_THROTTLE_SEVERE:0 
03-29 18:49:28.004  9587  9598 I pixel-thermal: VIRTUAL-SKIN:36.3199 raw data: VIRTUAL-SKIN:36319.9 
03-29 18:49:28.004  9587  9598 I pixel-thermal: VIRTUAL-SKIN-HINT:36.3199 raw data: VIRTUAL-SKIN:36319.9 VIRTUAL-SKIN-HINT:36319.9 
03-29 18:49:28.004  9587  9598 I pixel-thermal: VIRTUAL-SKIN-CPU-LIGHT-ODPM:36.3199 raw data: VIRTUAL-SKIN:36319.9 VIRTUAL-SKIN-CPU-LIGHT-ODPM:36319.9 
03-29 18:49:28.004  9587  9598 I pixel-thermal: VIRTUAL-SKIN-CPU-ODPM:36.3199 raw data: VIRTUAL-SKIN:36319.9 VIRTUAL-SKIN-CPU-ODPM:36319.9 
03-29 18:49:28.004  9587  9598 I pixel-thermal: VIRTUAL-SKIN-ODPM-MODEL: model_input: [38138.00 37871.00 40542.00 33308.00 33353.00 33842.00 38628.00 44365.00 35700.00 1428.20 9.99 378.02 47.57 2.57 77.36 ]
03-29 18:49:28.004  9587  9598 I native  : I0000 00:00:1774781368.004725    9598 thermal_tflite_wrapper.cc:261] ThermalTfliteInvoke
03-29 18:49:28.004  9587  9598 I pixel-thermal: VIRTUAL-SKIN-ODPM-MODEL: model_output: [35346.9 ]
03-29 18:49:28.004  9587  9598 I pixel-thermal: VIRTUAL-SKIN-ODPM-MODEL: predicted_value: [35346.9 ]
03-29 18:49:28.005  9587  9598 I pixel-thermal: VIRTUAL-SKIN-SPEAKER-MODEL: model_input: [35700.00 33353.00 40542.00 33842.00 38628.00 37871.00 38138.00 44365.00 33308.00 ]
03-29 18:49:28.005  9587  9598 I native  : I0000 00:00:1774781368.005299    9598 thermal_tflite_wrapper.cc:261] ThermalTfliteInvoke
03-29 18:49:28.005  9587  9598 I pixel-thermal: VIRTUAL-SKIN-SPEAKER-MODEL: model_output: [34127.4 ]
03-29 18:49:28.005  9587  9598 I pixel-thermal: VIRTUAL-SKIN-SPEAKER-MODEL: predicted_value: [34127.4 ]
03-29 18:49:28.005  9587  9598 I pixel-thermal: STATS-UPDATOR:0 raw data: EXTREME-SOC-CONDITION-CHECK:0 MAIN_SOC_POWER:1994.9 MODEL_CAMERA_PWR:9.99206 MODEL_DISPLAY_PWR:378.016 MODEL_MISC_PWR:1428.2 MODEL_MODEM_PWR:47.5733 MODEL_RFFE_PWR:2.57234 MODEL_WLAN_BT_PWR:77.3643 NORTH_THERM-UNDER-THRESHOLD:1 NORTH_THERM-VSKIN-DIFF-DURING-NORTH_THERM-OVER-THRESHOLD:-997692 NORTH_THERM-VSKIN-DIFF-DURING-VSKIN-OVER-52:-997692 QUIET_THERM-UNDER-THRESHOLD:1 QUIET_THERM-VSKIN-DIFF-DURING-QUIET_THERM-OVER-THRESHOLD:-998449 QUIET_THERM-VSKIN-DIFF-DURING-VSKIN-OVER-52:-998449 RFPA_THERM-UNDER-THRESHOLD:1 RFPA_THERM-VSKIN-DIFF-DURING-RFPA_THERM-OVER-THRESHOLD:-998182 RFPA_THERM-VSKIN-DIFF-DURING-VSKIN-OVER-52:-998182 SOC_THERM-UNDER-THRESHOLD:1 SOC_THERM-VSKIN-DIFF-DURING-SOC_THERM-OVER-THRESHOLD:-991955 SOC_THERM-VSKIN-DIFF-DURING-VSKIN-OVER-52:-991955 STATS-UPDATOR:0 TPU_35S:0 VIRTUAL-SKIN:36319.9 VIRTUAL-SKIN-LEGACY:36981.7 VIRTUAL-SKIN-MODEL:36476.3 VIRTUAL-SKIN-MODEL-LEGACY-DIFF:-505.438 VIRTUAL-SKIN-ODPM-MODEL:35346.9 VIRTUAL-SKIN-SPEAKER-MODEL:34127.4 VSKIN-SKIN-UNDER-52:1 battery:35700 btmspkr_therm:33353 charging_therm:40542 disp_therm:33842 north_therm:38628 quiet_therm:37871 rfpa_therm:38138 soc_therm:44365 usb_pwr_therm:33308 
03-29 18:49:28.005  9587  9598 I pixel-thermal: VIRTUAL-SKIN-CPU-HIGH:36.3199 raw data: VIRTUAL-SKIN:36319.9 VIRTUAL-SKIN-CPU-HIGH:36319.9 
03-29 18:49:28.005  9587  9598 I pixel-thermal: quiet_therm:37.871 raw data: quiet_therm:37871 
03-29 18:49:28.005  9587  9598 I pixel-thermal: cellular-emergency:36.3199 raw data: VIRTUAL-SKIN:36319.9 cellular-emergency:36319.9 
03-29 18:49:28.124  4987  4987 D BoundBrokerSvc: onRebind: Intent { act=com.google.android.gms.libs.gmscorelogger.service.START dat=chimera-action:/... xflg=0x4 cmp=com.google.android.gms/.chimera.PersistentDirectBootAwareApiService }
03-29 18:49:28.381  1001  1001 W TracingMuxer: type=1400 audit(0.0:619951): avc:  denied  { write } for  name="traced_producer" dev="tmpfs" ino=1312 scontext=u:r:hal_neuralnetworks_darwinn:s0 tcontext=u:object_r:traced_producer_socket:s0 tclass=sock_file permissive=0
03-29 18:49:28.992  4987 28242 I CastDatabase: Saving the database
03-29 18:49:29.000  4987 28242 I SQLiteCastStore: [CastNetworkInfo] saved: 1, skipped: 0, [CastDeviceInfo]: saved 2, skipped 0, [ProbedNetworks]: saved 0, skipped: 0, [ProbedSocketAddress]: saved 1, skipped: 0, [Network-Device pairs]: saved: 2
