--------- beginning of main
03-29 18:48:47.593 25850 25850 W WWTimeBarController: isScrubbing: no active timebar
03-29 18:48:47.593 25850 25850 W WWTimeBarController: isScrubbing: no active timebar
03-29 18:48:47.593 25850 25850 W WWTimeBarController: getDisplayCurrentTimeMillis: no active timebar
--------- beginning of system
03-29 18:48:47.829  1580  4685 W ActivityTaskManager: callingPackage for (uid=2000, pid=28091) has no WPC
03-29 18:48:47.837  1580  4685 V GrammaticalInflectionUtils: AttributionSource: android.content.AttributionSource@291ff389 does not have READ_SYSTEM_GRAMMATICAL_GENDER permission.
03-29 18:48:47.847  1580  4685 V ActivityTaskManager: TaskLaunchParamsModifier: phase=3 task=Task{822e455 #1359 type=standard A=10385:com.example.mybike} activity=ActivityRecord{21152524 u0 com.example.mybike/.MainActivity t-1} display-from-task=0 display-id=0 task-display-area-windowing-mode=1 suggested-display-area=DefaultTaskDisplayArea@207986865 inherit-from-task=fullscreen non-freeform-task-display-area display-area=DefaultTaskDisplayArea@207986865 skip-bounds-fullscreen
03-29 18:48:47.847  1580  4685 I ActivityTaskManager: START u0 {flg=0x10000000 xflg=0x5 cmp=com.example.mybike/.MainActivity} with LAUNCH_MULTIPLE from uid 2000 (com.android.shell) (BAL_ALLOW_PERMISSION) result code=0
03-29 18:48:47.848  2133  2159 V WindowManagerShell: Transition requested (#13103): android.os.BinderProxy@6ed9bd5 TransitionRequestInfo { type = OPEN, triggerTask = TaskInfo{userId=0 taskId=1359 effectiveUid=10385 displayId=0 isRunning=true baseIntent=Intent { flg=0x10000000 cmp=com.example.mybike/.MainActivity } baseActivity=ComponentInfo{com.example.mybike/com.example.mybike.MainActivity} topActivity=ComponentInfo{com.example.mybike/com.example.mybike.MainActivity} origActivity=null realActivity=ComponentInfo{com.example.mybike/com.example.mybike.MainActivity} realActivityIsAppLockEnabled=false numActivities=1 lastActiveTime=1389940186 supportsMultiWindow=true resizeMode=1 isResizeable=true minWidth=-1 minHeight=-1 defaultMinSize=220 token=WCT{android.os.BinderProxy@4646fea} topActivityType=1 pictureInPictureParams=null shouldDockBigOverlays=false launchIntoPipHostTaskId=-1 lastParentTaskIdBeforePip=-1 displayCutoutSafeInsets=Rect(0, 152 - 0, 0) topActivityInfo=ActivityInfo{1d922db com.example.mybike.MainActivity} launchCookies=[] positionInParent=Point(0, 0) parentTaskId=-1 isFocused=false isVisible=false isVisibleRequested=false isTopActivityNoDisplay=false isSleeping=false locusId=null displayAreaFeatureId=1 isTopActivityTransparent=false isActivityStackTransparent=false lastNonFullscreenBounds=null leafTaskBoundsFromOptions= false capturedLink=null capturedLinkTimestamp=0 requestedVisibleTypes=503 topActivityRequestOpenInBrowserEducationTimestamp=0 appCompatTaskInfo=AppCompatTaskInfo { topActivityInSizeCompat=false isLeafTask= true eligibleForLetterboxEducation= false isLetterboxEducationEnabled= false isLetterboxDoubleTapEnabled= false eligibleForUserAspectRatioButton= false topActivityBoundsLetterboxed= false isFromLetterboxDoubleTap= false topActivityLetterboxVerticalPosition= -1 topActivityLetterboxHorizontalPosition= -1 topActivityLetterboxWidth=-1 topActivityLetterboxHeight=-1 topActivityAppBounds=Rect(0, 0 - 1080, 2424) isUserFullscreenOverrideEnabled=false isSystemFullscreenOverrideEnabled=false hasMinAspectRatioOverride=false topActivityLetterboxBounds=null topNonResizableActivityAspectRatio=-1.0} topActivityMainWindowFrame=null isAppBubble=false}, pipChange = null, remoteTransitionInfo = null, displayChange = null, requestedLocation = null, userChange = null, windowingLayerChange = null, fullscreenRequestChange = null, flags = 0, debugId = 13103 }
03-29 18:48:47.848  2133  2159 W DisplayDisconnectTransitionHandler: No disconnect change found in the transition, not handling request.
03-29 18:48:47.848  2133  2159 D ShellSplitScreen: logExit: no-op, mLoggerSessionId is null
03-29 18:48:47.849  1580  1674 V GrammaticalInflectionUtils: AttributionSource: android.content.AttributionSource@291ff389 does not have READ_SYSTEM_GRAMMATICAL_GENDER permission.
03-29 18:48:47.850  1580  1674 D CompatChangeReporter: Compat change id reported: 441041342; UID 10385; state: ENABLED
03-29 18:48:47.850  2133  2159 V ShellDesktopMode: DesktopTasksController: skipping handleRequest reason=triggerTask's display doesn't support desktop mode
03-29 18:48:47.850  2480  2480 D RecentsView: onTaskDisplayChanged: 1359, new displayId = 0
03-29 18:48:47.851   501   560 I libbinder.BpBinder: onLastStrongRef automatically unlinking death recipients for binder (0xb4000074d474f1e0) with descriptor: '(not cached)'
03-29 18:48:47.852  2133  2159 D Bubbles : BubbleTaskStackListener.onTaskMovedToFront(): taskId=1359
03-29 18:48:47.853  2480  2480 D b/417220811: invalidateLoadedTasks - previous requestLoadId: -1
03-29 18:48:47.853  2133  2159 D ShellDesktopMode: DesktopRepository: Removes freeform task: taskId=1358
03-29 18:48:47.853  2133  2159 W ShellDesktopMode: DesktopRepository: No display id found for task: taskId=1358
03-29 18:48:47.853  2480  2480 D b/417220811: invalidateLoadedTasks - previous requestLoadId: -1
03-29 18:48:47.853  1580  1919 D CompatChangeReporter: Compat change id reported: 377864165; UID 10385; state: ENABLED
03-29 18:48:47.853  1580  2088 D BackgroundInstallControlService: Package event received: 0
03-29 18:48:47.856  1580  2088 D BackgroundInstallControlService: Package event received: 0
03-29 18:48:47.857  5976  5976 D BoundBrokerSvc: onBind: Intent { act=com.google.android.gms.measurement.START xflg=0x4 pkg=com.google.android.gms }
03-29 18:48:47.857  5976  5976 D BoundBrokerSvc: Loading bound service for intent: Intent { act=com.google.android.gms.measurement.START xflg=0x4 pkg=com.google.android.gms }
03-29 18:48:47.862   971   971 D Zygote  : Forked child process 28095
03-29 18:48:47.863  1580  1694 I ActivityManager: Start proc 28095:com.example.mybike/u0a385 for next-top-activity {com.example.mybike/com.example.mybike.MainActivity}
03-29 18:48:47.866 25850 25850 E YT.mlplayer: MedialibPlayer.stopVideo(), STOPPAGE_RELEASE_VIDEO
03-29 18:48:47.866 25850 25850 E YT.mlplayer: MedialibPlayerEvents[46].onStopped()
03-29 18:48:47.867   501   621 D SurfaceFlinger: setDesiredMode 4619827677550801152 {mode={fps=120.00 Hz, modePtr={id=1, vsyncRate=120.00 Hz, peakRefreshRate=120.00 Hz}}, emitEvent=false, force=false}
03-29 18:48:47.869  1580  4636 D MediaSessionService: onSessionPlaybackStateChanged: record=com.google.android.youtube/YouTube playerlib/571 (userId=0) playbackState=PlaybackState {state=STOPPED(1), position=0, buffered position=0, speed=1.0, updated=1389940208, actions=8192, custom actions=[], active item id=-1, error=null}
03-29 18:48:47.869 25850 25925 D MediaCodec: keep callback message for reclaim
03-29 18:48:47.869 25850 28034 D CCodecBufferChannel: [c2.google.av1.decoder#769] Discard frames from previous generation.
03-29 18:48:47.869 25850 28033 I CCodecConfig: query failed after returning 18 values (BAD_INDEX)
03-29 18:48:47.869 25850 25850 W YTPL.mediasession: MediaSession setActive(false)
03-29 18:48:47.869  1580  1674 I DisplayDeviceRepository: Display device changed render timings: "內建畫面", renderFrameRate=120.00001, presentationDeadlineNanos=11500000, appVsyncOffsetNanos=6233332, frameRateOverrides=[]
03-29 18:48:47.869  1580  1919 D MediaSessionService: onSessionPlaybackStateChanged: record=com.google.android.youtube/YouTube playerlib/571 (userId=0) playbackState=PlaybackState {state=STOPPED(1), position=0, buffered position=0, speed=1.0, updated=1389940209, actions=8192, custom actions=[], active item id=-1, error=null}
03-29 18:48:47.870  2322  2322 W MediaPlayerWrapper: onPlaybackStateChanged(): com.google.android.youtube tried to update with no new data
03-29 18:48:47.870 25850 25850 E YT.mlplayer: MedialibPlayer.stopVideo(), STOPPAGE_DIRECTOR_RESET_INTERNALLY
03-29 18:48:47.870 25850 25850 E YT.mlplayer: MedialibPlayer.clearVideoFrame()
03-29 18:48:47.870 25850 25850 E YT.mlplayer: MedialibPlayer.clearQueue()
03-29 18:48:47.870  1580  1672 D WindowManager: DeferredDisplayUpdater: partially applying DisplayInfo(1080 x 2424) immediately
03-29 18:48:47.870 25850 25850 E YT.mlplayer: MedialibPlayer.stopVideo(), STOPPAGE_DIRECTOR_RESET_INTERNALLY
03-29 18:48:47.870  1060  8117 D DeviceHalAidl: [default] setParameters: parameters: "screen_state=on"
03-29 18:48:47.870   988 23726 D ASvc::Module: updateScreenState: 1
03-29 18:48:47.871  2322  2322 W MediaPlayerWrapper: onPlaybackStateChanged(): com.google.android.youtube tried to update with no new data
03-29 18:48:47.871  1060  8117 D DeviceHalAidl: [r_submix] setParameters: parameters: "screen_state=on"
03-29 18:48:47.871   988  1644 D AHAL_Module: updateScreenState: r_submix: 1
03-29 18:48:47.871  1060  8117 D DeviceHalAidl: [bluetooth] setParameters: parameters: "screen_state=on"
03-29 18:48:47.871   988 23726 D AHAL_Module: updateScreenState: bluetooth: 1
03-29 18:48:47.871  1580  4689 E AppOps  : attributionTag  not declared in manifest of com.google.android.youtube
03-29 18:48:47.871 28095 28095 I Zygote  : Process 28095 created for com.example.mybike
03-29 18:48:47.871  1580  4685 E AppOps  : attributionTag  not declared in manifest of com.google.android.youtube
03-29 18:48:47.871 28095 28095 I .example.mybike: Late-enabling -Xcheck:jni
03-29 18:48:47.873 25850 25930 E YT.qoe  : Pinging https://s.youtube.com/api/stats/qoe?cl=888797881&ei=uALJacjxOterpt8PhYzc2Aw&el=homepage&event=streamingstats&feature=g-high&ns=yt&plid=AAZOJ23L1dqW_X_b&stmp=vb%3A1&cpn=eHfowQCww2D6ZBYw&cplatform=mobile&cbr=com.google.android.youtube&cff=SMALL_FORM_FACTOR&c=android&cmodel=Pixel%209a&cos=Android&soc=Google%3ATensor%20G4&csdk=36&cbrver=21.12.524&cver=21.12.524&cosver=16&cbrand=Google&qclc=ChBlSGZvd1FDd3cyRDZaQll3GgCqAQA&vfs=0.023:788:::a:sms.3_1&df=0.023:0,5.213:9,10.362:1,11.688:1&conn=11.692:3&cplayer=PLATYPUS&bh=5.206:7.59,5.280:12.52,10.359:7.60,10.401:12.52,11.692:11.65&cache_bytes=0.023:129765,5.206:1111063&cmt=5.206:4.866,5.280:0.000,10.359:4.969,10.401:0.000,11.692:0.947&mst=0.006:2344&afs=0.023:251;CggKA2RyYxIBMQ::i:sms.3_1;fl.-16.99;tl.-14.0;vg.0.0;nm.1&is_offline=0.006:0&sur=0.006:1,0.353:3&view=0.023:497:746&bat=11.692:0.680:1&rate=0.012:1.0&cat=sabr&vps=0.011:B,0.023:S,0.025:PL,5.206:S:ss.103_5.205,5.280:PL,10.359:S:ss.103_10.358,10.401:PL,11.692:N:sr.13&user_intent=0.005&ctmp=pcmp:u,ctype:rt.0.006;ytm,mem:tot.86;max.512;free.60;heap.108;hpall.86;hpfree.17,poa:n,vnorm:rt.0.012;rng.0.0;trkcfg.-17.38;tarcfg.Optional%5B-14.0%5D;mode.TRACK;tar.-14.0;pre.-17.38;ang.0.0;inpvol.0.0;mult.1.0;outvol.0.0,mlat:rt.0.012;loadVideo.6404,llv:6,vc:i.6,flags:2,vnorm:rt.0.018;rng.0.0;trkcfg.-17.38;tarcfg.Optional%5B-14.0%5D;mode.TRACK;tar.-14.0;pre.-17.38;ang.0.0;inpvol.0.0;mult.1.0;outvol.0.0,mime_fb:rt.0.009;1,pmqs:dt.324519;lmq.2160;dir.1,vnorm:rt.0.022;rng.0.0;trkcfg.-17.38;tarcfg.Optional%5B-14.0%5D;trkfmt.-16.99;mode.TRACK;tar.-14.0;pre.-16.99;ang.0.0;inpvol.0.0;mult.1.0;outvol.0.0,cir:rt.0.398;reused.false;reason.CODEC_INIT_REASON_BACKGROUND,dec:c2.google.av1.decoder,bh0:tr1.19.270;tr2.11.869,mlat:rt.11.688;stopVideo.1833,api:rt.11.690;clearQ&spatial=0.006:0:0&seq=2&aur=0.026:5&docid=(scrubbed) 
03-29 18:48:47.873 25850 25930 E YT.qoe  : &fexp=
03-29 18:48:47.873 25850 25850 E YT.mlplayer: MedialibPlayer.stopVideo(), STOPPAGE_DIRECTOR_RESET_INTERNALLY
03-29 18:48:47.873   988 23726 I ASvc::AudioExtension: getDcHandler
03-29 18:48:47.874 25850 25925 D MediaCodec: keep callback message for reclaim
03-29 18:48:47.875   988 23726 I ASvc::DcHandler: setIsAnyPlaybackActive: false
03-29 18:48:47.875  2322  2322 W MediaPlayerWrapper: onPlaybackStateChanged(): com.google.android.youtube tried to update with no new data
03-29 18:48:47.875 25850 28033 I CCodecConfig: query failed after returning 18 values (BAD_INDEX)
03-29 18:48:47.876 22124 22262 I AiAiAdaptiveAudio: (REDACTED) updateState: enabledInSettings=%b, playbackState=%s
03-29 18:48:47.876 22124 22262 I AiAiAdaptiveAudio: stopMonitoring
03-29 18:48:47.876 22124 22262 I AiAiAdaptiveAudio: (REDACTED) Updating calibration state: %s -> %s
03-29 18:48:47.876  2322  2322 W MediaPlayerWrapper: onPlaybackStateChanged(): com.google.android.youtube tried to update with no new data
03-29 18:48:47.880  2133  3032 V WindowManagerShell: onTransitionReady(transaction=6786049798169)
03-29 18:48:47.881  2133  2159 V WindowManagerShell: onTransitionReady (#13103) android.os.BinderProxy@6ed9bd5: {id=13103 t=OPEN f=0x0 trk=0 r=[0@Point(0, 0)] c=[
03-29 18:48:47.881  2133  2159 V WindowManagerShell:         {m=OPEN f=NONE leash=Surface(name=Task=1359#136429)/@0x9872925 sb=Rect(0, 0 - 1080, 2424) eb=Rect(0, 0 - 1080, 2424) epz=Point(1080, 2424) d=0 taskParent=-1 winMode=1 userId=0},
03-29 18:48:47.881  2133  2159 V WindowManagerShell:         {m=TO_BACK f=NONE leash=Surface(name=Task=1341#135419)/@0x4b3fafa sb=Rect(0, 0 - 1080, 2424) eb=Rect(0, 0 - 1080, 2424) epz=Point(1080, 2424) d=0 taskParent=-1 winMode=1 userId=0}
03-29 18:48:47.881  2133  2159 V WindowManagerShell:     ]}
03-29 18:48:47.881  2133  2159 V ShellDesktopMode: DesktopModeLogger: taskInfo map after processing changes 0
03-29 18:48:47.881  2133  2159 D ShellDesktopMode: DesktopTaskChangeListener: onTaskMovingToBack for taskId=1341, displayId=0 - desktop not supported
03-29 18:48:47.881  2133  2159 D ShellDesktopMode: DesktopTaskChangeListener: onTaskOpening for taskId=1359, displayId=0 userId=0 currentUserId=0 parentTaskId=-1 isFreeform=false isActive=false isPinned=false
03-29 18:48:47.881  2133  2159 D ShellDesktopMode: DesktopTaskChangeListener: onTaskOpening for taskId=1359, displayId=0 - desktop not supported
03-29 18:48:47.881  2133  2159 V WindowManagerShell: Playing animation for (#13103) android.os.BinderProxy@6ed9bd5@0
03-29 18:48:47.881  2133  2159 D ShellSplitScreen: startAnimation: transition=13103 isSplitActive=false
03-29 18:48:47.881  2133  2159 V ShellRecents: RecentsTransitionHandler.startAnimation: no controller found
03-29 18:48:47.881  2133  2159 V ShellDesktopMode: DesktopMixedTransitionHandler: No pending desktop transition
03-29 18:48:47.881  2133  2159 V WindowManagerShell: Transition doesn't have explicit remote, search filters for match for {id=13103 t=OPEN f=0x0 trk=0 r=[0@Point(0, 0)] c=[{m=OPEN f=NONE leash=Surface(name=Task=1359#136429)/@0x9872925 sb=Rect(0, 0 - 1080, 2424) eb=Rect(0, 0 - 1080, 2424) epz=Point(1080, 2424) d=0 taskParent=-1 winMode=1 userId=0},{m=TO_BACK f=NONE leash=Surface(name=Task=1341#135419)/@0x4b3fafa sb=Rect(0, 0 - 1080, 2424) eb=Rect(0, 0 - 1080, 2424) epz=Point(1080, 2424) d=0 taskParent=-1 winMode=1 userId=0}]}
03-29 18:48:47.881  2133  2159 V WindowManagerShell:  Checking filter Pair{{types=[] flags=0x0] notFlags=0x0 checks=[{atype=undefined independent=true modes=[CLOSE,TO_BACK] flags=IN_TASK_WITH_EMBEDDED_ACTIVITY mustBeTask=false order=ANY topActivity=null launchCookie=null taskFragmentToken=android.os.BinderProxy@25e01fa windowingMode=undefined isCrossDisplayMove=false}]} RemoteTransition { remoteTransition = android.window.IRemoteTransition$Stub$Proxy@7fd33ab, appThread = android.app.IApplicationThread$Stub$Proxy@dcf4a08, debugName = overlayBackTransition, filter = null }}
03-29 18:48:47.881  2133  2159 V WindowManagerShell:  Checking filter Pair{{types=[] flags=0x0] notFlags=0x0 checks=[{atype=dream independent=true modes=[OPEN,TO_FRONT] flags=NONE mustBeTask=false order=ANY topActivity=null launchCookie=null windowingMode=undefined isCrossDisplayMove=false},{atype=home independent=true modes=[CLOSE,TO_BACK] flags=NONE mustBeTask=false order=ANY topActivity=null launchCookie=null windowingMode=undefined isCrossDisplayMove=false}]} RemoteTransition { remoteTransition = android.window.IRemoteTransition$Stub$Proxy@40125a1, appThread = android.app.IApplicationThread$Stub$Proxy@97a43c6, debugName = LauncherToDream, filter = null }}
03-29 18:48:47.881  2133  2159 V WindowManagerShell:  Checking filter Pair{{types=[] flags=0x0] notFlags=0x0 checks=[{atype=standard independent=false modes=[CHANGE] flags=NONE mustBeTask=true order=ANY topActivity=null launchCookie=null windowingMode=undefined isCrossDisplayMove=true}]} RemoteTransition { remoteTransition = android.window.IRemoteTransition$Stub$Proxy@ad95f87, appThread = android.app.IApplicationThread$Stub$Proxy@312feb4, debugName = QuickstepDisplayMove, filter = null }}
03-29 18:48:47.881  2133  2159 V WindowManagerShell:  Checking filter Pair{{types=[] flags=0x0] notFlags=0x100 checks=[{atype=home independent=true modes=[OPEN,TO_FRONT] flags=NONE mustBeTask=false order=ANY topActivity=ComponentInfo{com.google.android.apps.nexuslauncher/com.google.android.apps.nexuslauncher.NexusLauncherActivity} launchCookie=null windowingMode=undefined isCrossDisplayMove=false},{atype=standard independent=true modes=[CLOSE,TO_BACK] flags=NONE mustBeTask=false order=ANY topActivity=null launchCookie=null windowingMode=undefined isCrossDisplayMove=false},{NOT atype=undefined independent=true modes=[] flags=NONE mustBeTask=true order=ANY topActivity=null launchCookie=null customAnim=true windowingMode=undefined isCrossDisplayMove=false}]} RemoteTransition { remoteTransition = android.window.IRemoteTransition$Stub$Proxy@be97add, appThread = android.app.IApplicationThread$Stub$Proxy@9c6d652, debugName = QuickstepLaunchHome, filter = null }}
03-29 18:48:47.881  2133  2159 V WindowManagerShell:  Checking filter Pair{{types=[OPEN,TO_FRONT] flags=0x0] notFlags=0x0 checks=[{atype=standard independent=true modes=[OPEN,TO_FRONT] flags=NONE mustBeTask=true order=ANY topActivity=null launchCookie=null windowingMode=freeform isCrossDisplayMove=false}]} RemoteTransition { remoteTransition = android.window.IRemoteTransition$Stub$Proxy@d439aad, appThread = null, debugName = DesktopWindowLimitUnminimize, filter = null }}
03-29 18:48:47.881  2133  2159 V WindowManagerShell:  Delegate animation for (#13103) to null
03-29 18:48:47.881  2133  2159 V WindowManagerShell: start default transition animation, info = {id=13103 t=OPEN f=0x0 trk=0 r=[0@Point(0, 0)] c=[{m=OPEN f=NONE leash=Surface(name=Task=1359#136429)/@0x9872925 sb=Rect(0, 0 - 1080, 2424) eb=Rect(0, 0 - 1080, 2424) epz=Point(1080, 2424) d=0 taskParent=-1 winMode=1 userId=0},{m=TO_BACK f=NONE leash=Surface(name=Task=1341#135419)/@0x4b3fafa sb=Rect(0, 0 - 1080, 2424) eb=Rect(0, 0 - 1080, 2424) epz=Point(1080, 2424) d=0 taskParent=-1 winMode=1 userId=0}]}
03-29 18:48:47.881  2133  2159 V WindowManagerShell: loadAnimation: anim=android.view.animation.AnimationSet@5db487 animAttr=0x9 type=OPEN isEntrance=false
03-29 18:48:47.882 25850 25850 W WWTimeBarController: setScrubbing: no active timebar
03-29 18:48:47.883 25850 25850 W WWTimeBarController: setScrubbing: no active timebar
03-29 18:48:47.883 25850 25850 W WWTimeBarController: setScrubbing: no active timebar
03-29 18:48:47.884   501   501 D SurfaceFlinger: initiateModeChange 4619827677550801152 {mode={fps=120.00 Hz, modePtr={id=1, vsyncRate=120.00 Hz, peakRefreshRate=120.00 Hz}}, emitEvent=false, force=false}
03-29 18:48:47.885 25203 25203 I ForwardBroadcastListene: Receive forward intent: com.google.android.apps.pixel.dcservice.monitor.ACTION_MONITOR_MEDIA_PLAYBACK_STOPPED
03-29 18:48:47.885 25203 25203 I PowerSavingModeHandler: onReceive ACTION_MONITOR_MEDIA_PLAYBACK_STOPPED
03-29 18:48:47.885 25850 25850 W YTPL.mediasession: MediaSession setActive(false)
03-29 18:48:47.885  1580  4833 D MediaSessionService: onSessionPlaybackStateChanged: record=com.google.android.youtube/YouTube playerlib/571 (userId=0) playbackState=PlaybackState {state=STOPPED(1), position=0, buffered position=0, speed=1.0, updated=1389940225, actions=8192, custom actions=[], active item id=-1, error=null}
03-29 18:48:47.886  2322  2322 W MediaPlayerWrapper: onPlaybackStateChanged(): com.google.android.youtube tried to update with no new data
03-29 18:48:47.886 25203 25262 I PowerSavingModeHandler: shouldSwitchCodecToLowPower, isPowerSaveMode=false
03-29 18:48:47.886  2322  2322 W MediaPlayerWrapper: onPlaybackStateChanged(): com.google.android.youtube tried to update with no new data
03-29 18:48:47.886   505 16953 D hwc-display: setActiveConfigWithConstraints:: PrimaryDisplay config(37) test(0)
03-29 18:48:47.886  1580  1671 V WindowManager: Sent Transition (#13103) createdAt=03-29 18:48:47.839 via request=TransitionRequestInfo { type = OPEN, triggerTask = TaskInfo{userId=0 taskId=1359 effectiveUid=10385 displayId=0 isRunning=true baseIntent=Intent { flg=0x10000000 cmp=com.example.mybike/.MainActivity } baseActivity=ComponentInfo{com.example.mybike/com.example.mybike.MainActivity} topActivity=ComponentInfo{com.example.mybike/com.example.mybike.MainActivity} origActivity=null realActivity=ComponentInfo{com.example.mybike/com.example.mybike.MainActivity} realActivityIsAppLockEnabled=false numActivities=1 lastActiveTime=1389940186 supportsMultiWindow=true resizeMode=1 isResizeable=true minWidth=-1 minHeight=-1 defaultMinSize=220 token=WCT{RemoteToken{f068f7d Task{822e455 #1359 type=standard A=10385:com.example.mybike}}} topActivityType=1 pictureInPictureParams=null shouldDockBigOverlays=false launchIntoPipHostTaskId=-1 lastParentTaskIdBeforePip=-1 displayCutoutSafeInsets=Rect(0, 152 - 0, 0) topActivityInfo=ActivityInfo{d315e72 com.example.mybike.MainActivity} launchCookies=[] positionInParent=Point(0, 0) parentTaskId=-1 isFocused=false isVisible=false isVisibleRequested=false isTopActivityNoDisplay=false isSleeping=false locusId=null displayAreaFeatureId=1 isTopActivityTransparent=false isActivityStackTransparent=false lastNonFullscreenBounds=null leafTaskBoundsFromOptions= false capturedLink=null capturedLinkTimestamp=0 requestedVisibleTypes=503 topActivityRequestOpenInBrowserEducationTimestamp=0 appCompatTaskInfo=AppCompatTaskInfo { topActivityInSizeCompat=false isLeafTask= true eligibleForLetterboxEducation= false isLetterboxEducationEnabled= false isLetterboxDoubleTapEnabled= false eligibleForUserAspectRatioButton= false topActivityBoundsLetterboxed= false isFromLetterboxDoubleTap= false topActivityLetterboxVerticalPosition= -1 topActivityLetterboxHorizontalPosition= -1 topActivityLetterboxWidth=-1 topActivityLetterboxHeight=-1 topActivityAppBounds=Rect(0, 0 - 1080, 2424) isUserFullscreenOverrideEnabled=false isSystemFullscreenOverrideEnabled=false hasMinAspectRatioOverride=false topActivityLetterboxBounds=null topNonResizableActivityAspectRatio=-1.0} topActivityMainWindowFrame=null isAppBubble=false}, pipChange = null, remoteTransitionInfo = null, displayChange = null, requestedLocation = null, userChange = null, windowingLayerChange = null, fullscreenRequestChange = null, flags = 0, debugId = 13103 }
03-29 18:48:47.886  1580  1671 V WindowManager:     startWCT=WindowContainerTransaction { changes= {} hops= [] flags= 0 errorCallbackToken=null taskFragmentOrganizer=null }
03-29 18:48:47.886  1580  1671 V WindowManager:     info={id=13103 t=OPEN f=0x0 trk=0 r=[0@Point(0, 0)] c=[
03-29 18:48:47.886  1580  1671 V WindowManager:         {WCT{RemoteToken{f068f7d Task{822e455 #1359 type=standard A=10385:com.example.mybike}}} m=OPEN f=NONE leash=Surface(name=Task=1359#136429)/@0x2ec261a sb=Rect(0, 0 - 1080, 2424) eb=Rect(0, 0 - 1080, 2424) epz=Point(1080, 2424) d=0 taskParent=-1 winMode=1 userId=0},
03-29 18:48:47.886  1580  1671 V WindowManager:         {WCT{RemoteToken{f65c8ce Task{119aacc #1341 type=standard A=10198:com.google.android.youtube}}} m=TO_BACK f=NONE leash=Surface(name=Task=1341#135419)/@0x69dc682 sb=Rect(0, 0 - 1080, 2424) eb=Rect(0, 0 - 1080, 2424) epz=Point(1080, 2424) d=0 taskParent=-1 winMode=1 userId=0}
03-29 18:48:47.886  1580  1671 V WindowManager:     ]}
03-29 18:48:47.886 25850 25850 D BufferQueueProducer: About to force-disconnect API_MEDIA, mode=1
03-29 18:48:47.886   505 16953 I hwc-display: [PrimaryDisplay] setActiveConfigWithConstraints: config(37)
03-29 18:48:47.888 25203 25262 I PowerSavingModeHandler: maybeSwitchCodecForLeavingLowPower, no configured device
03-29 18:48:47.889  2133  2159 V WindowManagerShell: loadAnimation: anim=android.view.animation.AnimationSet@efcae9e animAttr=0x8 type=OPEN isEntrance=true
03-29 18:48:47.890  2133  2159 V WindowManagerShell:  animated by com.android.wm.shell.transition.DefaultTransitionHandler@6a81ffb
03-29 18:48:47.890  2133  2159 V ShellTaskOrganizer: Task appeared taskId=1359 listener=FullscreenTaskListener
03-29 18:48:47.890  2133  2159 V ShellTaskOrganizer: Fullscreen Task Appeared: #1359
03-29 18:48:47.891  2480  2480 D b/417220811: invalidateLoadedTasks - previous requestLoadId: -1
03-29 18:48:47.891 25203 25262 I PowerSavingModeHandler: maybeSwitchCodec completed
03-29 18:48:47.898 25850 28033 D SurfaceUtils: connecting to surface 0xb400007652d51e80, reason connectToSurface
03-29 18:48:47.899 25850 28033 I MediaCodec: [c2.google.av1.decoder] setting surface generation to 26470413
03-29 18:48:47.899 25850 28033 D SurfaceUtils: disconnecting from surface 0xb400007652d51e80, reason connectToSurface(reconnect)
03-29 18:48:47.899 25850 28033 D SurfaceUtils: connecting to surface 0xb400007652d51e70, reason connectToSurface(reconnect-with-listener)
03-29 18:48:47.899 25850 28033 D GraphicsTracker: new surface in configuration: maxDequeueRequested(0), maxDequeueCommitted(19)
03-29 18:48:47.899 25850 28033 D GraphicsTracker: new surface configured with id:111024904601616 gen:26470413 maxDequeue:19
03-29 18:48:47.899 25850 28033 D GraphicsTracker: maxDequeueCount is already 19
03-29 18:48:47.899 25850 28033 D Codec2Client: setOutputSurface -- generation=26470413 consumer usage=0x900
03-29 18:48:47.899 25850 28033 D SurfaceUtils: disconnecting from surface 0xb400007652c63510, reason disconnectFromSurface
03-29 18:48:47.899 25850 28033 E BufferQueueProducer: [7cea184 SurfaceView[com.google.android.youtube/com.google.android.youtube.app.honeycomb.Shell$HomeActivity]#7(BLAST Consumer)7](id:64fa0000000f,api:0,p:-1,c:25850) disconnect: not connected (req=3)
03-29 18:48:47.899 25850 28033 E Surface : [7cea184 SurfaceView[com.google.android.youtube/com.google.android.youtube.app.honeycomb.Shell$HomeActivity]#7(BLAST Consumer)7](id:64fa0000000f) Surface failed to disconnect. Cleaning up internals anyway. Error -19 (NO_INIT).
03-29 18:48:47.899 25850 28033 E SurfaceUtils: Failed to disconnect from surface 0xb400007652c63510, err -19
03-29 18:48:47.899 25850 28033 W MediaCodec: nativeWindowDisconnect returned an error: No such device (-19)
03-29 18:48:47.904  1254  1254 D AOC     : A3:MSG: tmd3733_device.cc, 3186: USF: TMD3733: vsync_delay_usec: 5800
03-29 18:48:47.909  5976 27978 D AdvertisingIdClient: AdvertisingIdClient already created.
03-29 18:48:47.910  5976 27978 D AdvertisingIdClient: AdvertisingIdClient is not bounded. Starting to bind it...
03-29 18:48:47.911  5976 27978 D AdvertisingIdClient: AdvertisingIdClient is bounded
03-29 18:48:47.912  5976 27978 I AdvertisingIdClient: shouldSendLog 1388972603
03-29 18:48:47.912  5976 27978 I AdvertisingIdClient: GetInfoInternal elapse 3ms
03-29 18:48:47.918  4987  4987 D BoundBrokerSvc: onRebind: Intent { act=com.google.android.gms.presencemanager.service.START dat=chimera-action:/... xflg=0x4 cmp=com.google.android.gms/.chimera.PersistentApiService }
03-29 18:48:47.919  4987  4987 D BoundBrokerSvc: onRebind: Intent { act=com.google.android.gms.presencemanager.service.INTERNAL_IDENTITY dat=chimera-action:/... xflg=0x4 cmp=com.google.android.gms/.chimera.PersistentApiService }
03-29 18:48:47.922 28095 28095 I .example.mybike: Using CollectorTypeCMC GC.
03-29 18:48:47.925  1269  1349 I adbd    : jdwp connection from 28095
03-29 18:48:47.928 28095 28095 D nativeloader: Load libframework-connectivity-tiramisu-jni.so using APEX ns com_android_tethering for caller /apex/com.android.tethering/javalib/framework-connectivity-t.jar: ok
03-29 18:48:47.935  1580  2088 D BackgroundInstallControlService: Package event received: 0
03-29 18:48:47.948  1580  4685 W JobScheduler: Job didn't exist in JobStore: 13217f0 #u0a121/-638764459 com.google.android.as.oss/com.google.android.gms.learning.internal.training.InAppJobService
03-29 18:48:47.953  2480  2480 D b/417220811: invalidateLoadedTasks - previous requestLoadId: -1
03-29 18:48:48.065   988 23726 D AHal::UseCase: SetActiveTracks: update deep-buffer-playback active tracks(0)
03-29 18:48:48.066   988 23726 I AHal::Waves::CustomAction: GetData: Custom Data: {2,0,1,0,}
03-29 18:48:48.066   988 23726 D AHal::ThirdPartyEffectAmcs: UpdateAMCSData: update volume index[0] duration 11812 ms.
03-29 18:48:48.066   988 23726 I AHal::Waves: UpdateTuning: update amcs instance id = Speaker, active_ms_in_vol_range = {11812,0,0,0,0,0,0,0,0,0}
03-29 18:48:48.066   988 23726 D AHal::Waves: UpdateTuning: update Device: speaker, InstanceId: 1, IsInitialize: true, NeedToUpdate: true, Parameters{is_bypass:false, MaxVolume: 0.0100232, ScreenOrientation: 0}, is_any_active_track_on_sink: false
03-29 18:48:48.066   988 23726 D BTAudioSessionAidl: GetSupportedLatencyModes - SessionType=LE_AUDIO_HARDWARE_OFFLOAD_ENCODING_DATAPATH has NO session
03-29 18:48:48.066   988 23726 D BTAudioSessionAidl: SetLatencyMode - SessionType=LE_AUDIO_HARDWARE_OFFLOAD_ENCODING_DATAPATH has NO session
03-29 18:48:48.066   988 23726 D BTAudioSessionAidl: GetSupportedLatencyModes - SessionType=A2DP_HARDWARE_OFFLOAD_ENCODING_DATAPATH has NO session
03-29 18:48:48.066   988 23726 D BTAudioSessionAidl: SetLatencyMode - SessionType=A2DP_HARDWARE_OFFLOAD_ENCODING_DATAPATH has NO session
03-29 18:48:48.066  1060  1649 W AudioFlinger: moveEffectChain_ll: effect chain for session 0 not on source thread 0xb400006fe6b0dfe8
03-29 18:48:48.163 28095 28095 D nativeloader: Configuring clns-9 for other apk /data/app/~~6wIMJnzc9gcGF-2TiFn6iQ==/com.example.mybike-vBJfT3Y3k4KEv6JCRiXoow==/base.apk. target_sdk_version=36, uses_libraries=, library_path=/data/app/~~6wIMJnzc9gcGF-2TiFn6iQ==/com.example.mybike-vBJfT3Y3k4KEv6JCRiXoow==/lib/arm64:/data/app/~~6wIMJnzc9gcGF-2TiFn6iQ==/com.example.mybike-vBJfT3Y3k4KEv6JCRiXoow==/base.apk!/lib/arm64-v8a, permitted_path=/data:/mnt/expand:/data/user/0/com.example.mybike
03-29 18:48:48.168 28095 28095 V GraphicsEnvironment: Currently set values for:
03-29 18:48:48.168 28095 28095 V GraphicsEnvironment:   angle_gl_driver_selection_pkgs=[com.android.angle]
03-29 18:48:48.168 28095 28095 V GraphicsEnvironment:   angle_gl_driver_selection_values=[angle]
03-29 18:48:48.168 28095 28095 V GraphicsEnvironment: com.example.mybike is not listed in per-application setting
03-29 18:48:48.168 28095 28095 V GraphicsEnvironment: No special selections for ANGLE, returning default driver choice
03-29 18:48:48.168 28095 28095 V GraphicsEnvironment: Neither updatable production driver nor prerelease driver is supported.
03-29 18:48:48.180  1580  1937 W AlarmManager: Unrecognized alarm listener com.android.server.usage.AppTimeLimitController$SessionUsageGroup@946e088
03-29 18:48:48.181  1580  2088 D BackgroundInstallControlService: Package event received: 0
03-29 18:48:48.181  1580  2088 D BackgroundInstallControlService: Package event received: 0
03-29 18:48:48.182 28095 28113 I DisplayManager: Choreographer implicitly registered for the refresh rate.
03-29 18:48:48.182  9587  9587 I pixel-thermal: VIRTUAL-USB-THROTTLING:0 raw data: USB-MINUS-CHARGER:-5832 VIRTUAL-USB-THROTTLING:0 charging_therm:39251 usb_pwr_therm:33419 
03-29 18:48:48.183  9587  9587 I pixel-thermal: VIRTUAL-SKIN-CHARGE-WLC:35.6008 raw data: VIRTUAL-SKIN-CHARGE-WLC:35600.8 charging_therm:39251 soc_therm:40520 usb_pwr_therm:33419 
03-29 18:48:48.183  9587  9587 I pixel-thermal: quiet_therm:37.337 raw data: quiet_therm:37337 
03-29 18:48:48.183 28095 28113 D vulkan  : searching for layers in '/data/app/~~6wIMJnzc9gcGF-2TiFn6iQ==/com.example.mybike-vBJfT3Y3k4KEv6JCRiXoow==/lib/arm64'
03-29 18:48:48.183 28095 28113 D vulkan  : searching for layers in '/data/app/~~6wIMJnzc9gcGF-2TiFn6iQ==/com.example.mybike-vBJfT3Y3k4KEv6JCRiXoow==/base.apk!/lib/arm64-v8a'
03-29 18:48:48.183  9587  9587 I pixel-thermal: VIRTUAL-SKIN-CHARGE:35.6044 raw data: VIRTUAL-SKIN-CHARGE:35604.4 VIRTUAL-SKIN-CHARGE-SUB-0:35293.7 VIRTUAL-SKIN-CHARGE-SUB-1:35604.4 btmspkr_therm:33397 charging_therm:39251 disp_therm:33731 north_therm:37849 quiet_therm:37337 rfpa_therm:37582 soc_therm:40520 usb_pwr_therm:33419 
03-29 18:48:48.183  9587  9587 I pixel-thermal: usb_pwr_therm:33.419 raw data: usb_pwr_therm:33419 
03-29 18:48:48.184  9587  9587 I pixel-thermal: VIRTUAL-SKIN-SPEAKER-MODEL: model_input: [35200.00 33397.00 39251.00 33731.00 37849.00 37337.00 37582.00 40520.00 33419.00 ]
03-29 18:48:48.184  9587  9587 I native  : I0000 00:00:1774781328.184281    9587 thermal_tflite_wrapper.cc:261] ThermalTfliteInvoke
03-29 18:48:48.184  9587  9587 I pixel-thermal: VIRTUAL-SKIN-SPEAKER-MODEL: model_output: [33982.3 ]
03-29 18:48:48.184  9587  9587 I pixel-thermal: VIRTUAL-SKIN-SPEAKER-MODEL: predicted_value: [33982.3 ]
03-29 18:48:48.185  9587  9587 I pixel-thermal: cellular-emergency:35.5692 raw data: VIRTUAL-SKIN:35569.2 VIRTUAL-SKIN-LEGACY:36078.6 VIRTUAL-SKIN-LEGACY-MODEL-DIFF:436.652 VIRTUAL-SKIN-LEGACY-SHUTDOWN:0 VIRTUAL-SKIN-MODEL:35641.9 VIRTUAL-SKIN-MODEL-CLAMPED:35641.9 VIRTUAL-SKIN-MODEL-LEGACY-DIFF:-436.652 VIRTUAL-SKIN-MODEL-UPDATED:35569.2 VIRTUAL-SKIN-MODEL-UPPER-CLAMPED:35641.9 VIRTUAL-SKIN-SUB-0:35386.5 VIRTUAL-SKIN-SUB-1:35370 VIRTUAL-SKIN-SUB-2:36033.9 VIRTUAL-SKIN-SUB-3:36078.6 VIRTUAL-SKIN-SUB-4:35098.7 VT_LEGACY_WEIGHT:0 VT_MODEL_WEIGHT:1 battery:35200 btmspkr_therm:33397 cellular-emergency:35569.2 charging_therm:39251 disp_therm:33731 north_therm:37849 quiet_therm:37337 rfpa_therm:37582 soc_therm:40520 usb_pwr_therm:33419 
03-29 18:48:48.185  9587  9587 I pixel-thermal: VIRTUAL-SKIN-SPEAKER:33.7268 raw data: VIRTUAL-SKIN-SPEAKER:33726.8 VIRTUAL-SKIN-SPEAKER-MODEL:33982.3 
03-29 18:48:48.185  9587  9587 I pixel-thermal: VIRTUAL-SKIN-ODPM-MODEL: model_input: [37582.00 37337.00 39251.00 33419.00 33397.00 33731.00 37849.00 40520.00 35200.00 1357.94 10.03 347.82 47.56 2.61 101.93 ]
03-29 18:48:48.185  9587  9587 I native  : I0000 00:00:1774781328.185250    9587 thermal_tflite_wrapper.cc:261] ThermalTfliteInvoke
03-29 18:48:48.185  1580  1672 W AppWarnings: Showing PageSizeMismatchDialog for package com.example.mybike
03-29 18:48:48.185  9587  9587 I pixel-thermal: VIRTUAL-SKIN-ODPM-MODEL: model_output: [34126.1 ]
03-29 18:48:48.185  9587  9587 I pixel-thermal: VIRTUAL-SKIN-ODPM-MODEL: predicted_value: [34126.1 ]
03-29 18:48:48.185  9587  9587 I pixel-thermal: btmspkr_therm:33.397 raw data: btmspkr_therm:33397 
03-29 18:48:48.185  9587  9587 I pixel-thermal: CPU_THROTTLE_SEVERE:0 raw data: CPU_THROTTLE_SEVERE:0 
03-29 18:48:48.185  9587  9587 I pixel-thermal: VIRTUAL-SKIN:35.5692 raw data: VIRTUAL-SKIN:35569.2 
03-29 18:48:48.185  9587  9587 I pixel-thermal: CPU_THROTTLE_SEVERE:0 raw data: CPU_THROTTLE_SEVERE:0 
03-29 18:48:48.185  9587  9587 I pixel-thermal: VIRTUAL-SKIN-DISPLAY:35.5692 raw data: VIRTUAL-SKIN:35569.2 VIRTUAL-SKIN-DISPLAY:35569.2 
03-29 18:48:48.185  9587  9587 I pixel-thermal: VIRTUAL-USB-UI:0 raw data: USB-MINUS-CHARGER:-5832 VIRTUAL-USB-UI:0 usb_pwr_therm:33419 
03-29 18:48:48.185  9587  9587 I pixel-thermal: rfpa_therm:37.582 raw data: rfpa_therm:37582 
03-29 18:48:48.185  9587  9587 I pixel-thermal: battery:35.2 raw data: battery:35200 
03-29 18:48:48.186  9587  9587 I pixel-thermal: north_therm:37.849 raw data: north_therm:37849 
03-29 18:48:48.186  9587  9587 I pixel-thermal: charging_therm:39.251 raw data: charging_therm:39251 
03-29 18:48:48.186  9587  9587 I pixel-thermal: disp_therm:33.731 raw data: disp_therm:33731 
03-29 18:48:48.186  9587  9587 I pixel-thermal: soc_therm:40.52 raw data: soc_therm:40520 
03-29 18:48:48.187 28095 28095 D DesktopExperienceFlags: Toggle override initialized to: false
03-29 18:48:48.190  1580  1672 D WindowOnBackDispatcher: setTopOnBackInvokedCallback (unwrapped): android.app.Dialog$$ExternalSyntheticLambda2@c10a294
03-29 18:48:48.191  1580  1672 D CoreBackPreview: Window{363c6c9 u0 android}: Setting back callback OnBackInvokedCallbackInfo{mCallback=android.window.WindowOnBackInvokedDispatcher$OnBackInvokedCallbackWrapper@716813d, mPriority=-1, mIsAnimationCallback=false, mOverrideBehavior=0}
03-29 18:48:48.204 28095 28095 D nativeloader: Load /data/app/~~6wIMJnzc9gcGF-2TiFn6iQ==/com.example.mybike-vBJfT3Y3k4KEv6JCRiXoow==/base.apk!/lib/arm64-v8a/libmaplibre.so using class loader ns clns-9 (caller=/data/app/~~6wIMJnzc9gcGF-2TiFn6iQ==/com.example.mybike-vBJfT3Y3k4KEv6JCRiXoow==/base.apk!classes5.dex): ok
03-29 18:48:48.218 28095 28095 D CompatChangeReporter: Compat change id reported: 377864165; UID 10385; state: ENABLED
03-29 18:48:48.218 28095 28095 D DesktopModeFlags: Toggle override initialized to: OVERRIDE_UNSET
03-29 18:48:48.260 28095 28095 I ContentCaptureHelper: Setting logging level to OFF
03-29 18:48:48.266  1254  1254 D AOC     : F1:MSG: controller.cc, 275: AudioOutCtrl: cmd ID: 0x00d3, tag: 0xdf [cntr = 56465]
03-29 18:48:48.266  1254  1254 D AOC     : F1:Prot: get left re: 0x2ecaec
03-29 18:48:48.267   988  1621 I AHal::Tas25xxHealth: GetImpedances: speaker [0] impedance: 5.84908 Ohms
03-29 18:48:48.267  1254  1254 D AOC     : F1:MSG: controller.cc, 919: AudioOutCtrl: ipc: audio_output_tu, cmd ID: 0x00d3, tag: 0x43, rc: 0
03-29 18:48:48.267   988  1621 I AHal::Tas25xxHealth: GetImpedances: speaker [1] impedance: 7.01178 Ohms
03-29 18:48:48.267  1254  1254 D AOC     : F1:MSG: controller.cc, 275: AudioOutCtrl: cmd ID: 0x00d3, tag: 0xe0 [cntr = 56466]
03-29 18:48:48.267  1254  1254 D AOC     : F1:Prot: get right re: 0x381821
03-29 18:48:48.268   988  1621 I AHal::Tas25xxHealth: GetTemperatures: speaker [0] temperature: 26.189 Celsius
03-29 18:48:48.268   988  1621 I AHal::Tas25xxHealth: GetTemperatures: speaker [1] temperature: 25.9404 Celsius
03-29 18:48:48.270  1254  1254 D AOC     : F1:MSG: controller.cc, 919: AudioOutCtrl: ipc: audio_output_tu, cmd ID: 0x00d3, tag: 0x44, rc: 0
03-29 18:48:48.270  1254  1254 D AOC     : F1:MSG: controller.cc, 275: AudioOutCtrl: cmd ID: 0x00d3, tag: 0xe1 [cntr = 56467]
03-29 18:48:48.270  1254  1254 D AOC     : F1:Prot: get left temp: 0xd18326
03-29 18:48:48.270  1254  1254 D AOC     : F1:MSG: controller.cc, 919: AudioOutCtrl: ipc: audio_output_tu, cmd ID: 0x00d3, tag: 0x45, rc: 0
03-29 18:48:48.270  1254  1254 D AOC     : F1:MSG: controller.cc, 275: AudioOutCtrl: cmd ID: 0x00d3, tag: 0xe2 [cntr = 56468]
03-29 18:48:48.270  1254  1254 D AOC     : F1:Prot: get right temp: 0xcf85f8
03-29 18:48:48.271  1254  1254 D AOC     : F1:MSG: controller.cc, 919: AudioOutCtrl: ipc: audio_output_tu, cmd ID: 0x00d3, tag: 0x46, rc: 0
03-29 18:48:48.279 28095 28095 D WindowOnBackDispatcher: setTopOnBackInvokedCallback (unwrapped): android.app.Activity$$ExternalSyntheticLambda0@e32f711
03-29 18:48:48.279  1580  4764 D CoreBackPreview: Window{7d8faf4 u0 com.example.mybike/com.example.mybike.MainActivity}: Setting back callback OnBackInvokedCallbackInfo{mCallback=android.window.IOnBackInvokedCallback$Stub$Proxy@7241fde, mPriority=-1, mIsAnimationCallback=false, mOverrideBehavior=0}
03-29 18:48:48.331  9587  9598 I pixel-thermal: charging_therm:39.251 raw data: charging_therm:39251 
03-29 18:48:48.331  9587  9598 I pixel-thermal: VIRTUAL-SKIN-CHARGE:35.6044 raw data: VIRTUAL-SKIN-CHARGE:35604.4 
03-29 18:48:48.332  9587  9598 I pixel-thermal: VIRTUAL-SKIN-CHARGE power_budget=3928.63 err=2.39564 s_power=2527 time_elapsed_ms=7017 p=285.081 i=1302 d=-0 dt_per_min=nan compensation=0 budget transient=0 control target=2 excluded power budget=185.452 (PARTIAL_SYSTEM_POWER: 1545.44 mW, cdev_weight: 0.120000)
03-29 18:48:48.332  9587  9598 I pixel-thermal: VIRTUAL-SKIN-CHARGE-WLC:35.6008 raw data: VIRTUAL-SKIN-CHARGE-WLC:35600.8 
03-29 18:48:48.332  9587  9598 I pixel-thermal: VIRTUAL-SKIN-CHARGE-WLC power_budget=3591.5 err=5.39925 s_power=1383 time_elapsed_ms=7017 p=1150.04 i=1383 d=-0 dt_per_min=nan compensation=0 budget transient=0 control target=2 excluded power budget=324.542 (PARTIAL_SYSTEM_POWER: 1545.44 mW, cdev_weight: 0.210000)
03-29 18:48:48.338 28095 28095 I .example.mybike: hiddenapi: Accessing hidden method Landroid/os/SystemProperties;->addChangeCallback(Ljava/lang/Runnable;)V (runtime_flags=0, domain=platform, api=unsupported) from Landroidx/compose/ui/platform/AndroidComposeView$Companion; (domain=app, TargetSdkVersion=36) using reflection: allowed
03-29 18:48:48.342 28095 28095 E VibratorInfo: Invalid frequency profile received from HAL. resonantFrequencyHz=161.10168, frequenciesHz=null, outputAccelerationsGs=null
03-29 18:48:48.363 28095 28095 D VRI[MainActivity]: WindowInsets changed: 1080x2424 statusBars:[0,152,0,0] navigationBars:[0,0,0,63] mandatorySystemGestures:[0,184,0,84] 
03-29 18:48:48.376 28095 28095 I .example.mybike: hiddenapi: Accessing hidden field Landroid/graphics/Typeface;->sSystemFontMap:Ljava/util/Map; (runtime_flags=0, domain=platform, api=unsupported) from Lorg/maplibre/android/utils/FontUtils; (domain=app, TargetSdkVersion=36) using reflection: allowed
03-29 18:48:48.397 28095 28142 I Mbgl-EGLConfigChooser: In emulator: false
03-29 18:48:48.407  2133  2159 V WindowManagerShell: Transition animation finished (aborted=false), notifying core (#13103) android.os.BinderProxy@6ed9bd5@0
03-29 18:48:48.410 25850 25850 D VRI[Shell$HomeActivity]: visibilityChanged oldVisibility=true newVisibility=false
03-29 18:48:48.410  1580  1671 V WindowManager: Finish Transition (#13103): created at 03-29 18:48:47.839 collect-started=0.142ms request-sent=8.163ms started=11.729ms ready=37.788ms sent=39.162ms commit=22.427ms finished=571.232ms
03-29 18:48:48.411  2133  2159 V WindowManagerShell: Track 0 became idle
03-29 18:48:48.411  2133  2159 V WindowManagerShell: All active transition animations finished
03-29 18:48:48.414  1580  2103 W ImageReader_JNI: Unable to acquire a buffer item, very likely client tried to acquire more than maxImages buffers
03-29 18:48:48.420 28095 28154 I Mbgl    : {GLThread 1876}[General]: GPU Identifier: Mali-G715
03-29 18:48:48.422  9587  9598 I pixel-thermal: soc_therm:40.52 raw data: soc_therm:40520 
03-29 18:48:48.422  1580  1671 I ActivityTaskManager: Displayed com.example.mybike/.MainActivity for user 0: +593ms
03-29 18:48:48.424  1580  1946 D ActivityManager: freezing 27287 com.google.android.odad
03-29 18:48:48.427  1580  2042 D InetDiagMessage: Destroyed 0 sockets, proto=IPPROTO_TCP, family=AF_INET, states=14
03-29 18:48:48.428  1580  2042 D InetDiagMessage: Destroyed 0 sockets, proto=IPPROTO_TCP, family=AF_INET6, states=14
03-29 18:48:48.428  1580  2042 D InetDiagMessage: Destroyed live tcp sockets for uids={10162} in 2ms
03-29 18:48:48.449  1580  1671 D HintManagerService: Sent cleanup message for uid 10198
03-29 18:48:48.453 25850 25850 E YT.mlplayer: MedialibPlayer.setForegroundMode(false)
03-29 18:48:48.460 25850 25850 D WindowOnBackDispatcher: setTopOnBackInvokedCallback (unwrapped): android.app.Activity$$ExternalSyntheticLambda0@521e9ec
03-29 18:48:48.460  1580  4764 D CoreBackPreview: Window{4b32f9d u0 com.google.android.youtube/com.google.android.youtube.app.honeycomb.Shell$HomeActivity}: Setting back callback OnBackInvokedCallbackInfo{mCallback=android.window.IOnBackInvokedCallback$Stub$Proxy@6a19390, mPriority=-1, mIsAnimationCallback=false, mOverrideBehavior=0}
03-29 18:48:48.466 25850 25850 I AutofillManager: onInvisibleForAutofill(): expiringResponse
03-29 18:48:48.469 25850 25850 E YT.mlplayer: MedialibPlayer.setMediaView(null)
03-29 18:48:48.473  1021  1668 D usf_sensor_hal: accelerometer: Enter Batch. Period = 200000000, latency = 2000000000.
03-29 18:48:48.474  1021  1668 D usf_sensor_hal: IMU temperature: Enter Batch. Period = 533334000, latency = 2000000000.
03-29 18:48:48.475  1254  1254 D AOC     : A3:MSG: usf_sensor.cc, 2512: USF: Received reconfig sampling request for LSM6DSV Accelerometer.
03-29 18:48:48.476  1254  1254 D AOC     : A3:MSG: usf_sensor.cc, 2512: USF: Received reconfig sampling request for LSM6DSV Temperature.
03-29 18:48:48.477  1021  1740 I sensor-suez: Vendor atom [id = 100243] reported.
03-29 18:48:48.486  4987 28072 I FusedLocation: (REDACTED) stationary throttling engaged @%s
03-29 18:48:48.487  1021  1668 D usf_sensor_hal: rotation vector: Enter Batch. Period = 100000000, latency = 0.
03-29 18:48:48.487  1021  1740 I sensor-suez: Vendor atom [id = 100243] reported.
03-29 18:48:48.488  1021  1668 D usf_sensor_hal: rotation vector: Enter Activate. Enable = 1.
03-29 18:48:48.488  1254  1254 D AOC     : A3:MSG: usf_sensor.cc, 1866: USF: Received start sampling request for Rotation Vector Sensor (active:1).
03-29 18:48:48.489  1254  1254 D AOC     : A3:MSG: vsc_sensor.cc, 37: VSC: [Rotation Vector Sensor] enable: period 100000000, latency = 0
03-29 18:48:48.489  1254  1254 D AOC     : A3:MSG: usf_vsc_log.cc, 69: VSC: {Fusion} configure fusion 11 100000us 0us.
03-29 18:48:48.490  1254  1254 D AOC     : A3:MSG: usf_sensor.cc, 1866: USF: Received start sampling request for LSM6DSV Accelerometer (active:4).
03-29 18:48:48.490  1254  1254 D AOC     : A3:MSG: usf_sensor.cc, 1866: USF: Received start sampling request for LSM6DSV Gyroscope (active:2).
03-29 18:48:48.491  1254  1254 D AOC     : A3:MSG: lsm6dsv_device.cc, 732: USF: Lsm6dsvDevice: Sensor 1: Enabled 1, odr_index 7, period_ns 5000000.
03-29 18:48:48.492  1254  1254 D AOC     : A3:MSG: lsm6dsv_fifo.cc, 755: USF: Lsm6dsvFifo: ODR: XL/G/T/TS: 60/240/15/30 WM: 1 Intr: 240.
03-29 18:48:48.492  1254  1254 D AOC     : A3:MSG: lsm6dsv_device.cc, 641: USF: Lsm6dsvDevice: Fifo was disabled for 469075ns.
03-29 18:48:48.492  1254  1254 D AOC     : A3:MSG: usf_sensor.cc, 1866: USF: Received start sampling request for MMC5616 Magnetometer (active:2).
03-29 18:48:48.493  1254  1254 D AOC     : A3:MSG: mmc5616_device.cc, 448: USF: MMC56160: mmc5616_enable_measure odr = 50.
03-29 18:48:48.493  4987  4987 W DiscoveryManager: BroadcastReceiver is already registered
03-29 18:48:48.493  4987 27833 I DiscoveryManager: Discovery state (DiscoveryState{filterCriteria=[%urn:x-cast:com.google.cast.media, CFE7FEDA], categoryToCriteria={com.google.android.gms.cast.CATEGORY_CAST//urn:x-cast:com.google.cast.media//ALLOW_IPV6=[%urn:x-cast:com.google.cast.media], com.google.android.gms.cast.CATEGORY_CAST/CFE7FEDA/urn:x-cast:com.google.cast.media//ALLOW_IPV6=[CFE7FEDA, %urn:x-cast:com.google.cast.media]}, activeScan=false, activeScanWithScreenOff=false, discoveryRequestSupportsDynamicSession=false})
03-29 18:48:48.494  1254  1254 D AOC     : A3:MSG: vsc_controller.cc, 738: VSC: [Rotation Vector Sensor] requestSensorBiasEvents: sensor 0x10002, enable 1.
03-29 18:48:48.494  1021  1740 I sensor-suez: Vendor atom [id = 100242] reported.
03-29 18:48:48.494  1021  1740 I sensor-suez: Vendor atom [id = 100243] reported.
03-29 18:48:48.495  4987  4987 I CastMediaRouteProvider: Published 3 routes
03-29 18:48:48.498 25850 25850 W AxMediaRouter: Ignoring null provider descriptor from ComponentInfo{com.google.android.gms/com.google.android.gms.cast.media.CastMediaRoute2ProviderService_Persistent}
03-29 18:48:48.499  1580  2088 D BackgroundInstallControlService: Package event received: 0
03-29 18:48:48.505  1580  2045 I serviceDiscovery: [MdnsDiscoveryManager] Unregistering listener for serviceType:_googlecast._tcp.local
03-29 18:48:48.506  1580  2045 I serviceDiscovery: [MdnsDiscoveryManager] Unregistering listener for serviceType:_googlecast._tcp.local
03-29 18:48:48.506  1580  4833 I WifiService: releaseMulticastLock uid=10147 lockTag=MdnsServiceBrowserImpl
03-29 18:48:48.506  1580  2045 I serviceDiscovery: [MdnsDiscoveryManager] Unregistering listener for serviceType:_googlecast._tcp.local
03-29 18:48:48.506  1580  2045 I serviceDiscovery: [MdnsDiscoveryManager] Unregistering listener for serviceType:_googlecast._tcp.local
03-29 18:48:48.506  1580  2045 I serviceDiscovery: [MdnsDiscoveryManager] Unregistering listener for serviceType:_googlecast._tcp.local
03-29 18:48:48.507  1580  2045 I serviceDiscovery: [MdnsDiscoveryManager] Unregistering listener for serviceType:_googlecast._tcp.local
03-29 18:48:48.507  1580  4833 I WifiService: acquireMulticastLock uid=10147 lockTag=MdnsServiceBrowserImpl
03-29 18:48:48.507  4987 28072 I FusedLocation: (REDACTED) stationary throttling engaged @%s
03-29 18:48:48.509  1580  2045 E NsdService: id 12362 for 30 has no client mapping
03-29 18:48:48.514  4987  5010 I MdnsServiceBrowser: (REDACTED) registering %s
03-29 18:48:48.514  1580  2045 I serviceDiscovery: [MdnsDiscoveryManager] Registering listener for serviceType: _googlecast._tcp.local
03-29 18:48:48.517  4987 28072 I FusedLocation: (REDACTED) stationary throttling engaged @%s
03-29 18:48:48.524  1580  2045 I serviceDiscovery: [MdnsDiscoveryManager] Registering listener for serviceType: _googlecast._tcp.local
03-29 18:48:48.529  1580  2045 I serviceDiscovery: [MdnsDiscoveryManager] Registering listener for serviceType: _googlecast._tcp.local
03-29 18:48:48.536  1580  2045 I serviceDiscovery: [MdnsDiscoveryManager] Registering listener for serviceType: _googlecast._tcp.local
03-29 18:48:48.542  1580  2045 I serviceDiscovery: [MdnsDiscoveryManager] Registering listener for serviceType: _googlecast._tcp.local
03-29 18:48:48.562  1021  1740 I sensor-suez: Vendor atom [id = 100245] reported.
03-29 18:48:48.579  9587  9598 I pixel-thermal: rfpa_therm:37.582 raw data: rfpa_therm:37582 
03-29 18:48:48.596  4987  4987 I CastMediaRouteProvider: Published 3 routes
03-29 18:48:48.627 28095 28142 I HWUI    : Using FreeType backend (prop=Auto)
03-29 18:48:48.655 28095 28103 I .example.mybike: Compiler allocated 5038KB to compile void android.view.ViewRootImpl.performTraversals()
03-29 18:48:48.780  4987  5109 I FontLog : (REDACTED) Received query %s, URI %s
03-29 18:48:48.780  4987  5109 I FontLog : (REDACTED) Query [%s] resolved to %s
03-29 18:48:48.784  4987  5109 I FontLog : (REDACTED) Fetch %s end status %s
